Archive member included to satisfy reference by file (symbol)

D:\work folder\NithinGit\Nithin_ADCModule\libs\libpower_hardabi.a(fsl_power_lib.o)
                              ./drivers/fsl_clock.o (POWER_SetVoltageForFreq)
D:\work folder\NithinGit\Nithin_ADCModule\emwin\emWin_library\MCUXpresso\libemWin_M4F.a(GUIDRV_Lin_16.o)
                              ./board/emwin_support.o (GUIDRV_Lin_16_API)
D:\work folder\NithinGit\Nithin_ADCModule\emwin\emWin_library\MCUXpresso\libemWin_M4F.a(WM.o)
                              ./source/LPC54618J512_DG400_1.o (WM_Exec)
D:\work folder\NithinGit\Nithin_ADCModule\emwin\emWin_library\MCUXpresso\libemWin_M4F.a(WM_Touch.o)
                              D:\work folder\NithinGit\Nithin_ADCModule\emwin\emWin_library\MCUXpresso\libemWin_M4F.a(WM.o) (WM__aCHWinMouseOver)
D:\work folder\NithinGit\Nithin_ADCModule\emwin\emWin_library\MCUXpresso\libemWin_M4F.a(WM__Private.o)
                              D:\work folder\NithinGit\Nithin_ADCModule\emwin\emWin_library\MCUXpresso\libemWin_M4F.a(WM_Touch.o) (WM__IsAncestor)
D:\work folder\NithinGit\Nithin_ADCModule\emwin\emWin_library\MCUXpresso\libemWin_M4F.a(WM_Lib.o)
                              D:\work folder\NithinGit\Nithin_ADCModule\emwin\emWin_library\MCUXpresso\libemWin_M4F.a(WM.o) (WM_GetFirstChild)
D:\work folder\NithinGit\Nithin_ADCModule\emwin\emWin_library\MCUXpresso\libemWin_M4F.a(WM_PID__GetPrevState.o)
                              D:\work folder\NithinGit\Nithin_ADCModule\emwin\emWin_library\MCUXpresso\libemWin_M4F.a(WM_Touch.o) (WM_PID__SetPrevState)
D:\work folder\NithinGit\Nithin_ADCModule\emwin\emWin_library\MCUXpresso\libemWin_M4F.a(F32_ASCII.o)
                              ./source/LPC54618J512_DG400_1.o (GUI_Font32_ASCII)
D:\work folder\NithinGit\Nithin_ADCModule\emwin\emWin_library\MCUXpresso\libemWin_M4F.a(F6x8.o)
                              ./board/emwin_support.o (GUI_Font6x8)
D:\work folder\NithinGit\Nithin_ADCModule\emwin\emWin_library\MCUXpresso\libemWin_M4F.a(GUI_Device.o)
                              D:\work folder\NithinGit\Nithin_ADCModule\emwin\emWin_library\MCUXpresso\libemWin_M4F.a(WM_Touch.o) (GUI_DEVICE__GetpDriver)
D:\work folder\NithinGit\Nithin_ADCModule\emwin\emWin_library\MCUXpresso\libemWin_M4F.a(GUI__Private.o)
                              D:\work folder\NithinGit\Nithin_ADCModule\emwin\emWin_library\MCUXpresso\libemWin_M4F.a(WM.o) (GUI__IntersectRect)
D:\work folder\NithinGit\Nithin_ADCModule\emwin\emWin_library\MCUXpresso\libemWin_M4F.a(GUI_OnKey.o)
                              D:\work folder\NithinGit\Nithin_ADCModule\emwin\emWin_library\MCUXpresso\libemWin_M4F.a(WM.o) (GUI_StoreKey)
D:\work folder\NithinGit\Nithin_ADCModule\emwin\emWin_library\MCUXpresso\libemWin_M4F.a(LCD_Set.o)
                              ./board/emwin_support.o (LCD_SetSizeEx)
D:\work folder\NithinGit\Nithin_ADCModule\emwin\emWin_library\MCUXpresso\libemWin_M4F.a(LCD_Mirror.o)
                              D:\work folder\NithinGit\Nithin_ADCModule\emwin\emWin_library\MCUXpresso\libemWin_M4F.a(GUIDRV_Lin_16.o) (LCD_aMirror)
D:\work folder\NithinGit\Nithin_ADCModule\emwin\emWin_library\MCUXpresso\libemWin_M4F.a(GUI_Task.o)
                              D:\work folder\NithinGit\Nithin_ADCModule\emwin\emWin_library\MCUXpresso\libemWin_M4F.a(WM.o) (GUI_Unlock)
D:\work folder\NithinGit\Nithin_ADCModule\emwin\emWin_library\MCUXpresso\libemWin_M4F.a(LCD.o)
                              D:\work folder\NithinGit\Nithin_ADCModule\emwin\emWin_library\MCUXpresso\libemWin_M4F.a(WM.o) (LCD_SetClipRectMax)
D:\work folder\NithinGit\Nithin_ADCModule\emwin\emWin_library\MCUXpresso\libemWin_M4F.a(GUI_UC.o)
                              D:\work folder\NithinGit\Nithin_ADCModule\emwin\emWin_library\MCUXpresso\libemWin_M4F.a(GUI__Private.o) (GUI_UC__GetCharCodeInc)
D:\work folder\NithinGit\Nithin_ADCModule\emwin\emWin_library\MCUXpresso\libemWin_M4F.a(GUI_Time.o)
                              ./source/LPC54618J512_DG400_1.o (GUI_Delay)
D:\work folder\NithinGit\Nithin_ADCModule\emwin\emWin_library\MCUXpresso\libemWin_M4F.a(LCD_GetEx.o)
                              D:\work folder\NithinGit\Nithin_ADCModule\emwin\emWin_library\MCUXpresso\libemWin_M4F.a(GUIDRV_Lin_16.o) (LCD_GetMirrorXEx)
D:\work folder\NithinGit\Nithin_ADCModule\emwin\emWin_library\MCUXpresso\libemWin_M4F.a(GUI_SelectLayer.o)
                              D:\work folder\NithinGit\Nithin_ADCModule\emwin\emWin_library\MCUXpresso\libemWin_M4F.a(WM_Touch.o) (GUI_GetLayerPosEx)
D:\work folder\NithinGit\Nithin_ADCModule\emwin\emWin_library\MCUXpresso\libemWin_M4F.a(LCD_SetClipRectEx.o)
                              D:\work folder\NithinGit\Nithin_ADCModule\emwin\emWin_library\MCUXpresso\libemWin_M4F.a(WM.o) (LCD_SetClipRectEx)
D:\work folder\NithinGit\Nithin_ADCModule\emwin\emWin_library\MCUXpresso\libemWin_M4F.a(GUI_CharP.o)
[...]
Memory Configuration

Name             Origin             Length             Attributes
PROGRAM_FLASH    0x00000000         0x00080000         xr
SRAM_UPPER       0x20000000         0x00028000         xrw
SRAMX            0x04000000         0x00008000         xrw
USB_RAM          0x40100000         0x00002000         xrw
SD_RAM_262144    0xa0000000         0x02000000         xrw
RAM_00           0x80000000         0x00800000         xrw
RAM_01           0x88000000         0x04000000         xrw
RAM_02           0x90000000         0x04000000         xrw
RAM_03           0x98000000         0x04000000         xrw
*default*        0x00000000         0xffffffff

Linker script and memory map

                0xa0000000                __user_heap_base = __end_bss_RAM4
                0xa05d4c00                _pvHeapLimit = (__end_bss_RAM4 + 0x400000)
LOAD ./startup/startup_lpc54618.o
LOAD ./source/LPC54618J512_DG400_1.o
LOAD ./source/semihost_hardfault.o
LOAD ./drivers/fsl_clock.o
LOAD ./drivers/fsl_common.o
LOAD ./drivers/fsl_ctimer.o
LOAD ./drivers/fsl_dmic.o
LOAD ./drivers/fsl_emc.o
LOAD ./drivers/fsl_gpio.o
LOAD ./drivers/fsl_lcdc.o
LOAD ./drivers/fsl_power.o
LOAD ./drivers/fsl_reset.o
LOAD ./drivers/fsl_sctimer.o
LOAD ./device/system_LPC54618.o
LOAD ./board/board.o
LOAD ./board/clock_config.o
LOAD ./board/emwin_support.o
LOAD ./board/pin_mux.o
LOAD D:\work folder\NithinGit\Nithin_ADCModule\libs\libpower_hardabi.a
LOAD D:\work folder\NithinGit\Nithin_ADCModule\emwin\emWin_library\MCUXpresso\libemWin_M4F.a
START GROUP
LOAD c:/nxp/mcuxpressoide_11.5.0_7232/ide/plugins/com.nxp.mcuxpresso.tools.win32_11.5.0.202107051138/tools/bin/../lib/gcc/arm-none-eabi/10.3.1/../../../../arm-none-eabi/lib/thumb/v7e-m+fp/hard\libcr_semihost_nf.a
LOAD c:/nxp/mcuxpressoide_11.5.0_7232/ide/plugins/com.nxp.mcuxpresso.tools.win32_11.5.0.202107051138/tools/bin/../lib/gcc/arm-none-eabi/10.3.1/../../../../arm-none-eabi/lib/thumb/v7e-m+fp/hard\libcr_c.a
LOAD c:/nxp/mcuxpressoide_11.5.0_7232/ide/plugins/com.nxp.mcuxpresso.tools.win32_11.5.0.202107051138/tools/bin/../lib/gcc/arm-none-eabi/10.3.1/thumb/v7e-m+fp/hard\libcr_eabihelpers.a
LOAD c:/nxp/mcuxpressoide_11.5.0_7232/ide/plugins/com.nxp.mcuxpresso.tools.win32_11.5.0.202107051138/tools/bin/../lib/gcc/arm-none-eabi/10.3.1/thumb/v7e-m+fp/hard\libgcc.a
END GROUP
                0x00000000                __base_PROGRAM_FLASH = 0x0
                0x00000000                __base_Flash = 0x0
                0x00080000                __top_PROGRAM_FLASH = 0x80000
                0x00080000                __top_Flash = 0x80000
                0x20000000                __base_SRAM_UPPER = 0x20000000
                0x20000000                __base_RAM = 0x20000000
                0x20028000                __top_SRAM_UPPER = 0x20028000
                0x20028000                __top_RAM = 0x20028000
                0x04000000                __base_SRAMX = 0x4000000
                0x04000000                __base_RAM2 = 0x4000000
                0x04008000                __top_SRAMX = 0x4008000
                0x04008000                __top_RAM2 = 0x4008000
                0x40100000                __base_USB_RAM = 0x40100000
                0x40100000                __base_RAM3 = 0x40100000
                0x40102000                __top_USB_RAM = 0x40102000
                0x40102000                __top_RAM3 = 0x40102000
                0xa0000000                __base_SD_RAM_262144 = 0xa0000000
                0xa0000000                __base_RAM4 = 0xa0000000
                0xa2000000                __top_SD_RAM_262144 = 0xa2000000
                0xa2000000                __top_RAM4 = 0xa2000000
                0x80000000                __base_RAM_00 = 0x80000000
                0x80000000                __base_RAM5 = 0x80000000
                0x80800000                __top_RAM_00 = 0x80800000
                0x80800000                __top_RAM5 = 0x80800000
                0x88000000                __base_RAM_01 = 0x88000000
                0x88000000                __base_RAM6 = 0x88000000
                0x8c000000                __top_RAM_01 = 0x8c000000
                0x8c000000                __top_RAM6 = 0x8c000000
                0x90000000                __base_RAM_02 = 0x90000000
                0x90000000                __base_RAM7 = 0x90000000
                0x94000000                __top_RAM_02 = 0x94000000
                0x94000000                __top_RAM7 = 0x94000000
                0x98000000                __base_RAM_03 = 0x98000000
                0x98000000                __base_RAM8 = 0x98000000
                0x9c000000                __top_RAM_03 = 0x9c000000
                0x9c000000                __top_RAM8 = 0x9c000000

.text           0x00000000    0x109f4
 FILL mask 0xff
                0x00000000                __vectors_start__ = ABSOLUTE (.)
 *(SORT_BY_ALIGNMENT(.isr_vector))
 .isr_vector    0x00000000      0x124 ./startup/startup_lpc54618.o
                0x00000000                g_pfnVectors
                0x00000000                __Vectors
                0x00000124                . = ALIGN (0x4)
                0x00000124                __section_table_start = .
                0x00000124                __data_section_table = .
                0x00000124        0x4 LONG 0x109f4 LOADADDR (.data)
                0x00000128        0x4 LONG 0x20000000 ADDR (.data)
                0x0000012c        0x4 LONG 0x50 SIZEOF (.data)
                0x00000130        0x4 LONG 0x109f4 LOADADDR (.data_RAM2)
                0x00000134        0x4 LONG 0x4000000 ADDR (.data_RAM2)
                0x00000138        0x4 LONG 0x0 SIZEOF (.data_RAM2)
                0x0000013c        0x4 LONG 0x109f4 LOADADDR (.data_RAM3)
                0x00000140        0x4 LONG 0x40100000 ADDR (.data_RAM3)
                0x00000144        0x4 LONG 0x0 SIZEOF (.data_RAM3)
                0x00000148        0x4 LONG 0x109f4 LOADADDR (.data_RAM4)
                0x0000014c        0x4 LONG 0xa0000000 ADDR (.data_RAM4)
                0x00000150        0x4 LONG 0x0 SIZEOF (.data_RAM4)
                0x00000154        0x4 LONG 0x109f4 LOADADDR (.data_RAM5)
                0x00000158        0x4 LONG 0x80000000 ADDR (.data_RAM5)
                0x0000015c        0x4 LONG 0x0 SIZEOF (.data_RAM5)
                0x00000160        0x4 LONG 0x109f4 LOADADDR (.data_RAM6)
                0x00000164        0x4 LONG 0x88000000 ADDR (.data_RAM6)
                0x00000168        0x4 LONG 0x0 SIZEOF (.data_RAM6)
                0x0000016c        0x4 LONG 0x109f4 LOADADDR (.data_RAM7)
                0x00000170        0x4 LONG 0x90000000 ADDR (.data_RAM7)
                0x00000174        0x4 LONG 0x0 SIZEOF (.data_RAM7)
                0x00000178        0x4 LONG 0x109f4 LOADADDR (.data_RAM8)
                0x0000017c        0x4 LONG 0x98000000 ADDR (.data_RAM8)
                0x00000180        0x4 LONG 0x0 SIZEOF (.data_RAM8)
                0x00000184                __data_section_table_end = .
                0x00000184                __bss_section_table = .
                0x00000184        0x4 LONG 0x20000050 ADDR (.bss)
                0x00000188        0x4 LONG 0x424 SIZEOF (.bss)
                0x0000018c        0x4 LONG 0x4000000 ADDR (.bss_RAM2)
                0x00000190        0x4 LONG 0x0 SIZEOF (.bss_RAM2)
                0x00000194        0x4 LONG 0x40100000 ADDR (.bss_RAM3)
                0x00000198        0x4 LONG 0x0 SIZEOF (.bss_RAM3)
                0x0000019c        0x4 LONG 0xa0000000 ADDR (.bss_RAM4)
                0x000001a0        0x4 LONG 0x0 SIZEOF (.bss_RAM4)
                0x000001a4        0x4 LONG 0x80000000 ADDR (.bss_RAM5)
                0x000001a8        0x4 LONG 0x0 SIZEOF (.bss_RAM5)
                0x000001ac        0x4 LONG 0x88000000 ADDR (.bss_RAM6)
                0x000001b0        0x4 LONG 0x0 SIZEOF (.bss_RAM6)
                0x000001b4        0x4 LONG 0x90000000 ADDR (.bss_RAM7)
                0x000001b8        0x4 LONG 0x0 SIZEOF (.bss_RAM7)
                0x000001bc        0x4 LONG 0x98000000 ADDR (.bss_RAM8)
                0x000001c0        0x4 LONG 0x0 SIZEOF (.bss_RAM8)
                0x000001c4                __bss_section_table_end = .
                0x000001c4                __section_table_end = .
 *(SORT_BY_ALIGNMENT(.after_vectors*))
 .after_vectors.reset
                0x000001c4       0x58 ./startup/startup_lpc54618.o
                0x000001c4                ResetISR
 .after_vectors.init_data
                0x0000021c       0x1e ./startup/startup_lpc54618.o
                0x0000021c                data_init
 .after_vectors.init_bss
                0x0000023a       0x12 ./startup/startup_lpc54618.o
                0x0000023a                bss_init
 .after_vectors
                0x0000024c       0x14 ./startup/startup_lpc54618.o
                0x0000024c                NMI_Handler
                0x00000250                MemManage_Handler
                0x00000252                BusFault_Handler
                0x00000254                UsageFault_Handler
                0x00000256                SVC_Handler
                0x00000258                DebugMon_Handler
                0x0000025a                PendSV_Handler
                0x0000025c                SysTick_Handler
                0x0000025e                FLEXCOMM4_DriverIRQHandler
                0x0000025e                CAN0_IRQ0_DriverIRQHandler
                0x0000025e                PIN_INT3_DriverIRQHandler
                0x0000025e                PIN_INT2_DriverIRQHandler
                0x0000025e                FLEXCOMM0_DriverIRQHandler
                0x0000025e                ETHERNET_DriverIRQHandler
                0x0000025e                PIN_INT0_DriverIRQHandler
                0x0000025e                SPIFI0_DriverIRQHandler
                0x0000025e                EEPROM_DriverIRQHandler
                0x0000025e                IntDefaultHandler
                0x0000025e                USB0_DriverIRQHandler
                0x0000025e                MRT0_DriverIRQHandler
                0x0000025e                UTICK0_DriverIRQHandler
                0x0000025e                DMA0_DriverIRQHandler
                0x0000025e                PIN_INT5_DriverIRQHandler
                0x0000025e                FLEXCOMM2_DriverIRQHandler
                0x0000025e                CAN1_IRQ0_DriverIRQHandler
                0x0000025e                Reserved47_DriverIRQHandler
                0x0000025e                ADC0_THCMP_DriverIRQHandler
                0x0000025e                GINT1_DriverIRQHandler
                0x0000025e                PIN_INT7_DriverIRQHandler
                0x0000025e                CAN0_IRQ1_DriverIRQHandler
                0x0000025e                USB0_NEEDCLK_DriverIRQHandler
                0x0000025e                ADC0_SEQB_DriverIRQHandler
                0x0000025e                FLEXCOMM6_DriverIRQHandler
                0x0000025e                PIN_INT6_DriverIRQHandler
                0x0000025e                ETHERNET_MACLP_DriverIRQHandler
                0x0000025e                PIN_INT1_DriverIRQHandler
                0x0000025e                RTC_DriverIRQHandler
                0x0000025e                FLEXCOMM3_DriverIRQHandler
                0x0000025e                LCD_DriverIRQHandler
                0x0000025e                FLEXCOMM9_DriverIRQHandler
                0x0000025e                RIT_DriverIRQHandler
                0x0000025e                PIN_INT4_DriverIRQHandler
                0x0000025e                ETHERNET_PMT_DriverIRQHandler
                0x0000025e                USB1_DriverIRQHandler
                0x0000025e                FLEXCOMM5_DriverIRQHandler
                0x0000025e                CAN1_IRQ1_DriverIRQHandler
                0x0000025e                ADC0_SEQA_DriverIRQHandler
                0x0000025e                USB1_NEEDCLK_DriverIRQHandler
                0x0000025e                SMARTCARD0_DriverIRQHandler
                0x0000025e                FLEXCOMM7_DriverIRQHandler
                0x0000025e                SDIO_DriverIRQHandler
                0x0000025e                SHA_DriverIRQHandler
                0x0000025e                GINT0_DriverIRQHandler
                0x0000025e                SMARTCARD1_DriverIRQHandler
                0x0000025e                FLEXCOMM8_DriverIRQHandler
                0x0000025e                FLEXCOMM1_DriverIRQHandler
                0x0000025e                Reserved46_DriverIRQHandler
                0x0000025e                WDT_BOD_DriverIRQHandler
 *(SORT_BY_ALIGNMENT(.text*))
 .text.CLOCK_EnableClock
                0x00000260       0x54 ./source/LPC54618J512_DG400_1.o
 .text.main     0x000002b4      0x10c ./source/LPC54618J512_DG400_1.o
                0x000002b4                main
 .text.CLOCK_AttachClk
                0x000003c0       0x94 ./drivers/fsl_clock.o
                0x000003c0                CLOCK_AttachClk
 .text.CLOCK_SetClkDiv
                0x00000454       0x5c ./drivers/fsl_clock.o
                0x00000454                CLOCK_SetClkDiv
 .text.CLOCK_SetupFROClocking
                0x000004b0       0xc4 ./drivers/fsl_clock.o
                0x000004b0                CLOCK_SetupFROClocking
 .text.CLOCK_GetSctClkFreq
                0x00000574       0x84 ./drivers/fsl_clock.o
                0x00000574                CLOCK_GetSctClkFreq
 .text.CLOCK_GetLcdClkFreq
                0x000005f8       0x6c ./drivers/fsl_clock.o
                0x000005f8                CLOCK_GetLcdClkFreq
 .text.CLOCK_GetFro12MFreq
                0x00000664       0x28 ./drivers/fsl_clock.o
                0x00000664                CLOCK_GetFro12MFreq
 .text.CLOCK_GetExtClkFreq
                0x0000068c       0x14 ./drivers/fsl_clock.o
                0x0000068c                CLOCK_GetExtClkFreq
 .text.CLOCK_GetWdtOscFreq
                0x000006a0       0x68 ./drivers/fsl_clock.o
                0x000006a0                CLOCK_GetWdtOscFreq
 .text.CLOCK_GetFroHfFreq
                0x00000708       0x5c ./drivers/fsl_clock.o
                0x00000708                CLOCK_GetFroHfFreq
 .text.CLOCK_GetPllOutFreq
                0x00000764       0x18 ./drivers/fsl_clock.o
                0x00000764                CLOCK_GetPllOutFreq
 .text.CLOCK_GetAudioPllOutFreq
                0x0000077c       0x18 ./drivers/fsl_clock.o
                0x0000077c                CLOCK_GetAudioPllOutFreq
 .text.CLOCK_SetFLASHAccessCyclesForFreq
                0x00000794       0xb8 ./drivers/fsl_clock.o
                0x00000794                CLOCK_SetFLASHAccessCyclesForFreq
 .text.CLOCK_SetPLLFreq
                0x0000084c      0x128 ./drivers/fsl_clock.o
                0x0000084c                CLOCK_SetPLLFreq
 .text.CLOCK_SetAudioPLLFreq
                0x00000974      0x154 ./drivers/fsl_clock.o
                0x00000974                CLOCK_SetAudioPLLFreq
 .text.SDK_DelayAtLeastUs
                0x00000ac8       0x94 ./drivers/fsl_common.o
                0x00000ac8                SDK_DelayAtLeastUs
 .text.CTIMER_GenericIRQHandler
                0x00000b5c       0xbc ./drivers/fsl_ctimer.o
                0x00000b5c                CTIMER_GenericIRQHandler
 .text.DMIC0_DriverIRQHandler
                0x00000c18       0x20 ./drivers/fsl_dmic.o
                0x00000c18                DMIC0_DriverIRQHandler
 .text.HWVAD0_DriverIRQHandler
                0x00000c38       0x20 ./drivers/fsl_dmic.o
                0x00000c38                HWVAD0_DriverIRQHandler
 .text.CLOCK_EnableClock
                0x00000c58       0x54 ./drivers/fsl_emc.o
 .text.EMC_GetInstance
                0x00000cac       0x44 ./drivers/fsl_emc.o
 .text.EMC_CalculateTimerCycles
                0x00000cf0       0x5c ./drivers/fsl_emc.o
 .text.EMC_Init
                0x00000d4c       0x94 ./drivers/fsl_emc.o
                0x00000d4c                EMC_Init
 .text.EMC_DynamicMemInit
                0x00000de0      0x304 ./drivers/fsl_emc.o
                0x00000de0                EMC_DynamicMemInit
 .text.CLOCK_EnableClock
                0x000010e4       0x54 ./drivers/fsl_lcdc.o
 .text.LCDC_GetInstance
                0x00001138       0x44 ./drivers/fsl_lcdc.o
 .text.LCDC_GetClockDivider
                0x0000117c      0x154 ./drivers/fsl_lcdc.o
 .text.LCDC_Init
                0x000012d0      0x1c8 ./drivers/fsl_lcdc.o
                0x000012d0                LCDC_Init
 .text.LCDC_SetPanelAddr
                0x00001498       0x40 ./drivers/fsl_lcdc.o
                0x00001498                LCDC_SetPanelAddr
 .text.RESET_SetPeripheralReset
                0x000014d8       0x7c ./drivers/fsl_reset.o
                0x000014d8                RESET_SetPeripheralReset
 .text.RESET_ClearPeripheralReset
                0x00001554       0x80 ./drivers/fsl_reset.o
                0x00001554                RESET_ClearPeripheralReset
 .text.CLOCK_EnableClock
                0x000015d4       0x54 ./drivers/fsl_sctimer.o
 .text.SCTIMER_SetupOutputSetAction
                0x00001628       0x44 ./drivers/fsl_sctimer.o
 .text.SCTIMER_SetupOutputClearAction
                0x0000166c       0x48 ./drivers/fsl_sctimer.o
 .text.SCTIMER_GetInstance
                0x000016b4       0x4c ./drivers/fsl_sctimer.o
 .text.SCTIMER_Init
                0x00001700      0x118 ./drivers/fsl_sctimer.o
                0x00001700                SCTIMER_Init
 .text.SCTIMER_GetDefaultConfig
                0x00001818       0x60 ./drivers/fsl_sctimer.o
                0x00001818                SCTIMER_GetDefaultConfig
 .text.SCTIMER_SetupPwm
                0x00001878      0x250 ./drivers/fsl_sctimer.o
                0x00001878                SCTIMER_SetupPwm
 .text.SCTIMER_CreateAndScheduleEvent
                0x00001ac8      0x1e4 ./drivers/fsl_sctimer.o
                0x00001ac8                SCTIMER_CreateAndScheduleEvent
 .text.SCTIMER_EventHandleIRQ
                0x00001cac       0x7c ./drivers/fsl_sctimer.o
                0x00001cac                SCTIMER_EventHandleIRQ
 .text.SCT0_DriverIRQHandler
                0x00001d28       0x20 ./drivers/fsl_sctimer.o
                0x00001d28                SCT0_DriverIRQHandler
 .text.SystemInit
                0x00001d48       0x40 ./device/system_LPC54618.o
                0x00001d48                SystemInit
 .text.BOARD_InitSDRAM
                0x00001d88       0xbc ./board/board.o
                0x00001d88                BOARD_InitSDRAM
 .text.BOARD_InitPWM
                0x00001e44       0x50 ./board/board.o
                0x00001e44                BOARD_InitPWM
 .text.BOARD_BootClockRUN
                0x00001e94      0x270 ./board/clock_config.o
                0x00001e94                BOARD_BootClockRUN
 .text.__NVIC_EnableIRQ
                0x00002104       0x3c ./board/emwin_support.o
 .text.LCD_IRQHandler
                0x00002140       0x50 ./board/emwin_support.o
                0x00002140                LCD_IRQHandler
 .text.LCD_X_Config
                0x00002190       0x9c ./board/emwin_support.o
                0x00002190                LCD_X_Config
 .text.LCD_X_DisplayDriver
                0x0000222c       0x94 ./board/emwin_support.o
                0x0000222c                LCD_X_DisplayDriver
 .text.GUI_X_Config
                0x000022c0       0x50 ./board/emwin_support.o
                0x000022c0                GUI_X_Config
 .text.GUI_X_GetTime
                0x00002310       0x14 ./board/emwin_support.o
                0x00002310                GUI_X_GetTime
 .text.GUI_X_Delay
                0x00002324       0x38 ./board/emwin_support.o
                0x00002324                GUI_X_Delay
 .text.APP_LCDC_Init
                0x0000235c       0xa0 ./board/emwin_support.o
                0x0000235c                APP_LCDC_Init
 .text.CLOCK_EnableClock
                0x000023fc       0x54 ./board/pin_mux.o
 .text.BOARD_InitPins
                0x00002450     0x154c ./board/pin_mux.o
                0x00002450                BOARD_InitPins
 .text.POWER_SetVoltageForFreq
                0x0000399c       0x44 D:\work folder\NithinGit\Nithin_ADCModule\libs\libpower_hardabi.a(fsl_power_lib.o)
                0x0000399c                POWER_SetVoltageForFreq
 .text.POWER_SetPLL
                0x000039e0       0x1c D:\work folder\NithinGit\Nithin_ADCModule\libs\libpower_hardabi.a(fsl_power_lib.o)
                0x000039e0                POWER_SetPLL
 .text._GetDevData
                0x000039fc       0x1c D:\work folder\NithinGit\Nithin_ADCModule\emwin\emWin_library\MCUXpresso\libemWin_M4F.a(GUIDRV_Lin_16.o)
 .text._GetDevFunc
                0x00003a18       0xe8 D:\work folder\NithinGit\Nithin_ADCModule\emwin\emWin_library\MCUXpresso\libemWin_M4F.a(GUIDRV_Lin_16.o)
 .text._CopyBuffer
                0x00003b00       0x6c D:\work folder\NithinGit\Nithin_ADCModule\emwin\emWin_library\MCUXpresso\libemWin_M4F.a(GUIDRV_Lin_16.o)
 .text._DrawBitmap
                0x00003b6c      0x600 D:\work folder\NithinGit\Nithin_ADCModule\emwin\emWin_library\MCUXpresso\libemWin_M4F.a(GUIDRV_Lin_16.o)
 .text._FillRect
                0x0000416c      0x1c8 D:\work folder\NithinGit\Nithin_ADCModule\emwin\emWin_library\MCUXpresso\libemWin_M4F.a(GUIDRV_Lin_16.o)
 .text._OnExit  0x00004334       0xa8 D:\work folder\NithinGit\Nithin_ADCModule\emwin\emWin_library\MCUXpresso\libemWin_M4F.a(WM.o)
 .text._Paint1  0x000043dc       0x28 D:\work folder\NithinGit\Nithin_ADCModule\emwin\emWin_library\MCUXpresso\libemWin_M4F.a(WM.o)
 .text._Paint1Trans
                0x00004404       0x8c D:\work folder\NithinGit\Nithin_ADCModule\emwin\emWin_library\MCUXpresso\libemWin_M4F.a(WM.o)
 .text.WM__PaintWinAndOverlays
                0x00004490       0x7c D:\work folder\NithinGit\Nithin_ADCModule\emwin\emWin_library\MCUXpresso\libemWin_M4F.a(WM.o)
 .text._cbPaintMemDev
                0x0000450c       0x4c D:\work folder\NithinGit\Nithin_ADCModule\emwin\emWin_library\MCUXpresso\libemWin_M4F.a(WM.o)
 .text.WM__ClipAtParentBorders
                0x00004558       0x50 D:\work folder\NithinGit\Nithin_ADCModule\emwin\emWin_library\MCUXpresso\libemWin_M4F.a(WM.o)
                0x00004558                WM__ClipAtParentBorders
 .text._SetClipRectUserIntersect
                0x000045a8       0x54 D:\work folder\NithinGit\Nithin_ADCModule\emwin\emWin_library\MCUXpresso\libemWin_M4F.a(WM.o)
 .text.WM__ActivateClipRect
                0x000045fc       0x50 D:\work folder\NithinGit\Nithin_ADCModule\emwin\emWin_library\MCUXpresso\libemWin_M4F.a(WM.o)
                0x000045fc                WM__ActivateClipRect
 .text.WM__IsWindow
                0x0000464c       0x20 D:\work folder\NithinGit\Nithin_ADCModule\emwin\emWin_library\MCUXpresso\libemWin_M4F.a(WM.o)
                0x0000464c                WM__IsWindow
 .text.WM__InvalidateDrawAndDescs
                0x0000466c       0x54 D:\work folder\NithinGit\Nithin_ADCModule\emwin\emWin_library\MCUXpresso\libemWin_M4F.a(WM.o)
                0x0000466c                WM__InvalidateDrawAndDescs
 .text._Invalidate1Abs
                0x000046c0       0x8c D:\work folder\NithinGit\Nithin_ADCModule\emwin\emWin_library\MCUXpresso\libemWin_M4F.a(WM.o)
 .text.WM_SelectWindow
                0x0000474c       0x40 D:\work folder\NithinGit\Nithin_ADCModule\emwin\emWin_library\MCUXpresso\libemWin_M4F.a(WM.o)
                0x0000474c                WM_SelectWindow
 .text.WM_CreateWindowAsChild
                0x0000478c      0x14c D:\work folder\NithinGit\Nithin_ADCModule\emwin\emWin_library\MCUXpresso\libemWin_M4F.a(WM.o)
                0x0000478c                WM_CreateWindowAsChild
 .text.WM_DeleteWindow
                0x000048d8      0x108 D:\work folder\NithinGit\Nithin_ADCModule\emwin\emWin_library\MCUXpresso\libemWin_M4F.a(WM.o)
                0x000048d8                WM_DeleteWindow
 .text._Exec1Input
                0x000049e0       0x8c D:\work folder\NithinGit\Nithin_ADCModule\emwin\emWin_library\MCUXpresso\libemWin_M4F.a(WM.o)
 .text.WM__GetNextIVR
                0x00004a6c      0x164 D:\work folder\NithinGit\Nithin_ADCModule\emwin\emWin_library\MCUXpresso\libemWin_M4F.a(WM.o)
                0x00004a6c                WM__GetNextIVR
 .text.WM__InitIVRSearch
                0x00004bd0      0x10c D:\work folder\NithinGit\Nithin_ADCModule\emwin\emWin_library\MCUXpresso\libemWin_M4F.a(WM.o)
                0x00004bd0                WM__InitIVRSearch
 .text.WM_SetDefault
                0x00004cdc       0x14 D:\work folder\NithinGit\Nithin_ADCModule\emwin\emWin_library\MCUXpresso\libemWin_M4F.a(WM.o)
                0x00004cdc                WM_SetDefault
 .text.WM__Paint1
                0x00004cf0       0x8c D:\work folder\NithinGit\Nithin_ADCModule\emwin\emWin_library\MCUXpresso\libemWin_M4F.a(WM.o)
                0x00004cf0                WM__Paint1
 .text.WM__Paint
                0x00004d7c       0xb0 D:\work folder\NithinGit\Nithin_ADCModule\emwin\emWin_library\MCUXpresso\libemWin_M4F.a(WM.o)
                0x00004d7c                WM__Paint
 .text._Exec1Draw
                0x00004e2c       0x84 D:\work folder\NithinGit\Nithin_ADCModule\emwin\emWin_library\MCUXpresso\libemWin_M4F.a(WM.o)
 .text.WM_Exec  0x00004eb0       0x88 D:\work folder\NithinGit\Nithin_ADCModule\emwin\emWin_library\MCUXpresso\libemWin_M4F.a(WM.o)
                0x00004eb0                WM_Exec
 .text.WM_Activate
                0x00004f38       0x10 D:\work folder\NithinGit\Nithin_ADCModule\emwin\emWin_library\MCUXpresso\libemWin_M4F.a(WM.o)
                0x00004f38                WM_Activate
 .text.WM_Deactivate
                0x00004f48       0x20 D:\work folder\NithinGit\Nithin_ADCModule\emwin\emWin_library\MCUXpresso\libemWin_M4F.a(WM.o)
                0x00004f48                WM_Deactivate
 .text.WM_DefaultProc
                0x00004f68       0x4c D:\work folder\NithinGit\Nithin_ADCModule\emwin\emWin_library\MCUXpresso\libemWin_M4F.a(WM.o)
                0x00004f68                WM_DefaultProc
 .text._cbBackWin
                0x00004fb4       0x48 D:\work folder\NithinGit\Nithin_ADCModule\emwin\emWin_library\MCUXpresso\libemWin_M4F.a(WM.o)
 .text.WM_Init  0x00004ffc       0xbc D:\work folder\NithinGit\Nithin_ADCModule\emwin\emWin_library\MCUXpresso\libemWin_M4F.a(WM.o)
                0x00004ffc                WM_Init
 .text.WM__SendMessage
                0x000050b8       0x38 D:\work folder\NithinGit\Nithin_ADCModule\emwin\emWin_library\MCUXpresso\libemWin_M4F.a(WM__Private.o)
                0x000050b8                WM__SendMessage
 .text.WM__AddCriticalHandle
                0x000050f0       0x10 D:\work folder\NithinGit\Nithin_ADCModule\emwin\emWin_library\MCUXpresso\libemWin_M4F.a(WM__Private.o)
                0x000050f0                WM__AddCriticalHandle
 .text.WM_GetDesktopWindow
                0x00005100        0xc D:\work folder\NithinGit\Nithin_ADCModule\emwin\emWin_library\MCUXpresso\libemWin_M4F.a(WM_Lib.o)
                0x00005100                WM_GetDesktopWindow
 .text.WM_OnKey
                0x0000510c       0x38 D:\work folder\NithinGit\Nithin_ADCModule\emwin\emWin_library\MCUXpresso\libemWin_M4F.a(WM_Lib.o)
                0x0000510c                WM_OnKey
 .text.GUI_DEVICE__GetpDriver
                0x00005144       0x20 D:\work folder\NithinGit\Nithin_ADCModule\emwin\emWin_library\MCUXpresso\libemWin_M4F.a(GUI_Device.o)
                0x00005144                GUI_DEVICE__GetpDriver
 .text.GUI_DEVICE_Create
                0x00005164       0x4c D:\work folder\NithinGit\Nithin_ADCModule\emwin\emWin_library\MCUXpresso\libemWin_M4F.a(GUI_Device.o)
                0x00005164                GUI_DEVICE_Create
 .text.GUI_DEVICE_Unlink
                0x000051b0       0x34 D:\work folder\NithinGit\Nithin_ADCModule\emwin\emWin_library\MCUXpresso\libemWin_M4F.a(GUI_Device.o)
                0x000051b0                GUI_DEVICE_Unlink
 .text.GUI_DEVICE_Link
                0x000051e4       0x88 D:\work folder\NithinGit\Nithin_ADCModule\emwin\emWin_library\MCUXpresso\libemWin_M4F.a(GUI_Device.o)
                0x000051e4                GUI_DEVICE_Link
 .text.GUI_DEVICE_CreateAndLink
                0x0000526c       0x28 D:\work folder\NithinGit\Nithin_ADCModule\emwin\emWin_library\MCUXpresso\libemWin_M4F.a(GUI_Device.o)
                0x0000526c                GUI_DEVICE_CreateAndLink
 .text.GUI_StoreKey
                0x00005294       0x10 D:\work folder\NithinGit\Nithin_ADCModule\emwin\emWin_library\MCUXpresso\libemWin_M4F.a(GUI_OnKey.o)
                0x00005294                GUI_StoreKey
 .text.GUI_PollKeyMsg
                0x000052a4       0x40 D:\work folder\NithinGit\Nithin_ADCModule\emwin\emWin_library\MCUXpresso\libemWin_M4F.a(GUI_OnKey.o)
                0x000052a4                GUI_PollKeyMsg
 .text._GetTaskNo
                0x000052e4       0x3c D:\work folder\NithinGit\Nithin_ADCModule\emwin\emWin_library\MCUXpresso\libemWin_M4F.a(GUI_Task.o)
 .text._OnExit  0x00005320       0x14 D:\work folder\NithinGit\Nithin_ADCModule\emwin\emWin_library\MCUXpresso\libemWin_M4F.a(GUI_Task.o)
 .text.GUI_Unlock
                0x00005334       0x14 D:\work folder\NithinGit\Nithin_ADCModule\emwin\emWin_library\MCUXpresso\libemWin_M4F.a(GUI_Task.o)
                0x00005334                GUI_Unlock
 .text.GUI_Lock
                0x00005348       0x80 D:\work folder\NithinGit\Nithin_ADCModule\emwin\emWin_library\MCUXpresso\libemWin_M4F.a(GUI_Task.o)
                0x00005348                GUI_Lock
 .text.GUITASK_Init
                0x000053c8       0x58 D:\work folder\NithinGit\Nithin_ADCModule\emwin\emWin_library\MCUXpresso\libemWin_M4F.a(GUI_Task.o)
                0x000053c8                GUITASK_Init
 .text.GUITASK_CopyContext
                0x00005420       0x6c D:\work folder\NithinGit\Nithin_ADCModule\emwin\emWin_library\MCUXpresso\libemWin_M4F.a(GUI_Task.o)
                0x00005420                GUITASK_CopyContext
 .text._SetDrawMode
                0x0000548c       0x28 D:\work folder\NithinGit\Nithin_ADCModule\emwin\emWin_library\MCUXpresso\libemWin_M4F.a(LCD.o)
 .text.LCD_SetDrawMode
                0x000054b4        0xc D:\work folder\NithinGit\Nithin_ADCModule\emwin\emWin_library\MCUXpresso\libemWin_M4F.a(LCD.o)
                0x000054b4                LCD_SetDrawMode
 .text.LCD_DrawPixel
                0x000054c0       0x5c D:\work folder\NithinGit\Nithin_ADCModule\emwin\emWin_library\MCUXpresso\libemWin_M4F.a(LCD.o)
                0x000054c0                LCD_DrawPixel
 .text.LCD_DrawHLine
                0x0000551c       0x50 D:\work folder\NithinGit\Nithin_ADCModule\emwin\emWin_library\MCUXpresso\libemWin_M4F.a(LCD.o)
                0x0000551c                LCD_DrawHLine
 .text.LCD_FillRect
                0x0000556c       0x5c D:\work folder\NithinGit\Nithin_ADCModule\emwin\emWin_library\MCUXpresso\libemWin_M4F.a(LCD.o)
                0x0000556c                LCD_FillRect
 .text.LCD__DrawBitmap_1bpp
                0x000055c8      0x1cc D:\work folder\NithinGit\Nithin_ADCModule\emwin\emWin_library\MCUXpresso\libemWin_M4F.a(LCD.o)
                0x000055c8                LCD__DrawBitmap_1bpp
 .text.LCD_DrawBitmap
                0x00005794      0x214 D:\work folder\NithinGit\Nithin_ADCModule\emwin\emWin_library\MCUXpresso\libemWin_M4F.a(LCD.o)
                0x00005794                LCD_DrawBitmap
 .text.LCD_SetClipRectMax
                0x000059a8       0x1c D:\work folder\NithinGit\Nithin_ADCModule\emwin\emWin_library\MCUXpresso\libemWin_M4F.a(LCD.o)
                0x000059a8                LCD_SetClipRectMax
 .text.LCD_Init
                0x000059c4       0x98 D:\work folder\NithinGit\Nithin_ADCModule\emwin\emWin_library\MCUXpresso\libemWin_M4F.a(LCD.o)
                0x000059c4                LCD_Init
 .text.LCD_Color2Index
                0x00005a5c       0x1c D:\work folder\NithinGit\Nithin_ADCModule\emwin\emWin_library\MCUXpresso\libemWin_M4F.a(LCD.o)
                0x00005a5c                LCD_Color2Index
 .text.LCD_Index2Color
                0x00005a78       0x1c D:\work folder\NithinGit\Nithin_ADCModule\emwin\emWin_library\MCUXpresso\libemWin_M4F.a(LCD.o)
                0x00005a78                LCD_Index2Color
 .text.LCD_SetColorIndex
                0x00005a94       0x18 D:\work folder\NithinGit\Nithin_ADCModule\emwin\emWin_library\MCUXpresso\libemWin_M4F.a(LCD.o)
                0x00005a94                LCD_SetColorIndex
 .text._SetColor
                0x00005aac       0x20 D:\work folder\NithinGit\Nithin_ADCModule\emwin\emWin_library\MCUXpresso\libemWin_M4F.a(LCD.o)
 .text.LCD_SetBkColorIndex
                0x00005acc       0x18 D:\work folder\NithinGit\Nithin_ADCModule\emwin\emWin_library\MCUXpresso\libemWin_M4F.a(LCD.o)
                0x00005acc                LCD_SetBkColorIndex
 .text._SetBkColor
                0x00005ae4       0x20 D:\work folder\NithinGit\Nithin_ADCModule\emwin\emWin_library\MCUXpresso\libemWin_M4F.a(LCD.o)
 .text.LCD_SetBkColor
                0x00005b04        0xc D:\work folder\NithinGit\Nithin_ADCModule\emwin\emWin_library\MCUXpresso\libemWin_M4F.a(LCD.o)
                0x00005b04                LCD_SetBkColor
 .text.LCD_SetColor
                0x00005b10        0xc D:\work folder\NithinGit\Nithin_ADCModule\emwin\emWin_library\MCUXpresso\libemWin_M4F.a(LCD.o)
                0x00005b10                LCD_SetColor
 .text.GUI_UC__GetCharCodeInc
                0x00005b1c       0x28 D:\work folder\NithinGit\Nithin_ADCModule\emwin\emWin_library\MCUXpresso\libemWin_M4F.a(GUI_UC.o)
                0x00005b1c                GUI_UC__GetCharCodeInc
 .text.GUI_UC__NumChars2NumBytes
                0x00005b44       0x24 D:\work folder\NithinGit\Nithin_ADCModule\emwin\emWin_library\MCUXpresso\libemWin_M4F.a(GUI_UC.o)
                0x00005b44                GUI_UC__NumChars2NumBytes
 .text.GUI_Delay
                0x00005b68       0x6c D:\work folder\NithinGit\Nithin_ADCModule\emwin\emWin_library\MCUXpresso\libemWin_M4F.a(GUI_Time.o)
                0x00005b68                GUI_Delay
 .text.LCD_GetXSize
                0x00005bd4       0x10 D:\work folder\NithinGit\Nithin_ADCModule\emwin\emWin_library\MCUXpresso\libemWin_M4F.a(LCD_GetEx.o)
                0x00005bd4                LCD_GetXSize
 .text.LCD_GetYSize
                0x00005be4       0x10 D:\work folder\NithinGit\Nithin_ADCModule\emwin\emWin_library\MCUXpresso\libemWin_M4F.a(LCD_GetEx.o)
                0x00005be4                LCD_GetYSize
 .text.LCD_GetNumColors
                0x00005bf4       0x10 D:\work folder\NithinGit\Nithin_ADCModule\emwin\emWin_library\MCUXpresso\libemWin_M4F.a(LCD_GetEx.o)
                0x00005bf4                LCD_GetNumColors
 .text.GUI_GetBitsPerPixelEx
                0x00005c04       0x14 D:\work folder\NithinGit\Nithin_ADCModule\emwin\emWin_library\MCUXpresso\libemWin_M4F.a(LCD_GetEx.o)
                0x00005c04                GUI_GetBitsPerPixelEx
 .text.LCD_GetPalette
                0x00005c18       0x10 D:\work folder\NithinGit\Nithin_ADCModule\emwin\emWin_library\MCUXpresso\libemWin_M4F.a(LCD_GetEx.o)
                0x00005c18                LCD_GetPalette
 .text.GUI_GetpfIndex2ColorEx
                0x00005c28       0x10 D:\work folder\NithinGit\Nithin_ADCModule\emwin\emWin_library\MCUXpresso\libemWin_M4F.a(LCD_GetEx.o)
                0x00005c28                GUI_GetpfIndex2ColorEx
 .text.GUI_GetpfColor2IndexEx
                0x00005c38       0x10 D:\work folder\NithinGit\Nithin_ADCModule\emwin\emWin_library\MCUXpresso\libemWin_M4F.a(LCD_GetEx.o)
                0x00005c38                GUI_GetpfColor2IndexEx
 .text.LCD_SetDisplaySize
                0x00005c48       0x14 D:\work folder\NithinGit\Nithin_ADCModule\emwin\emWin_library\MCUXpresso\libemWin_M4F.a(LCD_GetEx.o)
                0x00005c48                LCD_SetDisplaySize
 .text.LCD_GetXSizeDisplay
                0x00005c5c        0xc D:\work folder\NithinGit\Nithin_ADCModule\emwin\emWin_library\MCUXpresso\libemWin_M4F.a(LCD_GetEx.o)
                0x00005c5c                LCD_GetXSizeDisplay
 .text.LCD_GetYSizeDisplay
                0x00005c68        0xc D:\work folder\NithinGit\Nithin_ADCModule\emwin\emWin_library\MCUXpresso\libemWin_M4F.a(LCD_GetEx.o)
                0x00005c68                LCD_GetYSizeDisplay
 .text.GUI_SelectLayer
                0x00005c74       0x2c D:\work folder\NithinGit\Nithin_ADCModule\emwin\emWin_library\MCUXpresso\libemWin_M4F.a(GUI_SelectLayer.o)
                0x00005c74                GUI_SelectLayer
 .text.LCD_SetClipRectEx
                0x00005ca0       0x30 D:\work folder\NithinGit\Nithin_ADCModule\emwin\emWin_library\MCUXpresso\libemWin_M4F.a(LCD_SetClipRectEx.o)
                0x00005ca0                LCD_SetClipRectEx
 .text.GUIPROP_DispChar
                0x00005cd0       0xf4 D:\work folder\NithinGit\Nithin_ADCModule\emwin\emWin_library\MCUXpresso\libemWin_M4F.a(GUI_CharP.o)
                0x00005cd0                GUIPROP_DispChar
 .text.GUIPROP_GetCharDistX
                0x00005dc4       0x44 D:\work folder\NithinGit\Nithin_ADCModule\emwin\emWin_library\MCUXpresso\libemWin_M4F.a(GUI_CharP.o)
                0x00005dc4                GUIPROP_GetCharDistX
 .text._GetMinIndex
                0x00005e08       0x1c D:\work folder\NithinGit\Nithin_ADCModule\emwin\emWin_library\MCUXpresso\libemWin_M4F.a(GUI_Alloc.o)
 .text._RemoveFreeBlock
                0x00005e24       0x34 D:\work folder\NithinGit\Nithin_ADCModule\emwin\emWin_library\MCUXpresso\libemWin_M4F.a(GUI_Alloc.o)
 .text._AddFreeMemory
                0x00005e58       0x94 D:\work folder\NithinGit\Nithin_ADCModule\emwin\emWin_library\MCUXpresso\libemWin_M4F.a(GUI_Alloc.o)
 .text._PushFreeBlock
                0x00005eec       0x24 D:\work folder\NithinGit\Nithin_ADCModule\emwin\emWin_library\MCUXpresso\libemWin_M4F.a(GUI_Alloc.o)
 .text._RemoveHoles
                0x00005f10       0x94 D:\work folder\NithinGit\Nithin_ADCModule\emwin\emWin_library\MCUXpresso\libemWin_M4F.a(GUI_Alloc.o)
 .text.GUI_ALLOC_FreeFixedBlock
                0x00005fa4       0x18 D:\work folder\NithinGit\Nithin_ADCModule\emwin\emWin_library\MCUXpresso\libemWin_M4F.a(GUI_Alloc.o)
                0x00005fa4                GUI_ALLOC_FreeFixedBlock
 .text.GUI_ALLOC_h2p
                0x00005fbc       0x14 D:\work folder\NithinGit\Nithin_ADCModule\emwin\emWin_library\MCUXpresso\libemWin_M4F.a(GUI_Alloc.o)
                0x00005fbc                GUI_ALLOC_h2p
 .text.GUI_ALLOC_LockH
                0x00005fd0       0x1c D:\work folder\NithinGit\Nithin_ADCModule\emwin\emWin_library\MCUXpresso\libemWin_M4F.a(GUI_Alloc.o)
                0x00005fd0                GUI_ALLOC_LockH
 .text.GUI_ALLOC_UnlockH
                0x00005fec       0x30 D:\work folder\NithinGit\Nithin_ADCModule\emwin\emWin_library\MCUXpresso\libemWin_M4F.a(GUI_Alloc.o)
                0x00005fec                GUI_ALLOC_UnlockH
 .text.GUI_ALLOC_Lock
                0x0000601c       0x10 D:\work folder\NithinGit\Nithin_ADCModule\emwin\emWin_library\MCUXpresso\libemWin_M4F.a(GUI_Alloc.o)
                0x0000601c                GUI_ALLOC_Lock
 .text.GUI_ALLOC_Unlock
                0x0000602c       0x10 D:\work folder\NithinGit\Nithin_ADCModule\emwin\emWin_library\MCUXpresso\libemWin_M4F.a(GUI_Alloc.o)
                0x0000602c                GUI_ALLOC_Unlock
 .text.GUI_ALLOC_AssignMemory
                0x0000603c       0x10 D:\work folder\NithinGit\Nithin_ADCModule\emwin\emWin_library\MCUXpresso\libemWin_M4F.a(GUI_Alloc.o)
                0x0000603c                GUI_ALLOC_AssignMemory
 .text.GUI_ALLOC_Free
                0x0000604c       0x30 D:\work folder\NithinGit\Nithin_ADCModule\emwin\emWin_library\MCUXpresso\libemWin_M4F.a(GUI_Alloc.o)
                0x0000604c                GUI_ALLOC_Free
 .text._EnlargeBlocks
                0x0000607c       0xb0 D:\work folder\NithinGit\Nithin_ADCModule\emwin\emWin_library\MCUXpresso\libemWin_M4F.a(GUI_Alloc.o)
 .text._InitOnce
                0x0000612c       0x6c D:\work folder\NithinGit\Nithin_ADCModule\emwin\emWin_library\MCUXpresso\libemWin_M4F.a(GUI_Alloc.o)
 .text.GUI_ALLOC_GetFixedBlock
                0x00006198       0xa4 D:\work folder\NithinGit\Nithin_ADCModule\emwin\emWin_library\MCUXpresso\libemWin_M4F.a(GUI_Alloc.o)
                0x00006198                GUI_ALLOC_GetFixedBlock
 .text.GUI_ALLOC_GetMaxSize
                0x0000623c       0x34 D:\work folder\NithinGit\Nithin_ADCModule\emwin\emWin_library\MCUXpresso\libemWin_M4F.a(GUI_Alloc.o)
                0x0000623c                GUI_ALLOC_GetMaxSize
 .text.GUI_ALLOC_RequestSize
                0x00006270       0x34 D:\work folder\NithinGit\Nithin_ADCModule\emwin\emWin_library\MCUXpresso\libemWin_M4F.a(GUI_Alloc.o)
                0x00006270                GUI_ALLOC_RequestSize
 .text._Alloc   0x000062a4       0xe0 D:\work folder\NithinGit\Nithin_ADCModule\emwin\emWin_library\MCUXpresso\libemWin_M4F.a(GUI_Alloc.o)
 .text.GUI_ALLOC_AllocZero
                0x00006384       0x38 D:\work folder\NithinGit\Nithin_ADCModule\emwin\emWin_library\MCUXpresso\libemWin_M4F.a(GUI_Alloc.o)
                0x00006384                GUI_ALLOC_AllocZero
 .text.GUI__ManageCacheEx
                0x000063bc       0xe8 D:\work folder\NithinGit\Nithin_ADCModule\emwin\emWin_library\MCUXpresso\libemWin_M4F.a(GUI__ManageCache.o)
                0x000063bc                GUI__ManageCacheEx
 .text.GUI__ManageCache
                0x000064a4       0x10 D:\work folder\NithinGit\Nithin_ADCModule\emwin\emWin_library\MCUXpresso\libemWin_M4F.a(GUI__ManageCache.o)
                0x000064a4                GUI__ManageCache
 .text._OnExit  0x000064b4       0x54 D:\work folder\NithinGit\Nithin_ADCModule\emwin\emWin_library\MCUXpresso\libemWin_M4F.a(GUI_Core.o)
 .text.GUI_SetDefaultFont
                0x00006508        0xc D:\work folder\NithinGit\Nithin_ADCModule\emwin\emWin_library\MCUXpresso\libemWin_M4F.a(GUI_Core.o)
                0x00006508                GUI_SetDefaultFont
 .text.GUI_ClearRect
                0x00006514       0x68 D:\work folder\NithinGit\Nithin_ADCModule\emwin\emWin_library\MCUXpresso\libemWin_M4F.a(GUI_Core.o)
                0x00006514                GUI_ClearRect
 .text.GUI_Clear
                0x0000657c       0x20 D:\work folder\NithinGit\Nithin_ADCModule\emwin\emWin_library\MCUXpresso\libemWin_M4F.a(GUI_Core.o)
                0x0000657c                GUI_Clear
 .text.GUI__RegisterExit
                0x0000659c       0x10 D:\work folder\NithinGit\Nithin_ADCModule\emwin\emWin_library\MCUXpresso\libemWin_M4F.a(GUI_Core.o)
                0x0000659c                GUI__RegisterExit
 .text.GUI__Config
                0x000065ac       0x34 D:\work folder\NithinGit\Nithin_ADCModule\emwin\emWin_library\MCUXpresso\libemWin_M4F.a(GUI_Core.o)
                0x000065ac                GUI__Config
 .text.GUI_Init
                0x000065e0      0x108 D:\work folder\NithinGit\Nithin_ADCModule\emwin\emWin_library\MCUXpresso\libemWin_M4F.a(GUI_Core.o)
                0x000065e0                GUI_Init
 .text.GUI_DCACHE_Clear
                0x000066e8       0x10 D:\work folder\NithinGit\Nithin_ADCModule\emwin\emWin_library\MCUXpresso\libemWin_M4F.a(GUI_Core.o)
                0x000066e8                GUI_DCACHE_Clear
 .text.GUI_GetOrg
                0x000066f8       0x2c D:\work folder\NithinGit\Nithin_ADCModule\emwin\emWin_library\MCUXpresso\libemWin_M4F.a(GUI_Common.o)
                0x000066f8                GUI_GetOrg
 .text.GUI_Exec1
                0x00006724       0x40 D:\work folder\NithinGit\Nithin_ADCModule\emwin\emWin_library\MCUXpresso\libemWin_M4F.a(GUI_Common.o)
                0x00006724                GUI_Exec1
 .text.GUI_GotoXY
                0x00006764       0x20 D:\work folder\NithinGit\Nithin_ADCModule\emwin\emWin_library\MCUXpresso\libemWin_M4F.a(GUI_Common.o)
                0x00006764                GUI_GotoXY
 .text.GUI_SetPenSize
                0x00006784       0x20 D:\work folder\NithinGit\Nithin_ADCModule\emwin\emWin_library\MCUXpresso\libemWin_M4F.a(GUI_Common.o)
                0x00006784                GUI_SetPenSize
 .text.GUI_SaveContext_W
                0x000067a4       0x14 D:\work folder\NithinGit\Nithin_ADCModule\emwin\emWin_library\MCUXpresso\libemWin_M4F.a(GUI_Common.o)
                0x000067a4                GUI_SaveContext_W
 .text.GUI_RestoreContext
                0x000067b8       0x14 D:\work folder\NithinGit\Nithin_ADCModule\emwin\emWin_library\MCUXpresso\libemWin_M4F.a(GUI_Common.o)
                0x000067b8                GUI_RestoreContext
 .text.GUI_SetFont
                0x000067cc       0x24 D:\work folder\NithinGit\Nithin_ADCModule\emwin\emWin_library\MCUXpresso\libemWin_M4F.a(GUI_Common.o)
                0x000067cc                GUI_SetFont
 .text.GUI_SetLineStyle
                0x000067f0       0x20 D:\work folder\NithinGit\Nithin_ADCModule\emwin\emWin_library\MCUXpresso\libemWin_M4F.a(GUI_Common.o)
                0x000067f0                GUI_SetLineStyle
 .text.GUI_SetOrg
                0x00006810       0x40 D:\work folder\NithinGit\Nithin_ADCModule\emwin\emWin_library\MCUXpresso\libemWin_M4F.a(GUI_Common.o)
                0x00006810                GUI_SetOrg
 .text.GUI_SetTextAlign
                0x00006850       0x24 D:\work folder\NithinGit\Nithin_ADCModule\emwin\emWin_library\MCUXpresso\libemWin_M4F.a(GUI_Common.o)
                0x00006850                GUI_SetTextAlign
 .text.GUI_SetTextMode
                0x00006874       0x24 D:\work folder\NithinGit\Nithin_ADCModule\emwin\emWin_library\MCUXpresso\libemWin_M4F.a(GUI_Common.o)
                0x00006874                GUI_SetTextMode
 .text.GL_SetDefault
                0x00006898       0x50 D:\work folder\NithinGit\Nithin_ADCModule\emwin\emWin_library\MCUXpresso\libemWin_M4F.a(GUI_Common.o)
                0x00006898                GL_SetDefault
 .text.LCD_Index2Color_M565
                0x000068e8       0x2c D:\work folder\NithinGit\Nithin_ADCModule\emwin\emWin_library\MCUXpresso\libemWin_M4F.a(GUICC_M565.o)
                0x000068e8                LCD_Index2Color_M565
 .text._Color2Index_M565
                0x00006914       0x28 D:\work folder\NithinGit\Nithin_ADCModule\emwin\emWin_library\MCUXpresso\libemWin_M4F.a(GUICC_M565.o)
 .text._Color2IndexBulk
                0x0000693c       0x5c D:\work folder\NithinGit\Nithin_ADCModule\emwin\emWin_library\MCUXpresso\libemWin_M4F.a(GUICC_M565.o)
 .text._Index2ColorBulk
                0x00006998       0x70 D:\work folder\NithinGit\Nithin_ADCModule\emwin\emWin_library\MCUXpresso\libemWin_M4F.a(GUICC_M565.o)
 .text.GUI_FillRect
                0x00006a08       0x58 D:\work folder\NithinGit\Nithin_ADCModule\emwin\emWin_library\MCUXpresso\libemWin_M4F.a(GUI_DrawLib.o)
                0x00006a08                GUI_FillRect
 .text._DispLine
                0x00006a60       0x94 D:\work folder\NithinGit\Nithin_ADCModule\emwin\emWin_library\MCUXpresso\libemWin_M4F.a(GUI_CharLine.o)
 .text.GUI__GetLineNumChars
                0x00006af4       0x3c D:\work folder\NithinGit\Nithin_ADCModule\emwin\emWin_library\MCUXpresso\libemWin_M4F.a(GUI_CharLine.o)
                0x00006af4                GUI__GetLineNumChars
 .text.GUI__GetLineDistX
                0x00006b30       0x60 D:\work folder\NithinGit\Nithin_ADCModule\emwin\emWin_library\MCUXpresso\libemWin_M4F.a(GUI_CharLine.o)
                0x00006b30                GUI__GetLineDistX
 .text.GUI__DispLine
                0x00006b90       0xa4 D:\work folder\NithinGit\Nithin_ADCModule\emwin\emWin_library\MCUXpresso\libemWin_M4F.a(GUI_CharLine.o)
                0x00006b90                GUI__DispLine
 .text.GUI_SignalEvent
                0x00006c34       0x10 D:\work folder\NithinGit\Nithin_ADCModule\emwin\emWin_library\MCUXpresso\libemWin_M4F.a(GUI_WaitEvent.o)
                0x00006c34                GUI_SignalEvent
 .text.GUI_DispString
                0x00006c44      0x120 D:\work folder\NithinGit\Nithin_ADCModule\emwin\emWin_library\MCUXpresso\libemWin_M4F.a(GUI_DispString.o)
                0x00006c44                GUI_DispString
 .text.GUI_DispStringAt
                0x00006d64       0x28 D:\work folder\NithinGit\Nithin_ADCModule\emwin\emWin_library\MCUXpresso\libemWin_M4F.a(GUI_DispString.o)
                0x00006d64                GUI_DispStringAt
 .text.GUI_DispStringHCenterAt
                0x00006d8c       0x34 D:\work folder\NithinGit\Nithin_ADCModule\emwin\emWin_library\MCUXpresso\libemWin_M4F.a(GUI_DispString.o)
                0x00006d8c                GUI_DispStringHCenterAt
 .text.GUI__GetNonExistingCharWidth
                0x00006dc0        0xc D:\work folder\NithinGit\Nithin_ADCModule\emwin\emWin_library\MCUXpresso\libemWin_M4F.a(GUI_Char.o)
                0x00006dc0                GUI__GetNonExistingCharWidth
 .text.GUI__DrawNonExistingCharacter
                0x00006dcc        0xc D:\work folder\NithinGit\Nithin_ADCModule\emwin\emWin_library\MCUXpresso\libemWin_M4F.a(GUI_Char.o)
                0x00006dcc                GUI__DrawNonExistingCharacter
 .text.GUI_GetYAdjust
                0x00006dd8       0x3c D:\work folder\NithinGit\Nithin_ADCModule\emwin\emWin_library\MCUXpresso\libemWin_M4F.a(GUI_Char.o)
                0x00006dd8                GUI_GetYAdjust
 .text.GUI_GetFontDistY
                0x00006e14       0x20 D:\work folder\NithinGit\Nithin_ADCModule\emwin\emWin_library\MCUXpresso\libemWin_M4F.a(GUI_Char.o)
                0x00006e14                GUI_GetFontDistY
 .text.GUI_GetCharDistX
                0x00006e34       0x28 D:\work folder\NithinGit\Nithin_ADCModule\emwin\emWin_library\MCUXpresso\libemWin_M4F.a(GUI_Char.o)
                0x00006e34                GUI_GetCharDistX
 .text.GUI_GetCharDistXEx
                0x00006e5c       0x2c D:\work folder\NithinGit\Nithin_ADCModule\emwin\emWin_library\MCUXpresso\libemWin_M4F.a(GUI_Char.o)
                0x00006e5c                GUI_GetCharDistXEx
 .text._OnExit  0x00006e88       0x4c D:\work folder\NithinGit\Nithin_ADCModule\emwin\emWin_library\MCUXpresso\libemWin_M4F.a(GUI_MULTIBUF.o)
 .text.GUI_MULTIBUF_BeginEx
                0x00006ed4       0x78 D:\work folder\NithinGit\Nithin_ADCModule\emwin\emWin_library\MCUXpresso\libemWin_M4F.a(GUI_MULTIBUF.o)
                0x00006ed4                GUI_MULTIBUF_BeginEx
 .text.GUI_MULTIBUF_Begin
                0x00006f4c       0x10 D:\work folder\NithinGit\Nithin_ADCModule\emwin\emWin_library\MCUXpresso\libemWin_M4F.a(GUI_MULTIBUF.o)
                0x00006f4c                GUI_MULTIBUF_Begin
 .text.GUI_MULTIBUF_EndEx
                0x00006f5c       0x70 D:\work folder\NithinGit\Nithin_ADCModule\emwin\emWin_library\MCUXpresso\libemWin_M4F.a(GUI_MULTIBUF.o)
                0x00006f5c                GUI_MULTIBUF_EndEx
 .text.GUI_MULTIBUF_End
                0x00006fcc       0x10 D:\work folder\NithinGit\Nithin_ADCModule\emwin\emWin_library\MCUXpresso\libemWin_M4F.a(GUI_MULTIBUF.o)
                0x00006fcc                GUI_MULTIBUF_End
 .text.GUI_MULTIBUF_ConfirmEx
                0x00006fdc       0x30 D:\work folder\NithinGit\Nithin_ADCModule\emwin\emWin_library\MCUXpresso\libemWin_M4F.a(GUI_MULTIBUF.o)
                0x00006fdc                GUI_MULTIBUF_ConfirmEx
 .text.GUI_MULTIBUF_ConfigEx
                0x0000700c       0x3c D:\work folder\NithinGit\Nithin_ADCModule\emwin\emWin_library\MCUXpresso\libemWin_M4F.a(GUI_MULTIBUF.o)
                0x0000700c                GUI_MULTIBUF_ConfigEx
 .text.GUI_MULTIBUF_Confirm
                0x00007048       0x10 D:\work folder\NithinGit\Nithin_ADCModule\emwin\emWin_library\MCUXpresso\libemWin_M4F.a(GUI_MULTIBUF.o)
                0x00007048                GUI_MULTIBUF_Confirm
 .text.GUI_MULTIBUF_Config
                0x00007058       0x10 D:\work folder\NithinGit\Nithin_ADCModule\emwin\emWin_library\MCUXpresso\libemWin_M4F.a(GUI_MULTIBUF.o)
                0x00007058                GUI_MULTIBUF_Config
 .text._OnExit  0x00007068       0x40 D:\work folder\NithinGit\Nithin_ADCModule\emwin\emWin_library\MCUXpresso\libemWin_M4F.a(GUI__Alpha.o)
 .text.GUI__GetAlphaBuffer
                0x000070a8       0xd4 D:\work folder\NithinGit\Nithin_ADCModule\emwin\emWin_library\MCUXpresso\libemWin_M4F.a(GUI__Alpha.o)
                0x000070a8                GUI__GetAlphaBuffer
 .text.GUI__DoAlphaBlending
                0x0000717c      0x1c4 D:\work folder\NithinGit\Nithin_ADCModule\emwin\emWin_library\MCUXpresso\libemWin_M4F.a(GUI__Alpha.o)
                0x0000717c                GUI__DoAlphaBlending
 .text.GUIMONO_DispChar
                0x00007340      0x144 D:\work folder\NithinGit\Nithin_ADCModule\emwin\emWin_library\MCUXpresso\libemWin_M4F.a(GUI_CharM.o)
                0x00007340                GUIMONO_DispChar
 .text.GUIMONO_GetCharDistX
                0x00007484       0x18 D:\work folder\NithinGit\Nithin_ADCModule\emwin\emWin_library\MCUXpresso\libemWin_M4F.a(GUI_CharM.o)
                0x00007484                GUIMONO_GetCharDistX
 .text._GetDevData
                0x0000749c       0x10 D:\work folder\NithinGit\Nithin_ADCModule\emwin\emWin_library\MCUXpresso\libemWin_M4F.a(GUIDEV_16.o)
 .text._GetDevFunc
                0x000074ac       0x10 D:\work folder\NithinGit\Nithin_ADCModule\emwin\emWin_library\MCUXpresso\libemWin_M4F.a(GUIDEV_16.o)
 .text._XY2PTR  0x000074bc       0x3c D:\work folder\NithinGit\Nithin_ADCModule\emwin\emWin_library\MCUXpresso\libemWin_M4F.a(GUIDEV_16.o)
 .text._XorPixel
                0x000074f8       0x54 D:\work folder\NithinGit\Nithin_ADCModule\emwin\emWin_library\MCUXpresso\libemWin_M4F.a(GUIDEV_16.o)
 .text._SetPixelIndex
                0x0000754c       0x48 D:\work folder\NithinGit\Nithin_ADCModule\emwin\emWin_library\MCUXpresso\libemWin_M4F.a(GUIDEV_16.o)
 .text._DrawVLine
                0x00007594       0xbc D:\work folder\NithinGit\Nithin_ADCModule\emwin\emWin_library\MCUXpresso\libemWin_M4F.a(GUIDEV_16.o)
 .text._FillRect
                0x00007650       0xb0 D:\work folder\NithinGit\Nithin_ADCModule\emwin\emWin_library\MCUXpresso\libemWin_M4F.a(GUIDEV_16.o)
 .text._DrawBitmap
                0x00007700      0x6c0 D:\work folder\NithinGit\Nithin_ADCModule\emwin\emWin_library\MCUXpresso\libemWin_M4F.a(GUIDEV_16.o)
 .text.GUI_MEMDEV__CreateFixed
                0x00007dc0      0x108 D:\work folder\NithinGit\Nithin_ADCModule\emwin\emWin_library\MCUXpresso\libemWin_M4F.a(GUIDEV.o)
                0x00007dc0                GUI_MEMDEV__CreateFixed
 .text.GUI_MEMDEV_Delete
                0x00007ec8       0x48 D:\work folder\NithinGit\Nithin_ADCModule\emwin\emWin_library\MCUXpresso\libemWin_M4F.a(GUIDEV.o)
                0x00007ec8                GUI_MEMDEV_Delete
 .text.GUI_MEMDEV_CreateEx
                0x00007f10       0x88 D:\work folder\NithinGit\Nithin_ADCModule\emwin\emWin_library\MCUXpresso\libemWin_M4F.a(GUIDEV.o)
                0x00007f10                GUI_MEMDEV_CreateEx
 .text.GUI_MEMDEV_Select
                0x00007f98       0x50 D:\work folder\NithinGit\Nithin_ADCModule\emwin\emWin_library\MCUXpresso\libemWin_M4F.a(GUIDEV.o)
                0x00007f98                GUI_MEMDEV_Select
 .text.GUI_MEMDEV_CopyToLCDAt
                0x00007fe8       0x9c D:\work folder\NithinGit\Nithin_ADCModule\emwin\emWin_library\MCUXpresso\libemWin_M4F.a(GUIDEV.o)
                0x00007fe8                GUI_MEMDEV_CopyToLCDAt
 .text.GUI_MEMDEV_CopyToLCD
                0x00008084        0xc D:\work folder\NithinGit\Nithin_ADCModule\emwin\emWin_library\MCUXpresso\libemWin_M4F.a(GUIDEV.o)
                0x00008084                GUI_MEMDEV_CopyToLCD
 .text.GUI_MEMDEV__WriteToActiveOpaque
                0x00008090      0x708 D:\work folder\NithinGit\Nithin_ADCModule\emwin\emWin_library\MCUXpresso\libemWin_M4F.a(GUIDEV_WriteToActiveOpaque.o)
                0x00008090                GUI_MEMDEV__WriteToActiveOpaque
 .text._CreateStaticDevice
                0x00008798      0x158 D:\work folder\NithinGit\Nithin_ADCModule\emwin\emWin_library\MCUXpresso\libemWin_M4F.a(GUIDEV_StaticDevices.o)
 .text.GUI_MEMDEV_WriteAt
                0x000088f0       0x6c D:\work folder\NithinGit\Nithin_ADCModule\emwin\emWin_library\MCUXpresso\libemWin_M4F.a(GUIDEV_Write.o)
                0x000088f0                GUI_MEMDEV_WriteAt
 .text.GUI_MEMDEV_Write
                0x0000895c        0xc D:\work folder\NithinGit\Nithin_ADCModule\emwin\emWin_library\MCUXpresso\libemWin_M4F.a(GUIDEV_Write.o)
                0x0000895c                GUI_MEMDEV_Write
 .text.GUI_MEMDEV_SetOrg
                0x00008968       0x64 D:\work folder\NithinGit\Nithin_ADCModule\emwin\emWin_library\MCUXpresso\libemWin_M4F.a(GUIDEV_SetOrg.o)
                0x00008968                GUI_MEMDEV_SetOrg
 .text.GUI_MEMDEV_GetYSize
                0x000089cc       0x34 D:\work folder\NithinGit\Nithin_ADCModule\emwin\emWin_library\MCUXpresso\libemWin_M4F.a(GUIDEV_GetYSize.o)
                0x000089cc                GUI_MEMDEV_GetYSize
 .text._GetDevData
                0x00008a00       0x10 D:\work folder\NithinGit\Nithin_ADCModule\emwin\emWin_library\MCUXpresso\libemWin_M4F.a(GUIDEV_32.o)
 .text._GetDevFunc
                0x00008a10       0x10 D:\work folder\NithinGit\Nithin_ADCModule\emwin\emWin_library\MCUXpresso\libemWin_M4F.a(GUIDEV_32.o)
 .text._XY2PTR  0x00008a20       0x3c D:\work folder\NithinGit\Nithin_ADCModule\emwin\emWin_library\MCUXpresso\libemWin_M4F.a(GUIDEV_32.o)
 .text._XorPixel
                0x00008a5c       0x5c D:\work folder\NithinGit\Nithin_ADCModule\emwin\emWin_library\MCUXpresso\libemWin_M4F.a(GUIDEV_32.o)
 .text._SetPixelIndex
                0x00008ab8       0x48 D:\work folder\NithinGit\Nithin_ADCModule\emwin\emWin_library\MCUXpresso\libemWin_M4F.a(GUIDEV_32.o)
 .text._DrawVLine
                0x00008b00       0xbc D:\work folder\NithinGit\Nithin_ADCModule\emwin\emWin_library\MCUXpresso\libemWin_M4F.a(GUIDEV_32.o)
 .text._FillRect
                0x00008bbc       0xb8 D:\work folder\NithinGit\Nithin_ADCModule\emwin\emWin_library\MCUXpresso\libemWin_M4F.a(GUIDEV_32.o)
 .text._DrawBitmap
                0x00008c74      0x720 D:\work folder\NithinGit\Nithin_ADCModule\emwin\emWin_library\MCUXpresso\libemWin_M4F.a(GUIDEV_32.o)
 .text.GUI_MEMDEV_Draw
                0x00009394      0x17c D:\work folder\NithinGit\Nithin_ADCModule\emwin\emWin_library\MCUXpresso\libemWin_M4F.a(GUIDEV_Banding.o)
                0x00009394                GUI_MEMDEV_Draw
 .text.GUI_USAGE_BM_Create
                0x00009510       0x5c D:\work folder\NithinGit\Nithin_ADCModule\emwin\emWin_library\MCUXpresso\libemWin_M4F.a(GUIDEV_UsageBM.o)
                0x00009510                GUI_USAGE_BM_Create
 .text._ClipX   0x0000956c       0x44 D:\work folder\NithinGit\Nithin_ADCModule\emwin\emWin_library\MCUXpresso\libemWin_M4F.a(GUIDEV_WriteToActiveAlpha.o)
 .text._ClipY   0x000095b0       0x44 D:\work folder\NithinGit\Nithin_ADCModule\emwin\emWin_library\MCUXpresso\libemWin_M4F.a(GUIDEV_WriteToActiveAlpha.o)
 .text._WriteToActiveAlpha
                0x000095f4      0x138 D:\work folder\NithinGit\Nithin_ADCModule\emwin\emWin_library\MCUXpresso\libemWin_M4F.a(GUIDEV_WriteToActiveAlpha.o)
 .text.GUI_MEMDEV__WriteToActiveAlpha
                0x0000972c      0x118 D:\work folder\NithinGit\Nithin_ADCModule\emwin\emWin_library\MCUXpresso\libemWin_M4F.a(GUIDEV_WriteToActiveAlpha.o)
                0x0000972c                GUI_MEMDEV__WriteToActiveAlpha
 .text.GUI__ConvertColor2Index
                0x00009844      0x1b0 D:\work folder\NithinGit\Nithin_ADCModule\emwin\emWin_library\MCUXpresso\libemWin_M4F.a(GUI__CompactPixelIndices.o)
                0x00009844                GUI__ConvertColor2Index
 .text.LCD_AA_SetOrMask
                0x000099f4       0x10 D:\work folder\NithinGit\Nithin_ADCModule\emwin\emWin_library\MCUXpresso\libemWin_M4F.a(LCD_AA.o)
                0x000099f4                LCD_AA_SetOrMask
 .text._OnExit  0x00009a04       0x1c D:\work folder\NithinGit\Nithin_ADCModule\emwin\emWin_library\MCUXpresso\libemWin_M4F.a(LCD_Color.o)
 .text.LCD_InitColors
                0x00009a20       0x38 D:\work folder\NithinGit\Nithin_ADCModule\emwin\emWin_library\MCUXpresso\libemWin_M4F.a(LCD_Color.o)
                0x00009a20                LCD_InitColors
 .text.LCD_InitLUT
                0x00009a58       0x84 D:\work folder\NithinGit\Nithin_ADCModule\emwin\emWin_library\MCUXpresso\libemWin_M4F.a(LCD_Color.o)
                0x00009a58                LCD_InitLUT
 .text.LCD_SelectLCD
                0x00009adc       0x40 D:\work folder\NithinGit\Nithin_ADCModule\emwin\emWin_library\MCUXpresso\libemWin_M4F.a(LCD_SelectLCD.o)
                0x00009adc                LCD_SelectLCD
 .text.LCD_GetBkColorIndex
                0x00009b1c       0x10 D:\work folder\NithinGit\Nithin_ADCModule\emwin\emWin_library\MCUXpresso\libemWin_M4F.a(LCD_GetColorIndex.o)
                0x00009b1c                LCD_GetBkColorIndex
 .text.LCD_GetColorIndex
                0x00009b2c       0x10 D:\work folder\NithinGit\Nithin_ADCModule\emwin\emWin_library\MCUXpresso\libemWin_M4F.a(LCD_GetColorIndex.o)
                0x00009b2c                LCD_GetColorIndex
 .text._Unlink  0x00009b3c       0x4c D:\work folder\NithinGit\Nithin_ADCModule\emwin\emWin_library\MCUXpresso\libemWin_M4F.a(GUI_Timer.o)
 .text.GUI_TIMER__GetFirstTimer
                0x00009b88       0x2c D:\work folder\NithinGit\Nithin_ADCModule\emwin\emWin_library\MCUXpresso\libemWin_M4F.a(GUI_Timer.o)
                0x00009b88                GUI_TIMER__GetFirstTimer
 .text.GUI_TIMER_Delete
                0x00009bb4       0x74 D:\work folder\NithinGit\Nithin_ADCModule\emwin\emWin_library\MCUXpresso\libemWin_M4F.a(GUI_Timer.o)
                0x00009bb4                GUI_TIMER_Delete
 .text.LCD_UpdateColorIndices
                0x00009c28       0x24 D:\work folder\NithinGit\Nithin_ADCModule\emwin\emWin_library\MCUXpresso\libemWin_M4F.a(LCD_UpdateColorIndices.o)
                0x00009c28                LCD_UpdateColorIndices
 .text.GUI__DrawCharEXT
                0x00009c4c       0x1c D:\work folder\NithinGit\Nithin_ADCModule\emwin\emWin_library\MCUXpresso\libemWin_M4F.a(GUI_EncExt.o)
                0x00009c4c                GUI__DrawCharEXT
 .text.GUI__AlphaPreserveTrans
                0x00009c68       0x24 D:\work folder\NithinGit\Nithin_ADCModule\emwin\emWin_library\MCUXpresso\libemWin_M4F.a(GUI_SetAlpha.o)
                0x00009c68                GUI__AlphaPreserveTrans
 .text.LCD_ReadRectEx
                0x00009c8c      0x198 D:\work folder\NithinGit\Nithin_ADCModule\emwin\emWin_library\MCUXpresso\libemWin_M4F.a(LCD_ReadRect.o)
 .text.GUI_ReadRectEx
                0x00009e24       0x60 D:\work folder\NithinGit\Nithin_ADCModule\emwin\emWin_library\MCUXpresso\libemWin_M4F.a(LCD_ReadRect.o)
                0x00009e24                GUI_ReadRectEx
 .text.GUI__ExpandPixelIndicesEx
                0x00009e84      0x18c D:\work folder\NithinGit\Nithin_ADCModule\emwin\emWin_library\MCUXpresso\libemWin_M4F.a(GUI__ExpandPixelIndices.o)
                0x00009e84                GUI__ExpandPixelIndicesEx
 .text.GUI_MEMDEV_ReduceYSize
                0x0000a010       0x38 D:\work folder\NithinGit\Nithin_ADCModule\emwin\emWin_library\MCUXpresso\libemWin_M4F.a(GUIDEV_ReduceYSize.o)
                0x0000a010                GUI_MEMDEV_ReduceYSize
 .text.GUI_MEMDEV_Clear
                0x0000a048       0x44 D:\work folder\NithinGit\Nithin_ADCModule\emwin\emWin_library\MCUXpresso\libemWin_M4F.a(GUIDEV_Clear.o)
                0x0000a048                GUI_MEMDEV_Clear
 .text.__assertion_failed
                0x0000a08c       0x4c c:/nxp/mcuxpressoide_11.5.0_7232/ide/plugins/com.nxp.mcuxpresso.tools.win32_11.5.0.202107051138/tools/bin/../lib/gcc/arm-none-eabi/10.3.1/../../../../arm-none-eabi/lib/thumb/v7e-m+fp/hard\libcr_semihost_nf.a(_cr_assert.o)
                0x0000a08c                __assertion_failed
 .text.__sys_appexit
                0x0000a0d8        0xc c:/nxp/mcuxpressoide_11.5.0_7232/ide/plugins/com.nxp.mcuxpresso.tools.win32_11.5.0.202107051138/tools/bin/../lib/gcc/arm-none-eabi/10.3.1/../../../../arm-none-eabi/lib/thumb/v7e-m+fp/hard\libcr_semihost_nf.a(__sys_appexit.o)
                0x0000a0d8                __sys_appexit
                0x0000a0d8                __exit
 .text._Cwritebuf
                0x0000a0e4       0x6c c:/nxp/mcuxpressoide_11.5.0_7232/ide/plugins/com.nxp.mcuxpresso.tools.win32_11.5.0.202107051138/tools/bin/../lib/gcc/arm-none-eabi/10.3.1/../../../../arm-none-eabi/lib/thumb/v7e-m+fp/hard\libcr_c.a(_writebuf.o)
                0x0000a0e4                _Cwritebuf
 .text.malloc   0x0000a150       0xc8 c:/nxp/mcuxpressoide_11.5.0_7232/ide/plugins/com.nxp.mcuxpresso.tools.win32_11.5.0.202107051138/tools/bin/../lib/gcc/arm-none-eabi/10.3.1/../../../../arm-none-eabi/lib/thumb/v7e-m+fp/hard\libcr_c.a(alloc.o)
                0x0000a150                malloc
 .text._Csys_alloc
                0x0000a218       0x20 c:/nxp/mcuxpressoide_11.5.0_7232/ide/plugins/com.nxp.mcuxpresso.tools.win32_11.5.0.202107051138/tools/bin/../lib/gcc/arm-none-eabi/10.3.1/../../../../arm-none-eabi/lib/thumb/v7e-m+fp/hard\libcr_c.a(alloc.o)
                0x0000a218                _Csys_alloc
 .text.fseek    0x0000a238       0xfc c:/nxp/mcuxpressoide_11.5.0_7232/ide/plugins/com.nxp.mcuxpresso.tools.win32_11.5.0.202107051138/tools/bin/../lib/gcc/arm-none-eabi/10.3.1/../../../../arm-none-eabi/lib/thumb/v7e-m+fp/hard\libcr_c.a(fseek.o)
                0x0000a238                fseek
 .text.ftell    0x0000a334       0x44 c:/nxp/mcuxpressoide_11.5.0_7232/ide/plugins/com.nxp.mcuxpresso.tools.win32_11.5.0.202107051138/tools/bin/../lib/gcc/arm-none-eabi/10.3.1/../../../../arm-none-eabi/lib/thumb/v7e-m+fp/hard\libcr_c.a(ftell.o)
                0x0000a334                ftell
 .text._initio  0x0000a378       0x78 c:/nxp/mcuxpressoide_11.5.0_7232/ide/plugins/com.nxp.mcuxpresso.tools.win32_11.5.0.202107051138/tools/bin/../lib/gcc/arm-none-eabi/10.3.1/../../../../arm-none-eabi/lib/thumb/v7e-m+fp/hard\libcr_c.a(initio.o)
                0x0000a378                _initio
 .text.__vfprintf
                0x0000a3f0      0xbf8 c:/nxp/mcuxpressoide_11.5.0_7232/ide/plugins/com.nxp.mcuxpresso.tools.win32_11.5.0.202107051138/tools/bin/../lib/gcc/arm-none-eabi/10.3.1/../../../../arm-none-eabi/lib/thumb/v7e-m+fp/hard\libcr_c.a(printf.o)
                0x0000a3f0                __vfprintf
 .text._sprintf
                0x0000afe8       0x6c c:/nxp/mcuxpressoide_11.5.0_7232/ide/plugins/com.nxp.mcuxpresso.tools.win32_11.5.0.202107051138/tools/bin/../lib/gcc/arm-none-eabi/10.3.1/../../../../arm-none-eabi/lib/thumb/v7e-m+fp/hard\libcr_c.a(printf.o)
                0x0000afe8                _sprintf
 .text._sbrk    0x0000b054       0x3c c:/nxp/mcuxpressoide_11.5.0_7232/ide/plugins/com.nxp.mcuxpresso.tools.win32_11.5.0.202107051138/tools/bin/../lib/gcc/arm-none-eabi/10.3.1/../../../../arm-none-eabi/lib/thumb/v7e-m+fp/hard\libcr_c.a(_cr_sbrk.o)
                0x0000b054                _sbrk
 .text.fflush   0x0000b090       0x3c c:/nxp/mcuxpressoide_11.5.0_7232/ide/plugins/com.nxp.mcuxpresso.tools.win32_11.5.0.202107051138/tools/bin/../lib/gcc/arm-none-eabi/10.3.1/../../../../arm-none-eabi/lib/thumb/v7e-m+fp/hard\libcr_c.a(fflush.o)
                0x0000b090                fflush
 .text.__check_heap_overflow
                0x0000b0cc       0x18 c:/nxp/mcuxpressoide_11.5.0_7232/ide/plugins/com.nxp.mcuxpresso.tools.win32_11.5.0.202107051138/tools/bin/../lib/gcc/arm-none-eabi/10.3.1/../../../../arm-none-eabi/lib/thumb/v7e-m+fp/hard\libcr_c.a(_cr_check_heap.o)
                0x0000b0cc                __check_heap_overflow
 .text.WDT_BOD_IRQHandler
                0x0000b0e4        0x8 ./startup/startup_lpc54618.o
                0x0000b0e4                WDT_BOD_IRQHandler
 .text.DMA0_IRQHandler
                0x0000b0ec        0x8 ./startup/startup_lpc54618.o
                0x0000b0ec                DMA0_IRQHandler
 .text.GINT0_IRQHandler
                0x0000b0f4        0x8 ./startup/startup_lpc54618.o
                0x0000b0f4                GINT0_IRQHandler
 .text.GINT1_IRQHandler
                0x0000b0fc        0x8 ./startup/startup_lpc54618.o
                0x0000b0fc                GINT1_IRQHandler
 .text.PIN_INT0_IRQHandler
                0x0000b104        0x8 ./startup/startup_lpc54618.o
                0x0000b104                PIN_INT0_IRQHandler
 .text.PIN_INT1_IRQHandler
                0x0000b10c        0x8 ./startup/startup_lpc54618.o
                0x0000b10c                PIN_INT1_IRQHandler
 .text.PIN_INT2_IRQHandler
                0x0000b114        0x8 ./startup/startup_lpc54618.o
                0x0000b114                PIN_INT2_IRQHandler
 .text.PIN_INT3_IRQHandler
                0x0000b11c        0x8 ./startup/startup_lpc54618.o
                0x0000b11c                PIN_INT3_IRQHandler
 .text.UTICK0_IRQHandler
                0x0000b124        0x8 ./startup/startup_lpc54618.o
                0x0000b124                UTICK0_IRQHandler
 .text.MRT0_IRQHandler
                0x0000b12c        0x8 ./startup/startup_lpc54618.o
                0x0000b12c                MRT0_IRQHandler
 .text.CTIMER0_IRQHandler
                0x0000b134        0x8 ./startup/startup_lpc54618.o
                0x0000b134                CTIMER0_IRQHandler
 .text.CTIMER1_IRQHandler
                0x0000b13c        0x8 ./startup/startup_lpc54618.o
                0x0000b13c                CTIMER1_IRQHandler
 .text.SCT0_IRQHandler
                0x0000b144        0x8 ./startup/startup_lpc54618.o
                0x0000b144                SCT0_IRQHandler
 .text.CTIMER3_IRQHandler
                0x0000b14c        0x8 ./startup/startup_lpc54618.o
                0x0000b14c                CTIMER3_IRQHandler
 .text.FLEXCOMM0_IRQHandler
                0x0000b154        0x8 ./startup/startup_lpc54618.o
                0x0000b154                FLEXCOMM0_IRQHandler
 .text.FLEXCOMM1_IRQHandler
                0x0000b15c        0x8 ./startup/startup_lpc54618.o
                0x0000b15c                FLEXCOMM1_IRQHandler
 .text.FLEXCOMM2_IRQHandler
                0x0000b164        0x8 ./startup/startup_lpc54618.o
                0x0000b164                FLEXCOMM2_IRQHandler
 .text.FLEXCOMM3_IRQHandler
                0x0000b16c        0x8 ./startup/startup_lpc54618.o
                0x0000b16c                FLEXCOMM3_IRQHandler
 .text.FLEXCOMM4_IRQHandler
                0x0000b174        0x8 ./startup/startup_lpc54618.o
                0x0000b174                FLEXCOMM4_IRQHandler
 .text.FLEXCOMM5_IRQHandler
                0x0000b17c        0x8 ./startup/startup_lpc54618.o
                0x0000b17c                FLEXCOMM5_IRQHandler
 .text.FLEXCOMM6_IRQHandler
                0x0000b184        0x8 ./startup/startup_lpc54618.o
                0x0000b184                FLEXCOMM6_IRQHandler
 .text.FLEXCOMM7_IRQHandler
                0x0000b18c        0x8 ./startup/startup_lpc54618.o
                0x0000b18c                FLEXCOMM7_IRQHandler
 .text.ADC0_SEQA_IRQHandler
                0x0000b194        0x8 ./startup/startup_lpc54618.o
                0x0000b194                ADC0_SEQA_IRQHandler
 .text.ADC0_SEQB_IRQHandler
                0x0000b19c        0x8 ./startup/startup_lpc54618.o
                0x0000b19c                ADC0_SEQB_IRQHandler
 .text.ADC0_THCMP_IRQHandler
                0x0000b1a4        0x8 ./startup/startup_lpc54618.o
                0x0000b1a4                ADC0_THCMP_IRQHandler
 .text.DMIC0_IRQHandler
                0x0000b1ac        0x8 ./startup/startup_lpc54618.o
                0x0000b1ac                DMIC0_IRQHandler
 .text.HWVAD0_IRQHandler
                0x0000b1b4        0x8 ./startup/startup_lpc54618.o
                0x0000b1b4                HWVAD0_IRQHandler
 .text.USB0_NEEDCLK_IRQHandler
                0x0000b1bc        0x8 ./startup/startup_lpc54618.o
                0x0000b1bc                USB0_NEEDCLK_IRQHandler
 .text.USB0_IRQHandler
                0x0000b1c4        0x8 ./startup/startup_lpc54618.o
                0x0000b1c4                USB0_IRQHandler
 .text.RTC_IRQHandler
                0x0000b1cc        0x8 ./startup/startup_lpc54618.o
                0x0000b1cc                RTC_IRQHandler
 .text.Reserved46_IRQHandler
                0x0000b1d4        0x8 ./startup/startup_lpc54618.o
                0x0000b1d4                Reserved46_IRQHandler
 .text.Reserved47_IRQHandler
                0x0000b1dc        0x8 ./startup/startup_lpc54618.o
                0x0000b1dc                Reserved47_IRQHandler
 .text.PIN_INT4_IRQHandler
                0x0000b1e4        0x8 ./startup/startup_lpc54618.o
                0x0000b1e4                PIN_INT4_IRQHandler
 .text.PIN_INT5_IRQHandler
                0x0000b1ec        0x8 ./startup/startup_lpc54618.o
                0x0000b1ec                PIN_INT5_IRQHandler
 .text.PIN_INT6_IRQHandler
                0x0000b1f4        0x8 ./startup/startup_lpc54618.o
                0x0000b1f4                PIN_INT6_IRQHandler
 .text.PIN_INT7_IRQHandler
                0x0000b1fc        0x8 ./startup/startup_lpc54618.o
                0x0000b1fc                PIN_INT7_IRQHandler
 .text.CTIMER2_IRQHandler
                0x0000b204        0x8 ./startup/startup_lpc54618.o
                0x0000b204                CTIMER2_IRQHandler
 .text.CTIMER4_IRQHandler
                0x0000b20c        0x8 ./startup/startup_lpc54618.o
                0x0000b20c                CTIMER4_IRQHandler
 .text.RIT_IRQHandler
                0x0000b214        0x8 ./startup/startup_lpc54618.o
                0x0000b214                RIT_IRQHandler
 .text.SPIFI0_IRQHandler
                0x0000b21c        0x8 ./startup/startup_lpc54618.o
                0x0000b21c                SPIFI0_IRQHandler
 .text.FLEXCOMM8_IRQHandler
                0x0000b224        0x8 ./startup/startup_lpc54618.o
                0x0000b224                FLEXCOMM8_IRQHandler
 .text.FLEXCOMM9_IRQHandler
                0x0000b22c        0x8 ./startup/startup_lpc54618.o
                0x0000b22c                FLEXCOMM9_IRQHandler
 .text.SDIO_IRQHandler
                0x0000b234        0x8 ./startup/startup_lpc54618.o
                0x0000b234                SDIO_IRQHandler
 .text.CAN0_IRQ0_IRQHandler
                0x0000b23c        0x8 ./startup/startup_lpc54618.o
                0x0000b23c                CAN0_IRQ0_IRQHandler
 .text.CAN0_IRQ1_IRQHandler
                0x0000b244        0x8 ./startup/startup_lpc54618.o
                0x0000b244                CAN0_IRQ1_IRQHandler
 .text.CAN1_IRQ0_IRQHandler
                0x0000b24c        0x8 ./startup/startup_lpc54618.o
                0x0000b24c                CAN1_IRQ0_IRQHandler
 .text.CAN1_IRQ1_IRQHandler
                0x0000b254        0x8 ./startup/startup_lpc54618.o
                0x0000b254                CAN1_IRQ1_IRQHandler
 .text.USB1_IRQHandler
                0x0000b25c        0x8 ./startup/startup_lpc54618.o
                0x0000b25c                USB1_IRQHandler
 .text.USB1_NEEDCLK_IRQHandler
                0x0000b264        0x8 ./startup/startup_lpc54618.o
                0x0000b264                USB1_NEEDCLK_IRQHandler
 .text.ETHERNET_IRQHandler
                0x0000b26c        0x8 ./startup/startup_lpc54618.o
                0x0000b26c                ETHERNET_IRQHandler
 .text.ETHERNET_PMT_IRQHandler
                0x0000b274        0x8 ./startup/startup_lpc54618.o
                0x0000b274                ETHERNET_PMT_IRQHandler
 .text.ETHERNET_MACLP_IRQHandler
                0x0000b27c        0x8 ./startup/startup_lpc54618.o
                0x0000b27c                ETHERNET_MACLP_IRQHandler
 .text.EEPROM_IRQHandler
                0x0000b284        0x8 ./startup/startup_lpc54618.o
                0x0000b284                EEPROM_IRQHandler
 .text.SHA_IRQHandler
                0x0000b28c        0x8 ./startup/startup_lpc54618.o
                0x0000b28c                SHA_IRQHandler
 .text.SMARTCARD0_IRQHandler
                0x0000b294        0x8 ./startup/startup_lpc54618.o
                0x0000b294                SMARTCARD0_IRQHandler
 .text.SMARTCARD1_IRQHandler
                0x0000b29c        0x8 ./startup/startup_lpc54618.o
                0x0000b29c                SMARTCARD1_IRQHandler
 .text.HardFault_Handler
                0x0000b2a4       0x2c ./source/semihost_hardfault.o
                0x0000b2a4                HardFault_Handler
 .text.CLOCK_SetFLASHAccessCycles
                0x0000b2d0       0x34 ./drivers/fsl_clock.o
 .text.CLOCK_IsSystemPLLLocked
                0x0000b304       0x24 ./drivers/fsl_clock.o
 .text.CLOCK_IsAudioPLLLocked
                0x0000b328       0x24 ./drivers/fsl_clock.o
 .text.CLOCK_Enable_SysOsc
                0x0000b34c       0x5c ./drivers/fsl_clock.o
 .text.POWER_EnablePD
                0x0000b3a8       0x2e ./drivers/fsl_clock.o
 .text.POWER_DisablePD
                0x0000b3d6       0x2e ./drivers/fsl_clock.o
 .text.CLOCK_GetLcdClkIn
                0x0000b404       0x10 ./drivers/fsl_clock.o
                0x0000b404                CLOCK_GetLcdClkIn
 .text.CLOCK_GetOsc32KFreq
                0x0000b414       0x12 ./drivers/fsl_clock.o
                0x0000b414                CLOCK_GetOsc32KFreq
 .text.CLOCK_GetCoreSysClkFreq
                0x0000b426       0x96 ./drivers/fsl_clock.o
                0x0000b426                CLOCK_GetCoreSysClkFreq
 .text.DelayLoop
                0x0000b4bc       0x20 ./drivers/fsl_common.o
 .text.CTIMER_GetStatusFlags
                0x0000b4dc       0x18 ./drivers/fsl_ctimer.o
 .text.CTIMER_ClearStatusFlags
                0x0000b4f4       0x1c ./drivers/fsl_ctimer.o
 .text.CTIMER0_DriverIRQHandler
                0x0000b510       0x14 ./drivers/fsl_ctimer.o
                0x0000b510                CTIMER0_DriverIRQHandler
 .text.CTIMER1_DriverIRQHandler
                0x0000b524       0x14 ./drivers/fsl_ctimer.o
                0x0000b524                CTIMER1_DriverIRQHandler
 .text.CTIMER2_DriverIRQHandler
                0x0000b538       0x14 ./drivers/fsl_ctimer.o
                0x0000b538                CTIMER2_DriverIRQHandler
 .text.CTIMER3_DriverIRQHandler
                0x0000b54c       0x14 ./drivers/fsl_ctimer.o
                0x0000b54c                CTIMER3_DriverIRQHandler
 .text.CTIMER4_DriverIRQHandler
                0x0000b560       0x14 ./drivers/fsl_ctimer.o
                0x0000b560                CTIMER4_DriverIRQHandler
 .text.CLOCK_GetEmcClkFreq
                0x0000b574       0x38 ./drivers/fsl_emc.o
 .text.EMC_ModeOffset
                0x0000b5ac       0x8a ./drivers/fsl_emc.o
 .text.GPIO_PinInit
                0x0000b636       0xa0 ./drivers/fsl_gpio.o
                0x0000b636                GPIO_PinInit
 .text.LCDC_GetDefaultConfig
                0x0000b6d6       0x8a ./drivers/fsl_lcdc.o
                0x0000b6d6                LCDC_GetDefaultConfig
 .text.LCDC_EnableInterrupts
                0x0000b760       0x4e ./drivers/fsl_lcdc.o
                0x0000b760                LCDC_EnableInterrupts
 .text.LCDC_GetEnabledInterruptsPendingStatus
                0x0000b7ae       0x28 ./drivers/fsl_lcdc.o
                0x0000b7ae                LCDC_GetEnabledInterruptsPendingStatus
 .text.LCDC_ClearInterruptsStatus
                0x0000b7d6       0x40 ./drivers/fsl_lcdc.o
                0x0000b7d6                LCDC_ClearInterruptsStatus
 .text.RESET_PeripheralReset
                0x0000b816       0x1c ./drivers/fsl_reset.o
                0x0000b816                RESET_PeripheralReset
 .text.SCTIMER_SetupCounterLimitAction
                0x0000b832       0x58 ./drivers/fsl_sctimer.o
 .text.SystemInitHook
                0x0000b88a        0xe ./device/system_LPC54618.o
                0x0000b88a                SystemInitHook
 .text.CLOCK_GetEmcClkFreq
                0x0000b898       0x38 ./board/board.o
 .text.EMC_Enable
                0x0000b8d0       0x38 ./board/board.o
 .text.POWER_DisablePD
                0x0000b908       0x2e ./board/clock_config.o
 .text.BOARD_InitBootClocks
                0x0000b936        0xc ./board/clock_config.o
                0x0000b936                BOARD_InitBootClocks
 .text.CTIMER_GetTimerCountValue
                0x0000b942       0x18 ./board/emwin_support.o
 .text.LCDC_Start
                0x0000b95a       0x20 ./board/emwin_support.o
 .text.LCDC_PowerUp
                0x0000b97a       0x20 ./board/emwin_support.o
 .text.LCDC_SetVerticalInterruptMode
                0x0000b99a       0x2e ./board/emwin_support.o
 .text.GUI_X_Init
                0x0000b9c8        0xe ./board/emwin_support.o
                0x0000b9c8                GUI_X_Init
 .text.GUI_X_InitOS
                0x0000b9d6        0xe ./board/emwin_support.o
                0x0000b9d6                GUI_X_InitOS
 .text.GUI_X_Lock
                0x0000b9e4        0xe ./board/emwin_support.o
                0x0000b9e4                GUI_X_Lock
 .text.GUI_X_Unlock
                0x0000b9f2        0xe ./board/emwin_support.o
                0x0000b9f2                GUI_X_Unlock
 .text.GUI_X_GetTaskId
                0x0000ba00       0x10 ./board/emwin_support.o
                0x0000ba00                GUI_X_GetTaskId
 .text.BOARD_InitBootPins
                0x0000ba10        0xc ./board/pin_mux.o
                0x0000ba10                BOARD_InitBootPins
 .text._GetRect
                0x0000ba1c       0x16 D:\work folder\NithinGit\Nithin_ADCModule\emwin\emWin_library\MCUXpresso\libemWin_M4F.a(GUIDRV_Lin_16.o)
 .text._SetPixelIndex
                0x0000ba32       0x12 D:\work folder\NithinGit\Nithin_ADCModule\emwin\emWin_library\MCUXpresso\libemWin_M4F.a(GUIDRV_Lin_16.o)
 .text._GetPixelIndex
                0x0000ba44       0x10 D:\work folder\NithinGit\Nithin_ADCModule\emwin\emWin_library\MCUXpresso\libemWin_M4F.a(GUIDRV_Lin_16.o)
 .text._XorPixel
                0x0000ba54       0x28 D:\work folder\NithinGit\Nithin_ADCModule\emwin\emWin_library\MCUXpresso\libemWin_M4F.a(GUIDRV_Lin_16.o)
 .text._GetDevProp
                0x0000ba7c       0x3c D:\work folder\NithinGit\Nithin_ADCModule\emwin\emWin_library\MCUXpresso\libemWin_M4F.a(GUIDRV_Lin_16.o)
 .text._ReadRect
                0x0000bab8       0x46 D:\work folder\NithinGit\Nithin_ADCModule\emwin\emWin_library\MCUXpresso\libemWin_M4F.a(GUIDRV_Lin_16.o)
 .text._InitOnce
                0x0000bafe       0x22 D:\work folder\NithinGit\Nithin_ADCModule\emwin\emWin_library\MCUXpresso\libemWin_M4F.a(GUIDRV_Lin_16.o)
 .text._SetDevFunc
                0x0000bb20       0x4e D:\work folder\NithinGit\Nithin_ADCModule\emwin\emWin_library\MCUXpresso\libemWin_M4F.a(GUIDRV_Lin_16.o)
 .text._GetPos  0x0000bb6e       0x1a D:\work folder\NithinGit\Nithin_ADCModule\emwin\emWin_library\MCUXpresso\libemWin_M4F.a(GUIDRV_Lin_16.o)
 .text._SetVSize
                0x0000bb88       0x18 D:\work folder\NithinGit\Nithin_ADCModule\emwin\emWin_library\MCUXpresso\libemWin_M4F.a(GUIDRV_Lin_16.o)
 .text._SetVRAM_BufferPTR
                0x0000bba0       0x16 D:\work folder\NithinGit\Nithin_ADCModule\emwin\emWin_library\MCUXpresso\libemWin_M4F.a(GUIDRV_Lin_16.o)
 .text._ShowBuffer
                0x0000bbb6       0x22 D:\work folder\NithinGit\Nithin_ADCModule\emwin\emWin_library\MCUXpresso\libemWin_M4F.a(GUIDRV_Lin_16.o)
 .text._SetChroma
                0x0000bbd8       0x16 D:\work folder\NithinGit\Nithin_ADCModule\emwin\emWin_library\MCUXpresso\libemWin_M4F.a(GUIDRV_Lin_16.o)
 .text._SetChromaMode
                0x0000bbee       0x14 D:\work folder\NithinGit\Nithin_ADCModule\emwin\emWin_library\MCUXpresso\libemWin_M4F.a(GUIDRV_Lin_16.o)
 .text._SetAlphaMode
                0x0000bc02       0x14 D:\work folder\NithinGit\Nithin_ADCModule\emwin\emWin_library\MCUXpresso\libemWin_M4F.a(GUIDRV_Lin_16.o)
 .text._Off     0x0000bc16        0xa D:\work folder\NithinGit\Nithin_ADCModule\emwin\emWin_library\MCUXpresso\libemWin_M4F.a(GUIDRV_Lin_16.o)
 .text._On      0x0000bc20        0xa D:\work folder\NithinGit\Nithin_ADCModule\emwin\emWin_library\MCUXpresso\libemWin_M4F.a(GUIDRV_Lin_16.o)
 .text._Init    0x0000bc2a       0x18 D:\work folder\NithinGit\Nithin_ADCModule\emwin\emWin_library\MCUXpresso\libemWin_M4F.a(GUIDRV_Lin_16.o)
 .text._SetVis  0x0000bc42       0x24 D:\work folder\NithinGit\Nithin_ADCModule\emwin\emWin_library\MCUXpresso\libemWin_M4F.a(GUIDRV_Lin_16.o)
 .text._SetAlpha
                0x0000bc66       0x24 D:\work folder\NithinGit\Nithin_ADCModule\emwin\emWin_library\MCUXpresso\libemWin_M4F.a(GUIDRV_Lin_16.o)
 .text._SetSize
                0x0000bc8a       0x32 D:\work folder\NithinGit\Nithin_ADCModule\emwin\emWin_library\MCUXpresso\libemWin_M4F.a(GUIDRV_Lin_16.o)
 .text._SetVRAMAddr
                0x0000bcbc       0x26 D:\work folder\NithinGit\Nithin_ADCModule\emwin\emWin_library\MCUXpresso\libemWin_M4F.a(GUIDRV_Lin_16.o)
 .text._SetPos  0x0000bce2       0xe2 D:\work folder\NithinGit\Nithin_ADCModule\emwin\emWin_library\MCUXpresso\libemWin_M4F.a(GUIDRV_Lin_16.o)
 .text._SetOrg  0x0000bdc4       0x94 D:\work folder\NithinGit\Nithin_ADCModule\emwin\emWin_library\MCUXpresso\libemWin_M4F.a(GUIDRV_Lin_16.o)
 .text._DrawHLine
                0x0000be58        0xe D:\work folder\NithinGit\Nithin_ADCModule\emwin\emWin_library\MCUXpresso\libemWin_M4F.a(GUIDRV_Lin_16.o)
 .text._DrawVLine
                0x0000be66       0x10 D:\work folder\NithinGit\Nithin_ADCModule\emwin\emWin_library\MCUXpresso\libemWin_M4F.a(GUIDRV_Lin_16.o)
 .text._Findy1  0x0000be76       0x9c D:\work folder\NithinGit\Nithin_ADCModule\emwin\emWin_library\MCUXpresso\libemWin_M4F.a(WM.o)
 .text._Findx0  0x0000bf12       0x86 D:\work folder\NithinGit\Nithin_ADCModule\emwin\emWin_library\MCUXpresso\libemWin_M4F.a(WM.o)
 .text._Findx1  0x0000bf98       0x74 D:\work folder\NithinGit\Nithin_ADCModule\emwin\emWin_library\MCUXpresso\libemWin_M4F.a(WM.o)
 .text._PaintTransChildren
                0x0000c00c       0x96 D:\work folder\NithinGit\Nithin_ADCModule\emwin\emWin_library\MCUXpresso\libemWin_M4F.a(WM.o)
 .text.WM__InsertWindowIntoList
                0x0000c0a2       0x9c D:\work folder\NithinGit\Nithin_ADCModule\emwin\emWin_library\MCUXpresso\libemWin_M4F.a(WM.o)
                0x0000c0a2                WM__InsertWindowIntoList
 .text.WM__RemoveWindowFromList
                0x0000c13e       0x3c D:\work folder\NithinGit\Nithin_ADCModule\emwin\emWin_library\MCUXpresso\libemWin_M4F.a(WM.o)
                0x0000c13e                WM__RemoveWindowFromList
 .text.WM__Client2Screen
                0x0000c17a       0x10 D:\work folder\NithinGit\Nithin_ADCModule\emwin\emWin_library\MCUXpresso\libemWin_M4F.a(WM.o)
                0x0000c17a                WM__Client2Screen
 .text.WM__RectIsNZ
                0x0000c18a       0x22 D:\work folder\NithinGit\Nithin_ADCModule\emwin\emWin_library\MCUXpresso\libemWin_M4F.a(WM.o)
                0x0000c18a                WM__RectIsNZ
 .text.WM__Invalidate1Abs
                0x0000c1ac        0x6 D:\work folder\NithinGit\Nithin_ADCModule\emwin\emWin_library\MCUXpresso\libemWin_M4F.a(WM.o)
                0x0000c1ac                WM__Invalidate1Abs
 .text.WM_InvalidateWindowAndDescsEx
                0x0000c1b2       0x62 D:\work folder\NithinGit\Nithin_ADCModule\emwin\emWin_library\MCUXpresso\libemWin_M4F.a(WM.o)
                0x0000c1b2                WM_InvalidateWindowAndDescsEx
 .text.WM__InvalidateRect
                0x0000c214       0x80 D:\work folder\NithinGit\Nithin_ADCModule\emwin\emWin_library\MCUXpresso\libemWin_M4F.a(WM.o)
                0x0000c214                WM__InvalidateRect
 .text.WM__InvalidateParent
                0x0000c294       0x2c D:\work folder\NithinGit\Nithin_ADCModule\emwin\emWin_library\MCUXpresso\libemWin_M4F.a(WM.o)
                0x0000c294                WM__InvalidateParent
 .text.WM__InvalidateRectEx
                0x0000c2c0        0x6 D:\work folder\NithinGit\Nithin_ADCModule\emwin\emWin_library\MCUXpresso\libemWin_M4F.a(WM.o)
                0x0000c2c0                WM__InvalidateRectEx
 .text.WM__DetachWindow
                0x0000c2c6       0x2a D:\work folder\NithinGit\Nithin_ADCModule\emwin\emWin_library\MCUXpresso\libemWin_M4F.a(WM.o)
                0x0000c2c6                WM__DetachWindow
 .text.WM__SendMsgNoData
                0x0000c2f0       0x12 D:\work folder\NithinGit\Nithin_ADCModule\emwin\emWin_library\MCUXpresso\libemWin_M4F.a(WM.o)
                0x0000c2f0                WM__SendMsgNoData
 .text.WM__GetClientRectWin
                0x0000c302       0x18 D:\work folder\NithinGit\Nithin_ADCModule\emwin\emWin_library\MCUXpresso\libemWin_M4F.a(WM.o)
                0x0000c302                WM__GetClientRectWin
 .text.WM_InvalidateRect
                0x0000c31a       0x88 D:\work folder\NithinGit\Nithin_ADCModule\emwin\emWin_library\MCUXpresso\libemWin_M4F.a(WM.o)
                0x0000c31a                WM_InvalidateRect
 .text.WM_InvalidateWindow
                0x0000c3a2        0x6 D:\work folder\NithinGit\Nithin_ADCModule\emwin\emWin_library\MCUXpresso\libemWin_M4F.a(WM.o)
                0x0000c3a2                WM_InvalidateWindow
 .text.WM_CreateWindow
                0x0000c3a8       0x1a D:\work folder\NithinGit\Nithin_ADCModule\emwin\emWin_library\MCUXpresso\libemWin_M4F.a(WM.o)
                0x0000c3a8                WM_CreateWindow
 .text.WM__GetFirstSibling
                0x0000c3c2       0x14 D:\work folder\NithinGit\Nithin_ADCModule\emwin\emWin_library\MCUXpresso\libemWin_M4F.a(WM__Private.o)
                0x0000c3c2                WM__GetFirstSibling
 .text.WM__GetPrevSibling
                0x0000c3d6       0x28 D:\work folder\NithinGit\Nithin_ADCModule\emwin\emWin_library\MCUXpresso\libemWin_M4F.a(WM__Private.o)
                0x0000c3d6                WM__GetPrevSibling
 .text.WM__SendMessageNoPara
                0x0000c3fe       0x28 D:\work folder\NithinGit\Nithin_ADCModule\emwin\emWin_library\MCUXpresso\libemWin_M4F.a(WM__Private.o)
                0x0000c3fe                WM__SendMessageNoPara
 .text.WM__UpdateChildPositions
                0x0000c426       0xea D:\work folder\NithinGit\Nithin_ADCModule\emwin\emWin_library\MCUXpresso\libemWin_M4F.a(WM__Private.o)
                0x0000c426                WM__UpdateChildPositions
 .text.WM__GetClientRectEx
                0x0000c510       0x1e D:\work folder\NithinGit\Nithin_ADCModule\emwin\emWin_library\MCUXpresso\libemWin_M4F.a(WM__Private.o)
                0x0000c510                WM__GetClientRectEx
 .text.WM_GetFirstChild
                0x0000c52e       0x1a D:\work folder\NithinGit\Nithin_ADCModule\emwin\emWin_library\MCUXpresso\libemWin_M4F.a(WM_Lib.o)
                0x0000c52e                WM_GetFirstChild
 .text.WM_GetWindowOrgX
                0x0000c548       0x1c D:\work folder\NithinGit\Nithin_ADCModule\emwin\emWin_library\MCUXpresso\libemWin_M4F.a(WM_Lib.o)
                0x0000c548                WM_GetWindowOrgX
 .text.WM_GetParent
                0x0000c564       0x1a D:\work folder\NithinGit\Nithin_ADCModule\emwin\emWin_library\MCUXpresso\libemWin_M4F.a(WM_Lib.o)
                0x0000c564                WM_GetParent
 .text.WM_BringToBottom
                0x0000c57e       0x94 D:\work folder\NithinGit\Nithin_ADCModule\emwin\emWin_library\MCUXpresso\libemWin_M4F.a(WM_Lib.o)
                0x0000c57e                WM_BringToBottom
 .text.WM_SendToParent.part.0
                0x0000c612       0x22 D:\work folder\NithinGit\Nithin_ADCModule\emwin\emWin_library\MCUXpresso\libemWin_M4F.a(WM_Lib.o)
 .text.WM_NotifyParent
                0x0000c634       0x14 D:\work folder\NithinGit\Nithin_ADCModule\emwin\emWin_library\MCUXpresso\libemWin_M4F.a(WM_Lib.o)
                0x0000c634                WM_NotifyParent
 .text.WM_ResizeWindow
                0x0000c648      0x102 D:\work folder\NithinGit\Nithin_ADCModule\emwin\emWin_library\MCUXpresso\libemWin_M4F.a(WM_Lib.o)
                0x0000c648                WM_ResizeWindow
 .text.WM_SendMessageNoPara
                0x0000c74a       0x1c D:\work folder\NithinGit\Nithin_ADCModule\emwin\emWin_library\MCUXpresso\libemWin_M4F.a(WM_Lib.o)
                0x0000c74a                WM_SendMessageNoPara
 .text.WM_SendToParent
                0x0000c766        0x8 D:\work folder\NithinGit\Nithin_ADCModule\emwin\emWin_library\MCUXpresso\libemWin_M4F.a(WM_Lib.o)
                0x0000c766                WM_SendToParent
 .text.WM_SetSize
                0x0000c76e       0x4e D:\work folder\NithinGit\Nithin_ADCModule\emwin\emWin_library\MCUXpresso\libemWin_M4F.a(WM_Lib.o)
                0x0000c76e                WM_SetSize
 .text.GUI_DEVICE_Delete
                0x0000c7bc        0x4 D:\work folder\NithinGit\Nithin_ADCModule\emwin\emWin_library\MCUXpresso\libemWin_M4F.a(GUI_Device.o)
                0x0000c7bc                GUI_DEVICE_Delete
 .text.GUI_DEVICE_UnlinkTaskDevices
                0x0000c7c0        0x4 D:\work folder\NithinGit\Nithin_ADCModule\emwin\emWin_library\MCUXpresso\libemWin_M4F.a(GUI_Device.o)
                0x0000c7c0                GUI_DEVICE_UnlinkTaskDevices
 .text.GUI_DEVICE_LinkDevices
                0x0000c7c4       0x10 D:\work folder\NithinGit\Nithin_ADCModule\emwin\emWin_library\MCUXpresso\libemWin_M4F.a(GUI_Device.o)
                0x0000c7c4                GUI_DEVICE_LinkDevices
 .text.GUI__IntersectRect
                0x0000c7d4       0x3a D:\work folder\NithinGit\Nithin_ADCModule\emwin\emWin_library\MCUXpresso\libemWin_M4F.a(GUI__Private.o)
                0x0000c7d4                GUI__IntersectRect
 .text.GUI__IntersectRects
                0x0000c80e       0x54 D:\work folder\NithinGit\Nithin_ADCModule\emwin\emWin_library\MCUXpresso\libemWin_M4F.a(GUI__Private.o)
                0x0000c80e                GUI__IntersectRects
 .text.GUI__memset
                0x0000c862       0x54 D:\work folder\NithinGit\Nithin_ADCModule\emwin\emWin_library\MCUXpresso\libemWin_M4F.a(GUI__Private.o)
                0x0000c862                GUI__memset
 .text.GUI__memset16
                0x0000c8b6       0x5c D:\work folder\NithinGit\Nithin_ADCModule\emwin\emWin_library\MCUXpresso\libemWin_M4F.a(GUI__Private.o)
                0x0000c8b6                GUI__memset16
 .text.LCD_SetLUTEntryEx
                0x0000c912       0x30 D:\work folder\NithinGit\Nithin_ADCModule\emwin\emWin_library\MCUXpresso\libemWin_M4F.a(LCD_Set.o)
                0x0000c912                LCD_SetLUTEntryEx
 .text.LCD_SetSizeEx
                0x0000c942       0x30 D:\work folder\NithinGit\Nithin_ADCModule\emwin\emWin_library\MCUXpresso\libemWin_M4F.a(LCD_Set.o)
                0x0000c942                LCD_SetSizeEx
 .text.LCD_SetVRAMAddrEx