ff.c:579:7:ld_dword	0	static
ff.c:617:6:st_dword	0	static
ff.c:664:6:mem_set	0	static
ff.c:676:5:mem_cmp	8	static
ff.c:1127:7:clst2sect	0	static
ff.c:3137:5:get_ldnumber	8	static
ff.c:3453:9:validate	16	static
ff.c:649:6:mem_cpy.part.0	0	static
ff.c:1840:7:ld_clust.isra.1	0	static
ff.c:1858:6:st_clust.isra.2	0	static
ff.c:2666:6:get_fileinfo.part.3	24	static
ff.c:1034:9:sync_window	16	static
ff.c:1057:9:move_window	16	static
ff.c:3198:6:check_fs	16	static
ff.c:3226:9:find_volume	48	static
ff.c:1223:9:put_fat	32	static
ff.c:1145:7:get_fat.isra.8	24	static
ff.c:1687:9:dir_sdi	24	static
ff.c:1512:7:create_chain	24	static
ff.c:1417:9:remove_chain	24	static
ff.c:1647:9:dir_clear	24	static
ff.c:1736:9:dir_next	32	static
ff.c:1089:9:sync_fs	24	static
ff.c:2351:9:dir_read.constprop	16	static
ff.c:2512:9:dir_register	16	static
ff.c:3049:9:follow_path	32	static
ff.c:3497:9:f_mount	24	static
ff.c:3545:9:f_open	88	static
ff.c:3735:9:f_read	64	static
ff.c:3835:9:f_write	56	static
ff.c:6212:6:putc_bfd	24	static
ff.c:6353:5:putc_flush	16	static
ff.c:3956:9:f_sync	24	static
ff.c:4037:9:f_close	16	static
ff.c:4074:9:f_chdrive	16	static
ff.c:4092:9:f_chdir	72	static
ff.c:4144:9:f_getcwd	104	static
ff.c:4224:9:f_lseek	32	static
ff.c:4385:9:f_opendir	24	static
ff.c:4451:9:f_closedir	16	static
ff.c:4481:9:f_readdir	24	static
ff.c:4569:9:f_stat	72	static
ff.c:4604:9:f_getfree	48	static
ff.c:4693:9:f_truncate	24	static
ff.c:4743:9:f_unlink	128	static
ff.c:4837:9:f_mkdir	80	static
ff.c:4925:9:f_rename	152	static
ff.c:5505:9:f_mkfs	64	static
ff.c:6053:8:f_gets	32	static
ff.c:6378:5:f_putc	88	static
ff.c:6398:5:f_puts	88	static
ff.c:6418:5:f_printf	148	static
