fsl_enet.c:826:10:ENET_GetInstance.part.1	0	static
fsl_enet.c:826:10:ENET_GetInstance	0	static
fsl_enet.c:858:6:ENET_GetDefaultConfig	8	static
fsl_enet.c:895:6:ENET_Init	32	static
fsl_enet.c:928:6:ENET_Deinit	0	static
fsl_enet.c:956:10:ENET_DescriptorInit	48	static
fsl_enet.c:1004:6:ENET_StartRxTx	16	static
fsl_enet.c:1047:6:ENET_EnableInterrupts	0	static
fsl_enet.c:1092:6:ENET_ClearMacInterruptStatus	8	static
fsl_enet.c:1125:6:ENET_DisableInterrupts	0	static
fsl_enet.c:1179:6:ENET_CreateHandler	32	static
fsl_enet.c:1272:6:ENET_GetMacAddr	0	static
fsl_enet.c:1295:6:ENET_SetSMI	8	static
fsl_enet.c:1338:6:ENET_StartSMIWrite	8	static
fsl_enet.c:1357:6:ENET_StartSMIRead	0	static
fsl_enet.c:1378:6:ENET_EnterPowerDown	0	static
fsl_enet.c:1421:10:ENET_GetRxFrameSize	8	static
fsl_enet.c:1686:6:ENET_UpdateRxDescriptor	8	static
fsl_enet.c:1498:10:ENET_ReadFrame	64	static
fsl_enet.c:1742:6:ENET_SetupTxDescriptor	20	static
fsl_enet.c:1795:6:ENET_ReclaimTxDescriptor	40	static
fsl_enet.c:2079:6:ENET_IRQHandler	32	static
fsl_enet.c:1858:10:ENET_SendFrame	28	static
fsl_enet.c:2140:6:ETHERNET_DriverIRQHandler	8	static
