fsl_spi.c:70:10:SPI_GetInstance	0	static
fsl_spi.c:974:6:SPI_MasterTransferHandleIRQ	32	static
fsl_spi.h:724:20:SPI_SlaveTransferHandleIRQ	0	static
fsl_spi.c:92:6:SPI_SetDummyData	8	static
fsl_spi.c:105:7:SPI_GetConfig	8	static
fsl_spi.c:127:6:SPI_MasterGetDefaultConfig	8	static
fsl_spi.c:253:6:SPI_SlaveGetDefaultConfig	8	static
fsl_spi.c:290:10:SPI_SlaveInit	16	static
fsl_spi.c:352:6:SPI_Deinit	0	static
fsl_spi.c:369:6:SPI_EnableTxDMA	0	static
fsl_spi.c:387:6:SPI_EnableRxDMA	0	static
fsl_spi.c:406:10:SPI_MasterSetBaud	8	static
fsl_spi.c:169:10:SPI_MasterInit	24	static
fsl_spi.c:435:6:SPI_WriteData	24	static
fsl_spi.c:467:10:SPI_MasterTransferCreateHandle	24	static
fsl_spi.c:518:10:SPI_MasterTransferBlocking	48	static
fsl_spi.c:636:10:SPI_MasterTransferNonBlocking	16	static
fsl_spi.c:690:10:SPI_MasterHalfDuplexTransferBlocking	32	static
fsl_spi.c:759:10:SPI_MasterHalfDuplexTransferNonBlocking	32	static
fsl_spi.c:825:10:SPI_MasterTransferGetCount	0	static
fsl_spi.c:853:6:SPI_MasterTransferAbort	0	static
