fsl_sdif.c:217:17:SDIF_TransferConfig	16	static
fsl_sdif.c:293:17:SDIF_ReadCommandResponse	8	static
fsl_sdif.c:394:17:SDIF_ReadDataPort	20	static
fsl_sdif.c:441:17:SDIF_WriteDataPort	20	static
fsl_sdif.c:1279:13:SDIF_TransferHandleIRQ	24	static
fsl_sdif.c:342:10:SDIF_ReleaseDMADescriptor	16	static
fsl_sdif.c:592:6:SDIF_Reset	0	static
fsl_sdif.c:669:10:SDIF_SendCommand	0	static
fsl_sdif.c:690:6:SDIF_SendCardActive	56	static
fsl_sdif.c:726:6:SDIF_ConfigClockDelay	0	static
fsl_sdif.c:759:10:SDIF_SetCardClock	64	static
fsl_sdif.c:799:6:SDIF_AbortReadData	0	static
fsl_sdif.c:816:10:SDIF_InternalDMAConfig	32	static
fsl_sdif.c:956:6:SDIF_Init	16	static
fsl_sdif.c:985:10:SDIF_TransferBlocking	40	static
fsl_sdif.c:1048:10:SDIF_TransferNonBlocking	24	static
fsl_sdif.c:1097:6:SDIF_TransferCreateHandle	24	static
fsl_sdif.c:1128:6:SDIF_GetCapability	0	static
fsl_sdif.c:1316:6:SDIF_Deinit	0	static
fsl_sdif.c:1327:6:SDIO_DriverIRQHandler	8	static
