fsl_i2c.c:226:17:I2C_PendingStatusWait	0	static
fsl_i2c.c:1012:6:I2C_MasterTransferHandleIRQ	8	static
fsl_i2c.c:1149:13:I2C_SlaveInvokeEvent	16	static
fsl_i2c.c:1796:6:I2C_SlaveTransferHandleIRQ	16	static
fsl_i2c.c:82:10:I2C_GetInstance	0	static
fsl_i2c.c:111:6:I2C_MasterGetDefaultConfig	8	static
fsl_i2c.c:149:6:I2C_MasterDeinit	0	static
fsl_i2c.c:164:6:I2C_MasterSetBaudRate	48	static
fsl_i2c.c:134:6:I2C_MasterInit	16	static
fsl_i2c.c:270:10:I2C_MasterStart	16	static
fsl_i2c.c:293:10:I2C_MasterStop	8	static
fsl_i2c.c:323:10:I2C_MasterWriteBlocking	24	static
fsl_i2c.c:432:10:I2C_MasterReadBlocking	24	static
fsl_i2c.c:532:10:I2C_MasterTransferBlocking	24	static
fsl_i2c.c:612:6:I2C_MasterTransferCreateHandle	24	static
fsl_i2c.c:650:10:I2C_MasterTransferNonBlocking	20	static
fsl_i2c.c:687:10:I2C_MasterTransferGetCount	0	static
fsl_i2c.c:719:10:I2C_MasterTransferAbort	8	static
fsl_i2c.c:1332:10:I2C_SlaveSetSendBuffer	12	static
fsl_i2c.c:1362:10:I2C_SlaveSetReceiveBuffer	12	static
fsl_i2c.c:1379:6:I2C_SlaveSetAddress	0	static
fsl_i2c.c:1408:6:I2C_SlaveGetDefaultConfig	16	static
fsl_i2c.c:1436:10:I2C_SlaveInit	16	static
fsl_i2c.c:1480:6:I2C_SlaveDeinit	0	static
fsl_i2c.c:1496:10:I2C_SlaveWriteBlocking	12	static
fsl_i2c.c:1583:10:I2C_SlaveReadBlocking	12	static
fsl_i2c.c:1671:6:I2C_SlaveTransferCreateHandle	24	static
fsl_i2c.c:1732:10:I2C_SlaveTransferNonBlocking	8	static
fsl_i2c.c:1746:10:I2C_SlaveTransferGetCount	0	static
fsl_i2c.c:1776:6:I2C_SlaveTransferAbort	0	static
