fsl_common.h:460:28:EnableIRQ	0	static
fsl_ctimer.c:63:17:CTIMER_GetInstance	0	static
fsl_ctimer.c:90:6:CTIMER_Init	16	static
fsl_ctimer.c:119:6:CTIMER_Deinit	8	static
fsl_ctimer.c:145:6:CTIMER_GetDefaultConfig	8	static
fsl_ctimer.c:181:10:CTIMER_SetupPwm	24	static
fsl_ctimer.c:269:10:CTIMER_SetupPwmPeriod	24	static
fsl_ctimer.c:330:6:CTIMER_UpdatePwmDutycycle	0	static
fsl_ctimer.c:360:6:CTIMER_SetupMatch	24	static
fsl_ctimer.c:410:6:CTIMER_SetupCapture	24	static
fsl_ctimer.c:442:6:CTIMER_RegisterCallBack	8	static
fsl_ctimer.c:449:6:CTIMER_GenericIRQHandler	24	static
fsl_ctimer.c:492:6:CTIMER0_DriverIRQHandler	8	static
fsl_ctimer.c:504:6:CTIMER1_DriverIRQHandler	8	static
fsl_ctimer.c:516:6:CTIMER2_DriverIRQHandler	8	static
fsl_ctimer.c:528:6:CTIMER3_DriverIRQHandler	8	static
fsl_ctimer.c:540:6:CTIMER4_DriverIRQHandler	8	static
