fsl_sd.c:502:17:SD_SwitchFunction.constprop	96	static
fsl_sd.c:648:17:SD_SelectFunction	40	static
fsl_sd.c:378:17:SD_Transfer	32	static
fsl_sd.c:426:17:SD_WaitWriteComplete	64	static
fsl_sd.c:457:17:SD_StopTransmission	56	static
fsl_sd.c:1405:6:SD_CheckReadOnly	0	static
fsl_sd.c:1413:10:SD_ReadBlocks	128	static
fsl_sd.c:1469:10:SD_WriteBlocks	120	static
fsl_sd.c:1523:10:SD_EraseBlocks	96	static
fsl_sd.c:1560:10:SD_CardInit	112	static
fsl_sd.c:1719:6:SD_CardDeinit	0	static
fsl_sd.c:1726:10:SD_HostInit	8	static
fsl_sd.c:1741:6:SD_HostDeinit	8	static
fsl_sd.c:1750:6:SD_HostReset	0	static
fsl_sd.c:1755:6:SD_PowerOnCard	0	static
fsl_sd.c:1760:6:SD_PowerOffCard	0	static
fsl_sd.c:1765:10:SD_WaitCardDetectStatus	0	static
fsl_sd.c:1770:6:SD_IsCardPresent	0	static
fsl_sd.c:1775:10:SD_Init	8	static
fsl_sd.c:1801:6:SD_Deinit	8	static
