core_cm4.h:1715:22:__NVIC_DisableIRQ	0	static
core_cm4.h:1768:22:__NVIC_ClearPendingIRQ	0	static
fsl_pint.c:49:6:PINT_Init	8	static
fsl_pint.c:170:6:PINT_PinInterruptConfig	12	static
fsl_pint.c:217:6:PINT_PinInterruptGetConfig	20	static
fsl_pint.c:285:6:PINT_PatternMatchConfig	16	static
fsl_pint.c:335:6:PINT_PatternMatchGetConfig	12	static
fsl_pint.c:371:10:PINT_PatternMatchResetDetectLogic	0	static
fsl_pint.c:398:6:PINT_PinInterruptClrStatus	0	static
fsl_pint.c:419:6:PINT_PinInterruptClrStatusAll	16	static
fsl_pint.c:451:6:PINT_EnableCallback	24	static
fsl_pint.c:475:6:PINT_EnableCallbackByIndex	8	static
fsl_pint.c:494:6:PINT_DisableCallback	24	static
fsl_pint.c:518:6:PINT_DisableCallbackByIndex	16	static
fsl_pint.c:536:6:PINT_Deinit	8	static
fsl_pint.c:684:6:PIN_INT0_DriverIRQHandler	8	static
fsl_pint.c:708:6:PIN_INT1_DriverIRQHandler	8	static
fsl_pint.c:733:6:PIN_INT2_DriverIRQHandler	8	static
fsl_pint.c:758:6:PIN_INT3_DriverIRQHandler	8	static
fsl_pint.c:783:6:PIN_INT4_DriverIRQHandler	8	static
fsl_pint.c:811:6:PIN_INT5_DriverIRQHandler	8	static
fsl_pint.c:840:6:PIN_INT6_DriverIRQHandler	8	static
fsl_pint.c:869:6:PIN_INT7_DriverIRQHandler	8	static
