fsl_common.h:460:28:EnableIRQ	0	static
fsl_i2s.c:280:13:I2S_Config	12	static
fsl_i2s.c:376:17:I2S_ValidateBuffer	8	static
fsl_i2s.c:789:6:I2S_TxHandleIRQ	32	static
fsl_i2s.c:993:6:I2S_RxHandleIRQ	32	static
fsl_i2s.c:94:6:I2S_SetBitClockRate	0	static
fsl_i2s.c:117:6:I2S_TxInit	16	static
fsl_i2s.c:152:6:I2S_RxInit	16	static
fsl_i2s.c:205:6:I2S_TxGetDefaultConfig	0	static
fsl_i2s.c:259:6:I2S_RxGetDefaultConfig	0	static
fsl_i2s.c:341:6:I2S_Deinit	0	static
fsl_i2s.c:484:6:I2S_EnableSecondaryChannel	12	static
fsl_i2s.c:510:6:I2S_TxTransferCreateHandle	24	static
fsl_i2s.c:551:10:I2S_TxTransferNonBlocking	24	static
fsl_i2s.c:591:6:I2S_TxTransferAbort	16	static
fsl_i2s.c:615:6:I2S_RxTransferCreateHandle	24	static
fsl_i2s.c:657:10:I2S_RxTransferNonBlocking	24	static
fsl_i2s.c:697:6:I2S_RxTransferAbort	16	static
fsl_i2s.c:723:10:I2S_TransferGetCount	0	static
fsl_i2s.c:758:10:I2S_TransferGetErrorCount	0	static
