fsl_usart.c:55:10:USART_GetInstance	0	static
fsl_usart.c:77:8:USART_TransferGetRxRingBufferLength	0	static
fsl_usart.c:843:6:USART_TransferHandleIRQ	32	static
fsl_usart.c:132:6:USART_TransferStartRingBuffer	0	static
fsl_usart.c:156:6:USART_TransferStopRingBuffer	0	static
fsl_usart.c:257:6:USART_Deinit	0	static
fsl_usart.c:286:6:USART_GetDefaultConfig	8	static
fsl_usart.c:325:10:USART_SetBaudRate	32	static
fsl_usart.c:193:10:USART_Init	16	static
fsl_usart.c:392:6:USART_WriteBlocking	0	static
fsl_usart.c:435:10:USART_ReadBlocking	16	static
fsl_usart.c:508:10:USART_TransferCreateHandle	32	static
fsl_usart.c:564:10:USART_TransferSendNonBlocking	8	static
fsl_usart.c:605:6:USART_TransferAbortSend	0	static
fsl_usart.c:631:10:USART_TransferGetSendCount	0	static
fsl_usart.c:672:10:USART_TransferReceiveNonBlocking	32	static
fsl_usart.c:791:6:USART_TransferAbortReceive	0	static
fsl_usart.c:820:10:USART_TransferGetReceiveCount	0	static
