fsl_lcdc.c:192:10:LCDC_Init	24	static
fsl_lcdc.c:262:6:LCDC_Deinit	0	static
fsl_lcdc.c:269:6:LCDC_GetDefaultConfig	0	static
fsl_lcdc.c:292:6:LCDC_SetPanelAddr	0	static
fsl_lcdc.c:307:6:LCDC_SetPalette	12	static
fsl_lcdc.c:319:6:LCDC_EnableInterrupts	0	static
fsl_lcdc.c:336:6:LCDC_DisableInterrupts	0	static
fsl_lcdc.c:353:10:LCDC_GetInterruptsPendingStatus	0	static
fsl_lcdc.c:363:10:LCDC_GetEnabledInterruptsPendingStatus	0	static
fsl_lcdc.c:373:6:LCDC_ClearInterruptsStatus	0	static
fsl_lcdc.c:427:6:LCDC_CursorGetDefaultConfig	0	static
fsl_lcdc.c:446:6:LCDC_SetCursorPosition	8	static
fsl_lcdc.c:487:6:LCDC_SetCursorImage	16	static
fsl_lcdc.c:390:6:LCDC_SetCursorConfig	24	static
