../Application/DF_ParameterWindow.c:255:13:_cbTEMPWin	56	static
../Application/DF_ParameterWindow.c:352:13:_cbRESPWin	56	static
../Application/DF_ParameterWindow.c:443:13:_cbPRWin	56	static
../Application/DF_ParameterWindow.c:533:13:_cbSPO2Win	56	static
../Application/DF_ParameterWindow.c:623:13:_cbNIBPWin	56	static
../Application/DF_ParameterWindow.c:719:13:_cbHRWin	56	static
../Application/DF_ParameterWindow.c:816:13:_cbSIXPARA_IBPWin	56	static
../Application/DF_ParameterWindow.c:910:13:_cbSEVEN_PARA_win	56	static
../Application/DF_ParameterWindow.c:1014:13:_cbSIXPARA_CO2Win	56	static
../Application/DF_ParameterWindow.c:1121:6:CreateParameterWindow	24	static
../Application/DF_ParameterWindow.c:1174:6:RefreshParameterWindow	88	static
../Application/DF_ParameterWindow.c:1440:7:UpdateWidgetDetails	24	static
../Application/DF_ParameterWindow.c:1474:9:GetHeartRateParameterWindowHandler	4	static
../Application/DF_ParameterWindow.c:1480:9:GetNIBPParameterWindowHandler	4	static
../Application/DF_ParameterWindow.c:1484:9:GetSPO2ParameterWindowHandler	4	static
../Application/DF_ParameterWindow.c:1489:9:GetPulseRateParameterWindowHandler	4	static
../Application/DF_ParameterWindow.c:1494:9:GetRespRateParameterWindowHandler	4	static
../Application/DF_ParameterWindow.c:1499:9:GetTemperatureParameterWindowHandler	4	static
../Application/DF_ParameterWindow.c:1505:11:GetTemperatureChannel_1_color	4	static
../Application/DF_ParameterWindow.c:1511:11:GetTemperatureChannel_2_color	4	static
../Application/DF_ParameterWindow.c:1518:11:Get_NIBP_color	4	static
../Application/DF_ParameterWindow.c:1524:11:Get_HR_color	4	static
../Application/DF_ParameterWindow.c:1530:11:Get_SPO2_color	4	static
../Application/DF_ParameterWindow.c:1535:11:Get_IBP1_color	4	static
../Application/DF_ParameterWindow.c:1540:11:Get_IBP2_color	4	static
../Application/DF_ParameterWindow.c:1545:11:Get_CO2_color	4	static
../Application/DF_ParameterWindow.c:1552:11:Get_PR_color	4	static
../Application/DF_ParameterWindow.c:1559:11:Get_RR_color	4	static
../Application/DF_ParameterWindow.c:1565:11:GetTemperatureChannel_TD_color	4	static
