D:\Enhanced_GUI_DIGI400Project\x\drivers/fsl_gpio.h:153:20:GPIO_PinWrite	24	static
D:\Enhanced_GUI_DIGI400Project\x\drivers/fsl_gpio.h:172:24:GPIO_PinRead	24	static
D:\Enhanced_GUI_DIGI400Project\x\drivers/fsl_usart.h:488:20:USART_WriteByte	16	static
../Application/DF_RTOS_Task.c:645:7:KeyDetectionTask	40	static
../Application/DF_RTOS_Task.c:718:7:Transmit_to_Pacer	24	static
../Application/DF_RTOS_Task.c:745:6:Transmit_to_BM100	16	static
../Application/DF_RTOS_Task.c:938:6:Refresh_All_Para	112	static
../Application/DF_RTOS_Task.c:1877:6:AED_Treatment	8	static
../Application/DF_RTOS_Task.c:2200:6:Read_From_SDCard	56	static
../Application/DF_RTOS_Task.c:2934:6:Write_To_SDCard	32	static
../Application/DF_RTOS_Task.c:3748:6:Flash_Alarm_LED	8	static
../Application/DF_RTOS_Task.c:3817:6:Update_Defib_Box	24	static
../Application/DF_RTOS_Task.c:4005:6:Update_Impedance	24	static
../Application/DF_RTOS_Task.c:4039:6:Update_AED_Box	24	static
../Application/DF_RTOS_Task.c:4299:6:Update_Pacer_Box	24	static
../Application/DF_RTOS_Task.c:4435:6:Check_Pads	8	static
../Application/DF_RTOS_Task.c:4519:6:Check_OtherGPIO	16	static
../Application/DF_RTOS_Task.c:4560:6:WatchdogTimer	4	static
../Application/DF_RTOS_Task.c:4578:6:Flash_Software_Error_LED	8	static
../Application/DF_RTOS_Task.c:4752:6:PowerStatus	16	static
../Application/DF_RTOS_Task.c:4813:6:UpdatePatStatus	24	static
../Application/DF_RTOS_Task.c:4833:6:Read_Rotary_Switch	24	static
../Application/DF_RTOS_Task.c:4900:6:Update_CPR_Box	24	static
../Application/DF_RTOS_Task.c:5006:6:Defib_TX_Schdule	8	static
../Application/DF_RTOS_Task.c:5018:6:Read_UartRenesas	8	static
../Application/DF_RTOS_Task.c:5029:6:Read_UartCO2	8	static
../Application/DF_RTOS_Task.c:5044:6:Transmit_to_Capno	16	static
../Application/DF_RTOS_Task.c:5146:6:USBCheck	8	static
../Application/DF_RTOS_Task.c:5166:6:Transmit_to_NIBP	16	static
../Application/DF_RTOS_Task.c:5352:6:UpdateTrendCountersTousb	24	static
../Application/DF_RTOS_Task.c:5445:6:Update_EnterKey	32	static
../Application/DF_RTOS_Task.c:8441:6:Update_Message	40	static
../Application/DF_RTOS_Task.c:9064:14:Create_RTOS_tasks	4	static
../Application/DF_RTOS_Task.c:9305:6:Reset_All	16	static
