../Application/MainScreen.c:224:13:_cbMainTopWin	24	static
../Application/MainScreen.c:251:13:_cbPatientDetailsWin	48	static
../Application/MainScreen.c:337:13:_cbTechAlarmsDetailsWin	48	static
../Application/MainScreen.c:424:13:_cbPhyAlarmsDetailsWin	48	static
../Application/MainScreen.c:511:13:_cbConnectionDetailsWin	48	static
../Application/MainScreen.c:599:13:_cbDateandTimeDisplayWin	48	static
../Application/MainScreen.c:708:13:_cbMainButtonWin	32	static
../Application/MainScreen.c:780:13:_cbLeftArrowWin	40	static
../Application/MainScreen.c:867:13:_cbRightArrowWin	32	static
../Application/MainScreen.c:941:13:_cbMainButton1	32	static
../Application/MainScreen.c:1018:13:_cbMainButton2	32	static
../Application/MainScreen.c:1090:13:_cbMainButton3	32	static
../Application/MainScreen.c:1161:13:_cbMainButton4	32	static
../Application/MainScreen.c:1237:13:_cbMainButton5	32	static
../Application/MainScreen.c:1316:13:_cbMainButton6	32	static
../Application/MainScreen.c:1391:7:_cbMainWin	32	static
../Application/MainScreen.c:1461:6:CreateMainScreen	16	static
../Application/MainScreen.c:1521:6:PutNavigatableFocus	24	static
../Application/MainScreen.c:1545:6:UpdateNaviGationFlow	24	static
../Application/MainScreen.c:1650:11:GetWindowBorderColor	4	static
../Application/MainScreen.c:1661:6:SetWindowBorderColor	16	static
../Application/MainScreen.c:1668:6:UpdatePatientDetails	112	static
../Application/MainScreen.c:1682:6:UpdateTechnicalAlarm	24	static
../Application/MainScreen.c:1687:6:UpdatePhysiologicalAlarm	24	static
../Application/MainScreen.c:1696:6:UpdateNIBP_ERR_MSG	16	static
../Application/MainScreen.c:1701:6:UpdateSPO2_ERR_MSG	16	static
../Application/MainScreen.c:1706:6:UpdateDateandTimeDisplay	16	static
../Application/MainScreen.c:1712:6:UpdateNavigationWidgetPerLayout	4	static
../Application/MainScreen.c:1718:15:GetScreenMode	4	static
../Application/MainScreen.c:1724:6:SetScreenMode	16	static
../Application/MainScreen.c:1730:9:GetMainscreenHandler	4	static
../Application/MainScreen.c:1736:6:SetCurrentWidgetWinnumber	16	static
