../Application/MultiLanguageTranslationDatabase.c:247:8:GetMultilingualText	16	static
../Application/MultiLanguageTranslationDatabase.c:274:8:GetTempSetupWin_DD_ChannelNOText	4	static
../Application/MultiLanguageTranslationDatabase.c:302:8:GetTempSetupWin_PowerFrequencyText	4	static
../Application/MultiLanguageTranslationDatabase.c:329:8:GetIBPSetupWin_ibp1Text	4	static
../Application/MultiLanguageTranslationDatabase.c:356:8:GetDEFIBAutorecord_DD_Text	4	static
../Application/MultiLanguageTranslationDatabase.c:384:8:GetWAVEFOERM_channel1_Text	4	static
../Application/MultiLanguageTranslationDatabase.c:410:8:GetWAVEFOERM_channel2_Text	4	static
../Application/MultiLanguageTranslationDatabase.c:436:8:GetWAVEFOERM_channel3_Text	4	static
../Application/MultiLanguageTranslationDatabase.c:462:8:GetWAVEFOERM_channel4_Text	4	static
../Application/MultiLanguageTranslationDatabase.c:489:8:GetIBPSetupWin_ibp2Text	4	static
../Application/MultiLanguageTranslationDatabase.c:515:8:GetIBPunit_DD_Text	4	static
../Application/MultiLanguageTranslationDatabase.c:541:8:GetETCO2unit_DD_Text	4	static
../Application/MultiLanguageTranslationDatabase.c:568:8:GetNIBPintervalSetupWin_Text	4	static
../Application/MultiLanguageTranslationDatabase.c:596:8:GetNIBPUnitSetupWin_Text	4	static
../Application/MultiLanguageTranslationDatabase.c:624:8:GetNIBPmodeSetupWin_Text	4	static
../Application/MultiLanguageTranslationDatabase.c:652:8:GetRespApneaSetupWin_Text	4	static
../Application/MultiLanguageTranslationDatabase.c:683:8:GetTempSetupWin_UnitText	4	static
../Application/MultiLanguageTranslationDatabase.c:717:8:GetNIBPSetupWinMeasurementModeText	4	static
../Application/MultiLanguageTranslationDatabase.c:749:8:GetNIBPSetupWinAutoModeDurationText	4	static
../Application/MultiLanguageTranslationDatabase.c:780:8:GetNIBPSetupWinUnitText	4	static
../Application/MultiLanguageTranslationDatabase.c:945:8:Get_RESP_lead_Text	4	static
../Application/MultiLanguageTranslationDatabase.c:950:8:Get_RESP_apnea_alarm_Text	4	static
../Application/MultiLanguageTranslationDatabase.c:955:8:Get_RESP_antidrift_filter_Text	4	static
../Application/MultiLanguageTranslationDatabase.c:960:8:Get_RESP_response_wave_senstivity_Text	4	static
../Application/MultiLanguageTranslationDatabase.c:965:8:Get_RESP_gain_Text	4	static
../Application/MultiLanguageTranslationDatabase.c:970:8:Get_RESP_speed_Text	4	static
../Application/MultiLanguageTranslationDatabase.c:976:8:GetSpo2SetupAveragingTimeText	4	static
../Application/MultiLanguageTranslationDatabase.c:1008:8:GetAutoSpo2WaveGainTunningText	4	static
../Application/MultiLanguageTranslationDatabase.c:1040:8:GetSpo2PulseSearchTimeoutText	4	static
../Application/MultiLanguageTranslationDatabase.c:1072:8:GetNIBP_NightMode_terminate_Text	4	static
../Application/MultiLanguageTranslationDatabase.c:1116:8:GetAlarmEnable_DD_Text	4	static
../Application/MultiLanguageTranslationDatabase.c:1148:8:GetAlarmToneType_DD_Text	4	static
../Application/MultiLanguageTranslationDatabase.c:1190:8:GetAlarmPriority_DD_Text	4	static
../Application/MultiLanguageTranslationDatabase.c:1219:8:GetNIBPReviewWinColumnHeaderText	24	static
../Application/MultiLanguageTranslationDatabase.c:1272:8:GetPhysiologicalAlarmMessagesMultilingualText	16	static
../Application/MultiLanguageTranslationDatabase.c:1316:8:GetTechnicalAlarmMessagesMultilingualText	16	static
../Application/MultiLanguageTranslationDatabase.c:1343:8:GetSPO2ERRMessages	16	static
../Application/MultiLanguageTranslationDatabase.c:1386:8:GetNIBPERRMessages	16	static
../Application/MultiLanguageTranslationDatabase.c:1426:8:GetECGAmplitude_DD_Text	4	static
../Application/MultiLanguageTranslationDatabase.c:1453:8:GetECGSpeed_DD_Text	4	static
../Application/MultiLanguageTranslationDatabase.c:1480:8:GetECGArrhythmia_DD_Text	4	static
../Application/MultiLanguageTranslationDatabase.c:1485:15:GetSelectedLanguage	4	static
../Application/MultiLanguageTranslationDatabase.c:1514:8:Get_PatientType_DD_Text	4	static
../Application/MultiLanguageTranslationDatabase.c:1543:8:Get_PatientBloodGroup_DD_Text	4	static
../Application/MultiLanguageTranslationDatabase.c:1572:8:GetSystemTestModeText	4	static
../Application/MultiLanguageTranslationDatabase.c:1600:8:GetSYSTEMvolumedd_Text	4	static
../Application/MultiLanguageTranslationDatabase.c:1627:8:GetSYSTEMparaConfigDD_Text	4	static
../Application/MultiLanguageTranslationDatabase.c:1656:8:GetSYSTEMLeadTypeConfigDD_Text	4	static
../Application/MultiLanguageTranslationDatabase.c:1664:8:GetECGAmplitude	16	static
../Application/MultiLanguageTranslationDatabase.c:1671:8:GetECGSpeed	16	static
