../Application/NIBPReviewWin.c:84:6:UpdateNIBPTrend	8	static
../Application/NIBPReviewWin.c:123:6:DisplayLatestTrends	80	static
../Application/NIBPReviewWin.c:178:6:UpdateEntryToSDcard	96	static
../Application/NIBPReviewWin.c:209:6:ReadNIBPTrendfromSDcard	4	static
../Application/NIBPReviewWin.c:235:7:_cbNIBPREVIEWWin	64	static
../Application/NIBPReviewWin.c:408:6:CreateNIBPreviewWindow	16	static
../Application/NIBPReviewWin.c:421:7:UpdateDateandTime	16	static
../Application/NIBPReviewWin.c:472:6:AddNIBPReviewHeader	24	static
../Application/NIBPReviewWin.c:500:6:UpdateEntryToNIBPReviewListView	32	static
../Application/NIBPReviewWin.c:511:8:GetNIBPReviewDisplayRowData	16	static
../Application/NIBPReviewWin.c:517:9:GetNIBPReviewHandler	4	static
../Application/NIBPReviewWin.c:522:15:GetLastPage	4	static
../Application/NIBPReviewWin.c:526:6:UpdateNaviGationIndex	16	static
../Application/NIBPReviewWin.c:563:6:ReadDataTORAM	4	static
../Application/NIBPReviewWin.c:592:7:GetMaxEntries	4	static
../Application/NIBPReviewWin.c:600:6:DisplayNumberOfPages	24	static
