../Application/NMT_Module_Command_Encoder.c:181:14:GetSerialNumber	0	static
../Application/NMT_Module_Command_Encoder.c:193:6:Module_Handshaking_command	8	static
../Application/NMT_Module_Command_Encoder.c:262:15:GetNIBPModuleEnquiryCommandSerialNumber	0	static
../Application/NMT_Module_Command_Encoder.c:284:6:EnquireInformationofNIBPModule	8	static
../Application/NMT_Module_Command_Encoder.c:310:15:GetNIBPModuleResultandStatusCommandSerialNumber	0	static
../Application/NMT_Module_Command_Encoder.c:315:6:EnquireResultandStatusOFNIBPModule	8	static
../Application/NMT_Module_Command_Encoder.c:344:6:EnquireRealTimeCuffPressure	8	static
../Application/NMT_Module_Command_Encoder.c:369:6:SetNIBPPatientType	8	static
../Application/NMT_Module_Command_Encoder.c:397:6:SetNIBPinitialInflationPressuresetting	8	static
../Application/NMT_Module_Command_Encoder.c:427:15:GetNIBPPressureCalibrationCommandSerialNumber	0	static
../Application/NMT_Module_Command_Encoder.c:431:6:SetNIBPPressurecalibration	8	static
../Application/NMT_Module_Command_Encoder.c:459:15:GetNIBPInflationPressureSettingCommandSerialNumber	0	static
../Application/NMT_Module_Command_Encoder.c:463:6:SetNIBPInflationPressureSettingcmd	8	static
../Application/NMT_Module_Command_Encoder.c:491:15:GetVeniPuncturePressureSettingCommandSerialNumber	0	static
../Application/NMT_Module_Command_Encoder.c:495:6:SetVeniPuncturePressureSettingcmd	8	static
../Application/NMT_Module_Command_Encoder.c:536:6:Set_NIBP_Measurement_Mode	8	static
../Application/NMT_Module_Command_Encoder.c:583:6:VeniPunturepressureSetting	8	static
../Application/NMT_Module_Command_Encoder.c:627:6:Stop_NIBP_activity	8	static
../Application/NMT_Module_Command_Encoder.c:651:6:Start_NIBP_Measurement	8	static
../Application/NMT_Module_Command_Encoder.c:681:6:Start_PressureCalibration_Measurement	8	static
../Application/NMT_Module_Command_Encoder.c:708:6:Start_PressureAirleakageChecking	8	static
../Application/NMT_Module_Command_Encoder.c:734:15:GetNIBPVenipuncturestartCommandSerialNumber	0	static
../Application/NMT_Module_Command_Encoder.c:739:6:NIBP_StartVenipuncturePressure	8	static
../Application/NMT_Module_Command_Encoder.c:764:15:GetNIBPResetModulecmdSerialNumber	0	static
../Application/NMT_Module_Command_Encoder.c:770:6:NIBP_Module_Reset	8	static
../Application/NMT_Module_Command_Encoder.c:804:15:GetNIBPDormantModecmdSerialNumber	0	static
../Application/NMT_Module_Command_Encoder.c:809:6:NIBPEnterDormantMode	8	static
../Application/NMT_Module_Command_Encoder.c:839:6:NIBPWatchDogSelfTest	8	static
../Application/NMT_Module_Command_Encoder.c:865:6:NIBPCalculateParameterSettingCuffPressure	8	static
../Application/NMT_Module_Command_Encoder.c:897:6:NIBPSoftwareSettingProtectionCommand	8	static
../Application/NMT_Module_Command_Encoder.c:922:6:NIBPOnlineUpgradeCommand	8	static
../Application/NMT_Module_Command_Encoder.c:953:6:Spo2_Softwareversion_Inq_cmd	8	static
../Application/NMT_Module_Command_Encoder.c:978:6:Spo2_Module_Selftest_Results_cmd	8	static
../Application/NMT_Module_Command_Encoder.c:1004:6:Spo2_Module_Patient_Type_Setting_cmd	8	static
../Application/NMT_Module_Command_Encoder.c:1030:6:Spo2_Module_Senstivity_Setting_cmd	8	static
../Application/NMT_Module_Command_Encoder.c:1057:6:Spo2_Module_Online_UpGrade_cmd	8	static
../Application/NMT_Module_Command_Encoder.c:1092:6:ECG_Module_Handshaking_command	8	static
../Application/NMT_Module_Command_Encoder.c:1126:15:Get_ECG_Module_enquiringInfo_commandSerialNumber	0	static
../Application/NMT_Module_Command_Encoder.c:1133:6:ECG_Module_enquiringInfo_command	8	static
../Application/NMT_Module_Command_Encoder.c:1173:15:Get_ECG_Module_StatusInfo_commandSerialNumber	0	static
../Application/NMT_Module_Command_Encoder.c:1182:6:ECG_Module_status_enquiringInfo_command	8	static
../Application/NMT_Module_Command_Encoder.c:1216:15:Get_ECG_Module_LeadType_commandSerialNumber	0	static
../Application/NMT_Module_Command_Encoder.c:1224:6:ECG_Module_Lead_Type_Setting_command	8	static
../Application/NMT_Module_Command_Encoder.c:1252:15:Get_ECG_Module_LeadChannelSerialNumber	0	static
../Application/NMT_Module_Command_Encoder.c:1262:6:ECG_Module_Lead_Channel_Setting_command	8	static
../Application/NMT_Module_Command_Encoder.c:1293:15:GetECGModule_FilterModeChannelSerialNumber	0	static
../Application/NMT_Module_Command_Encoder.c:1301:6:ECG_Filter_Mode_Setting_command_Len	8	static
../Application/NMT_Module_Command_Encoder.c:1328:15:GetECGModule_Notch_ModeCommandSerialNumber	0	static
../Application/NMT_Module_Command_Encoder.c:1337:6:ECG_Notch_Mode_Setting_command_Len	8	static
../Application/NMT_Module_Command_Encoder.c:1367:15:GetECGModule_GainSettingCommandSerialNumber	0	static
../Application/NMT_Module_Command_Encoder.c:1377:6:ECG_Gain_Setting_command	8	static
../Application/NMT_Module_Command_Encoder.c:1408:15:GetECGPatientType_Setting_command	0	static
../Application/NMT_Module_Command_Encoder.c:1416:6:ECG_PatientType_Setting_command	8	static
../Application/NMT_Module_Command_Encoder.c:1450:15:GetECGModule_ST_TemplateSettingCommandSerialNumber	0	static
../Application/NMT_Module_Command_Encoder.c:1462:6:ECG_ST_Template_Setting_command	8	static
../Application/NMT_Module_Command_Encoder.c:1495:15:GetECGModule_ARR_HR_Calculation_SettingCommandSerialNumber	0	static
../Application/NMT_Module_Command_Encoder.c:1503:6:ECG_ARR_HR_calculation_Channel_Settingcommand	8	static
../Application/NMT_Module_Command_Encoder.c:1533:15:GetECGModule_PaceDetection_SettingCommandSerialNumber	0	static
../Application/NMT_Module_Command_Encoder.c:1541:6:ECG_PACE_Detection_command	8	static
../Application/NMT_Module_Command_Encoder.c:1568:15:GetECGModule_CALIBRATION_CommandSerialNumber	0	static
../Application/NMT_Module_Command_Encoder.c:1575:6:ECG_Calibration_command	8	static
../Application/NMT_Module_Command_Encoder.c:1603:6:ECG_Apnea_Alarm_Enable_command	32	static
../Application/NMT_Module_Command_Encoder.c:1641:6:SetRespirationLeadSetting	16	static
../Application/NMT_Module_Command_Encoder.c:1679:6:Resp_Senstivity_Setting_command	24	static
../Application/NMT_Module_Command_Encoder.c:1713:6:ECG_Module_onlineUpgrade_command	8	static
../Application/NMT_Module_Command_Encoder.c:1734:15:GetPatientTypeMenuSetting	0	static
../Application/NMT_Module_Command_Encoder.c:1747:6:RequestRESPCommands	0	static
../Application/NMT_Module_Command_Encoder.c:1772:6:ClearRESPCommands	0	static
../Application/NMT_Module_Command_Encoder.c:1794:6:RequestNIBPCommands	0	static
../Application/NMT_Module_Command_Encoder.c:1842:6:ClearNIBPCommands	0	static
../Application/NMT_Module_Command_Encoder.c:1890:6:Send_NMT_NIBP_Module_Commands	8	static
../Application/NMT_Module_Command_Encoder.c:1959:15:isNIBP_NMT_ModuleCommandRequested	0	static
../Application/NMT_Module_Command_Encoder.c:1968:6:RequestSPO2Command	0	static
../Application/NMT_Module_Command_Encoder.c:1993:6:ClearSPO2Command	0	static
../Application/NMT_Module_Command_Encoder.c:2017:6:Send_NMT_SPO2_Module_Commands	0	static
../Application/NMT_Module_Command_Encoder.c:2044:15:isSPO2_NMT_ModuleCommandsRequested	0	static
../Application/NMT_Module_Command_Encoder.c:2064:6:Send_NMT_RESP_Module_Commands	8	static
../Application/NMT_Module_Command_Encoder.c:2087:15:isRespCommandRequested	0	static
../Application/NMT_Module_Command_Encoder.c:2106:6:Send_NMT_ECG_Modules_Commands	8	static
../Application/NMT_Module_Command_Encoder.c:2161:6:RequestECGCommand	0	static
../Application/NMT_Module_Command_Encoder.c:2209:6:ClearECGCommand	0	static
../Application/NMT_Module_Command_Encoder.c:2258:15:is_NMT_ECG_cmd_Requested	0	static
../Application/NMT_Module_Command_Encoder.c:2362:15:GetSpo2SenstivityCommandSerialNumber	0	static
../Application/NMT_Module_Command_Encoder.c:2370:15:GetSpo2PatientTypeCommandSerialNumber	0	static
../Application/NMT_Module_Command_Encoder.c:2377:15:GetRespLeadSettingCommandSerialNumber	0	static
../Application/NMT_Module_Command_Encoder.c:2383:15:GetRespSenstivitySettingCommandSerialNumber	0	static
../Application/NMT_Module_Command_Encoder.c:2389:15:GetRespApneaSettingCommandSerialNumber	0	static
../Application/NMT_Module_Command_Encoder.c:2398:15:Get_NIBP_NMT_Mode_Command_SerialNumber	0	static
../Application/NMT_Module_Command_Encoder.c:2403:15:Get_NIBP_NMT_Module_Start_Command_SerialNumber	0	static
../Application/NMT_Module_Command_Encoder.c:2408:15:Get_NIBP_NMT_Module_Stop_Command_SerialNumber	0	static
../Application/NMT_Module_Command_Encoder.c:2413:15:Get_NIBP_NMT_Module_PatientType_Command_SerialNumber	0	static
../Application/NMT_Module_Command_Encoder.c:2429:6:SendHandShakingCommand	0	static
../Application/NMT_Module_Command_Encoder.c:2438:15:GetNIBPAirPressureCommandSerialNumber	0	static
