../Application/ParameterWindowAPI.c:226:13:_cbTEMPWin	56	static
../Application/ParameterWindowAPI.c:322:13:_cbRESPWin	56	static
../Application/ParameterWindowAPI.c:413:13:_cbPRWin	56	static
../Application/ParameterWindowAPI.c:503:13:_cbSPO2Win	56	static
../Application/ParameterWindowAPI.c:593:13:_cbNIBPWin	56	static
../Application/ParameterWindowAPI.c:689:13:_cbHRWin	56	static
../Application/ParameterWindowAPI.c:803:6:CreateParameterWindow	24	static
../Application/ParameterWindowAPI.c:833:6:Update_One_sec	128	static
../Application/ParameterWindowAPI.c:856:6:RefreshParameterWindow	88	static
../Application/ParameterWindowAPI.c:1132:7:UpdateWidgetDetails	24	static
../Application/ParameterWindowAPI.c:1143:9:GetHeartRateParameterWindowHandler	4	static
../Application/ParameterWindowAPI.c:1149:9:GetNIBPParameterWindowHandler	4	static
../Application/ParameterWindowAPI.c:1153:9:GetSPO2ParameterWindowHandler	4	static
../Application/ParameterWindowAPI.c:1158:9:GetPulseRateParameterWindowHandler	4	static
../Application/ParameterWindowAPI.c:1163:9:GetRespRateParameterWindowHandler	4	static
../Application/ParameterWindowAPI.c:1168:9:GetTemperatureParameterWindowHandler	4	static
../Application/ParameterWindowAPI.c:1179:11:GetTemperatureChannel_1_color	4	static
../Application/ParameterWindowAPI.c:1185:11:GetTemperatureChannel_2_color	4	static
../Application/ParameterWindowAPI.c:1192:11:Get_NIBP_color	4	static
../Application/ParameterWindowAPI.c:1198:11:Get_HR_color	4	static
../Application/ParameterWindowAPI.c:1204:11:Get_SPO2_color	4	static
../Application/ParameterWindowAPI.c:1211:11:Get_PR_color	4	static
../Application/ParameterWindowAPI.c:1218:11:Get_RR_color	4	static
../Application/ParameterWindowAPI.c:1224:11:GetTemperatureChannel_TD_color	4	static
