../Application/WidgetAPI.c:77:6:Emwin_Set_Text	32	static
../Application/WidgetAPI.c:93:6:Emwin_Set_EDIT	40	static
../Application/WidgetAPI.c:119:6:Emwin_Set_Button	32	static
../Application/WidgetAPI.c:130:6:Emwin_AttachData_ListView_Row_wise	32	static
../Application/WidgetAPI.c:144:6:AddHeaderTOListview	32	static
../Application/WidgetAPI.c:170:6:Emwin_Set_Button_Image	32	static
../Application/WidgetAPI.c:179:6:SelectWidget	72	static
../Application/WidgetAPI.c:222:6:SetDropdownSkin	64	static
../Application/WidgetAPI.c:262:6:Emwin_Set_Dropdown	32	static
../Application/WidgetAPI.c:305:6:Emwin_Set_ProgressBar	32	static
../Application/WidgetAPI.c:322:6:Emwin_Set_SPINBOX	64	static
../Application/WidgetAPI.c:362:6:Emwin_Set_CHECKBOX	32	static
../Application/WidgetAPI.c:372:7:Naviagate_on_widget	40	static
../Application/WidgetAPI.c:500:6:Edit_Widget_on_Enter	56	static
../Application/WidgetAPI.c:588:6:Edit_Widget_on_Left	4	static
../Application/WidgetAPI.c:594:6:Edit_Widget_on_Right	4	static
../Application/WidgetAPI.c:599:6:InitWidgetArray	16	static
../Application/WidgetAPI.c:1092:14:GetWidgetType	32	static
../Application/WidgetAPI.c:1587:6:Clear_highlighted_Widget	24	static
../Application/WidgetAPI.c:1616:6:HighlightWidget	24	static
../Application/WidgetAPI.c:1646:6:SetWindowIndex	16	static
../Application/WidgetAPI.c:1650:7:GetWindowNumber	4	static
../Application/WidgetAPI.c:1655:6:ButtonSkinFlex	40	static
