LPC54618J512_DG400_1.c:220:6:ctimer_match0_callback	0	static
LPC54618J512_DG400_1.c:343:6:ctimer_match1_callback	0	static
LPC54618J512_DG400_1.c:250:6:FLEXCOMM0_IRQHandler	8	static
LPC54618J512_DG400_1.c:263:6:FLEXCOMM1_IRQHandler	8	static
LPC54618J512_DG400_1.c:276:6:FLEXCOMM2_IRQHandler	8	static
LPC54618J512_DG400_1.c:289:6:FLEXCOMM3_IRQHandler	8	static
LPC54618J512_DG400_1.c:302:6:FLEXCOMM4_IRQHandler	8	static
LPC54618J512_DG400_1.c:315:6:FLEXCOMM5_IRQHandler	8	static
LPC54618J512_DG400_1.c:328:6:FLEXCOMM9_IRQHandler	8	static
LPC54618J512_DG400_1.c:348:6:PWRONOFF	0	static
LPC54618J512_DG400_1.c:359:6:Encoder	0	static
LPC54618J512_DG400_1.c:367:6:UARTA	0	static
LPC54618J512_DG400_1.c:372:6:KEYBOARD	8	static
LPC54618J512_DG400_1.c:378:6:UARTB	0	static
LPC54618J512_DG400_1.c:383:6:TOUCH	0	static
LPC54618J512_DG400_1.c:388:6:RTC_IRQHandler	8	static
LPC54618J512_DG400_1.c:402:6:LCD_IRQHandler	8	static
LPC54618J512_DG400_1.c:418:5:main	80	static
