D:\Enhanced_GUI_DIGI400Project\x\drivers/fsl_clock.h:701:20:CLOCK_EnableClock	24	static
D:\Enhanced_GUI_DIGI400Project\x\drivers/fsl_adc.h:423:20:ADC_EnableTemperatureSensor	16	static
D:\Enhanced_GUI_DIGI400Project\x\drivers/fsl_adc.h:453:20:ADC_EnableConvSeqA	16	static
D:\Enhanced_GUI_DIGI400Project\x\drivers/fsl_adc.h:478:20:ADC_DoSoftwareTriggerConvSeqA	16	static
D:\Enhanced_GUI_DIGI400Project\x\drivers/fsl_power.h:108:20:POWER_DisablePD	16	static
../Schiller/ADC.c:52:13:ADC_ClockPower_Configuration	8	static
../Schiller/ADC.c:65:13:ADC_Configuration	40	static
../Schiller/ADC.c:92:6:Initialize_ADC	8	static
../Schiller/ADC.c:101:6:PaddleECG_ADC	16	static
