../Schiller/AED.c:159:6:AED_Analysis_Flag_Reset	4	static
../Schiller/AED.c:179:6:Clear_AED_Screen_Idle	8	static
../Schiller/AED.c:209:6:AED_Timeout_Flag_Reset	4	static
../Schiller/AED.c:222:6:Critical_Renesas_Rx_Int_Flags_Reset	4	static
../Schiller/AED.c:229:6:Decode_AED_Data	16	static
../Schiller/AED.c:371:6:Decode_AEDFrame	8	static
../Schiller/AED.c:469:6:Send_Initialization_Frame	16	static
../Schiller/AED.c:536:6:Send2AED_ECG_Data	24	static
../Schiller/AED.c:653:5:Filter_Data	16	static
../Schiller/AED.c:668:6:Analyze_Data	1456	static
