D:\Enhanced_GUI_DIGI400Project\x\drivers/fsl_usart.h:488:20:USART_WriteByte	16	static
../Schiller/Screen.c:495:6:Init_Configuration	16	static
../Schiller/Screen.c:513:6:Para_Background	24	static
../Schiller/Screen.c:595:6:Defib_Screen	24	static
../Schiller/Screen.c:773:6:AED_Screen	24	static
../Schiller/Screen.c:907:6:Pacer_Screen	24	static
../Schiller/Screen.c:1045:6:Monitor_Screen	8	static
../Schiller/Screen.c:1080:6:CPR_Screen	24	static
../Schiller/Screen.c:1109:6:Event_Screen	32	static
../Schiller/Screen.c:1139:6:Trend_Screen_Defib	40	static
../Schiller/Screen.c:1168:6:Trend_Screen_ECG	40	static
../Schiller/Screen.c:1210:6:Trend_Screen_SPO2	40	static
../Schiller/Screen.c:1242:6:Trend_Screen_NIBP	40	static
../Schiller/Screen.c:1274:6:Trend_Screen_TEMP	48	static
../Schiller/Screen.c:1320:6:Trend_Screen_IBP	40	static
../Schiller/Screen.c:1352:6:Trend_Screen_CO2	48	static
../Schiller/Screen.c:1396:6:Trend_Screen_Resp	40	static
../Schiller/Screen.c:1428:6:View_Event_Screen	40	static
../Schiller/Screen.c:1510:6:Main_Menu_Screen	24	static
../Schiller/Screen.c:1545:6:PatientInfo_MenuScreen	24	static
../Schiller/Screen.c:1585:6:Defib_MenuScreen	24	static
../Schiller/Screen.c:1613:6:Pacer_MenuScreen	24	static
../Schiller/Screen.c:1663:6:AED_MenuScreen	24	static
../Schiller/Screen.c:1700:6:ECG_MenuScreen	24	static
../Schiller/Screen.c:1753:6:SPO2_MenuScreen	24	static
../Schiller/Screen.c:1778:6:NIBP_MenuScreen	24	static
../Schiller/Screen.c:1825:6:Temperature_MenuScreen	24	static
../Schiller/Screen.c:1912:6:IBP_MenuScreen	24	static
../Schiller/Screen.c:1972:6:ETCO2_MenuScreen	24	static
../Schiller/Screen.c:2038:6:Respiration_MenuScreen	24	static
../Schiller/Screen.c:2073:6:Trend_MenuScreen	24	static
../Schiller/Screen.c:2100:6:Event_MenuScreen	24	static
../Schiller/Screen.c:2120:6:Edit_Event	32	static
../Schiller/Screen.c:2146:6:SystemTest_MenuScreen	24	static
../Schiller/Screen.c:2179:6:System_MenuScreen	24	static
../Schiller/Screen.c:2234:6:Channel_MenuScreen	24	static
../Schiller/Screen.c:2472:6:Test_Screen	24	static
../Schiller/Screen.c:2488:6:Config_MenuScreen	24	static
../Schiller/Screen.c:2544:6:Draw_Cursor	32	static
../Schiller/Screen.c:3683:6:Hide_Cursor	4	static
../Schiller/Screen.c:3717:6:Update_Para_Value	24	static
../Schiller/Screen.c:5231:6:Update_Keyboard_Para	32	static
../Schiller/Screen.c:5630:6:Update_Display	8	static
../Schiller/Screen.c:5659:6:PlotECG_Waveforms_SHIPLECG	32	static
../Schiller/Screen.c:5934:6:PlotECG_Waveforms	32	static
../Schiller/Screen.c:6199:6:PlotSPO2_Waveform	32	static
../Schiller/Screen.c:6285:6:PlotCO2_Waveform	24	static
../Schiller/Screen.c:6388:6:PlotResp_Waveform	32	static
../Schiller/Screen.c:6479:6:PlotIBP1_Waveforms	32	static
../Schiller/Screen.c:6568:6:PlotIBP2_Waveforms	32	static
../Schiller/Screen.c:6657:6:Plot_CPR	32	static
../Schiller/Screen.c:6685:6:Refresh_Date_Time	32	static
../Schiller/Screen.c:6724:6:Clear_Channel1_Waveform	4	static
../Schiller/Screen.c:6730:6:Clear_Channel2_Waveform	4	static
../Schiller/Screen.c:6736:6:Clear_Channel3_Waveform	4	static
../Schiller/Screen.c:6742:6:Clear_Channel4_Waveform	4	static
../Schiller/Screen.c:6756:6:Update_Small_Trend	24	static
../Schiller/Screen.c:6794:6:Draw_Keyboard	24	static
../Schiller/Screen.c:6809:6:Update_Channel_Lead	40	static
../Schiller/Screen.c:6908:6:UpdatePowerSymbol	32	static
../Schiller/Screen.c:6955:6:UpdateAlarmStatus	24	static
../Schiller/Screen.c:6989:6:Display_PrintSymbol	32	static
../Schiller/Screen.c:7005:6:Update_Paddle_Pad_Image	24	static
../Schiller/Screen.c:7023:6:Update_Selected_Energy_User	24	static
../Schiller/Screen.c:7042:15:GetBatteryPercentage	4	static
