../drivers/ff_usb.c:602:6:ld_word	24	static
../drivers/ff_usb.c:612:7:ld_dword	24	static
../drivers/ff_usb.c:643:6:st_word	16	static
../drivers/ff_usb.c:650:6:st_dword	16	static
../drivers/ff_usb.c:682:6:mem_cpy	32	static
../drivers/ff_usb.c:693:6:mem_set	32	static
../drivers/ff_usb.c:701:5:mem_cmp	40	static
../drivers/ff_usb.c:714:5:chk_chr	16	static
../drivers/ff_usb.c:868:9:sync_window	32	static
../drivers/ff_usb.c:897:9:move_window	24	static
../drivers/ff_usb.c:929:9:sync_fs	24	static
../drivers/ff_usb.c:968:7:clust2sect	16	static
../drivers/ff_usb.c:986:7:get_fat	32	static
../drivers/ff_usb.c:1062:9:put_fat	48	static
../drivers/ff_usb.c:1232:9:remove_chain	40	static
../drivers/ff_usb.c:1312:7:create_chain	40	static
../drivers/ff_usb.c:1427:9:dir_sdi	32	static
../drivers/ff_usb.c:1476:9:dir_next	32	static
../drivers/ff_usb.c:1546:9:dir_alloc	32	static
../drivers/ff_usb.c:1589:7:ld_clust	24	static
../drivers/ff_usb.c:1607:6:st_clust	24	static
../drivers/ff_usb.c:2089:9:dir_read	32	static
../drivers/ff_usb.c:2166:9:dir_find	32	static
../drivers/ff_usb.c:2245:9:dir_register	24	static
../drivers/ff_usb.c:2348:9:dir_remove	24	static
../drivers/ff_usb.c:2396:6:get_fileinfo	32	static
../drivers/ff_usb.c:2570:9:create_name	48	static
../drivers/ff_usb.c:2765:9:follow_path	32	static
../drivers/ff_usb.c:2853:5:get_ldnumber	32	static
../drivers/ff_usb.c:2914:6:check_fs	16	static
../drivers/ff_usb.c:2942:9:find_volume	96	static
../drivers/ff_usb.c:3163:9:validate	24	static
../drivers/ff_usb.c:3197:9:USBf_mount	40	static
../drivers/ff_usb.c:3245:9:USBf_open	104	static
../drivers/ff_usb.c:3446:9:USBf_read	64	static
../drivers/ff_usb.c:3546:9:USBf_write	56	static
../drivers/ff_usb.c:3667:9:USBf_sync	32	static
../drivers/ff_usb.c:3745:9:USBf_close	24	static
../drivers/ff_usb.c:3783:9:USBf_chdrive	24	static
../drivers/ff_usb.c:3801:9:USBf_chdir	80	static
../drivers/ff_usb.c:3853:9:USBf_getcwd	112	static
../drivers/ff_usb.c:3933:9:USBf_lseek	40	static
../drivers/ff_usb.c:4087:9:USBf_opendir	32	static
../drivers/ff_usb.c:4157:9:USBf_closedir	24	static
../drivers/ff_usb.c:4190:9:USBf_readdir	24	static
../drivers/ff_usb.c:4278:9:USBf_stat	64	static
../drivers/ff_usb.c:4313:9:USBf_getfree	72	static
../drivers/ff_usb.c:4400:9:USBf_truncate	32	static
../drivers/ff_usb.c:4450:9:USBf_unlink	120	static
../drivers/ff_usb.c:4545:9:USBf_mkdir	96	static
../drivers/ff_usb.c:4638:9:USBf_rename	152	static
../drivers/ff_usb.c:4744:9:USBf_chmod	72	static
../drivers/ff_usb.c:4789:9:USBf_utime	72	static
../drivers/ff_usb.c:5211:9:USBf_mkfs	120	static
../drivers/ff_usb.c:5739:8:USBf_gets	40	static
../drivers/ff_usb.c:5826:6:putc_bfd	24	static
../drivers/ff_usb.c:5882:5:putc_flush	24	static
../drivers/ff_usb.c:5896:6:putc_init	16	static
../drivers/ff_usb.c:5907:5:USBf_putc	96	static
../drivers/ff_usb.c:5927:5:USBf_puts	96	static
../drivers/ff_usb.c:5947:5:USBf_printf	164	static
