D:\DIGI-400\SOFTWARE\DIGI-400_11_08_2022\x\CMSIS/core_cm4.h:1679:22:__NVIC_EnableIRQ	16	static
../drivers/fsl_clock.h:701:20:CLOCK_EnableClock	24	static
../drivers/fsl_clock.h:715:20:CLOCK_DisableClock	24	static
../drivers/fsl_common.h:460:28:EnableIRQ	16	static
../drivers/fsl_sdif.h:439:24:SDIF_DetectCardInsert	16	static
../drivers/fsl_sdif.h:456:20:SDIF_EnableCardClock	16	static
../drivers/fsl_sdif.h:568:20:SDIF_EnableGlobalInterrupt	16	static
../drivers/fsl_sdif.h:585:20:SDIF_EnableInterrupt	16	static
../drivers/fsl_sdif.h:604:24:SDIF_GetInterruptStatus	16	static
../drivers/fsl_sdif.h:614:20:SDIF_ClearInterruptStatus	16	static
../drivers/fsl_sdif.h:657:24:SDIF_GetInternalDMAStatus	16	static
../drivers/fsl_sdif.h:667:20:SDIF_ClearInternalDMAStatus	16	static
../drivers/fsl_sdif.h:686:20:SDIF_EnableInternalDMA	16	static
../drivers/fsl_sdif.c:203:17:SDIF_GetInstance	24	static
../drivers/fsl_sdif.c:217:17:SDIF_TransferConfig	24	static
../drivers/fsl_sdif.c:293:17:SDIF_ReadCommandResponse	16	static
../drivers/fsl_sdif.c:321:17:SDIF_WaitCommandDone	24	static
../drivers/fsl_sdif.c:342:10:SDIF_ReleaseDMADescriptor	32	static
../drivers/fsl_sdif.c:394:17:SDIF_ReadDataPort	40	static
../drivers/fsl_sdif.c:441:17:SDIF_WriteDataPort	40	static
../drivers/fsl_sdif.c:488:17:SDIF_ReadDataPortBlocking	40	static
../drivers/fsl_sdif.c:537:17:SDIF_WriteDataPortBlocking	32	static
../drivers/fsl_sdif.c:592:6:SDIF_Reset	24	static
../drivers/fsl_sdif.c:616:17:SDIF_TransferDataBlocking	32	static
../drivers/fsl_sdif.c:669:10:SDIF_SendCommand	24	static
../drivers/fsl_sdif.c:690:6:SDIF_SendCardActive	64	static
../drivers/fsl_sdif.c:726:6:SDIF_ConfigClockDelay	24	static
../drivers/fsl_sdif.c:759:10:SDIF_SetCardClock	72	static
../drivers/fsl_sdif.c:799:6:SDIF_AbortReadData	16	static
../drivers/fsl_sdif.c:816:10:SDIF_InternalDMAConfig	56	static
../drivers/fsl_sdif.c:956:6:SDIF_Init	16	static
../drivers/fsl_sdif.c:985:10:SDIF_TransferBlocking	40	static
../drivers/fsl_sdif.c:1048:10:SDIF_TransferNonBlocking	32	static
../drivers/fsl_sdif.c:1097:6:SDIF_TransferCreateHandle	24	static
../drivers/fsl_sdif.c:1128:6:SDIF_GetCapability	16	static
../drivers/fsl_sdif.c:1141:13:SDIF_TransferHandleCommand	32	static
../drivers/fsl_sdif.c:1175:13:SDIF_TransferHandleData	32	static
../drivers/fsl_sdif.c:1228:13:SDIF_TransferHandleDMA	32	static
../drivers/fsl_sdif.c:1253:13:SDIF_TransferHandleSDIOInterrupt	16	static
../drivers/fsl_sdif.c:1261:13:SDIF_TransferHandleCardDetect	16	static
../drivers/fsl_sdif.c:1279:13:SDIF_TransferHandleIRQ	24	static
../drivers/fsl_sdif.c:1316:6:SDIF_Deinit	16	static
../drivers/fsl_sdif.c:1327:6:SDIO_DriverIRQHandler	8	static
