D:\DIGI-400\SOFTWARE\DIGI-400_11_08_2022\x\CMSIS/core_cm4.h:1679:22:__NVIC_EnableIRQ	16	static
D:\DIGI-400\SOFTWARE\DIGI-400_11_08_2022\x\CMSIS/core_cm4.h:1715:22:__NVIC_DisableIRQ	16	static
../drivers/fsl_clock.h:701:20:CLOCK_EnableClock	24	static
../drivers/fsl_clock.h:715:20:CLOCK_DisableClock	24	static
../drivers/fsl_common.h:460:28:EnableIRQ	16	static
../drivers/fsl_common.h:498:28:DisableIRQ	16	static
../drivers/fsl_enet.h:664:20:ENET_SetMacAddr	24	static
../drivers/fsl_enet.c:280:17:ENET_IncreaseIndex	16	static
../drivers/fsl_enet.c:291:13:ENET_SetSYSControl	16	static
../drivers/fsl_enet.c:300:13:ENET_SetDMAControl	32	static
../drivers/fsl_enet.c:333:13:ENET_SetMTL	32	static
../drivers/fsl_enet.c:377:13:ENET_SetMacControl	32	static
../drivers/fsl_enet.c:422:17:ENET_TxDescriptorsInit	40	static
../drivers/fsl_enet.c:465:17:ENET_RxDescriptorsInit	48	static
../drivers/fsl_enet.c:539:16:ENET_GetTxRingId	40	static
../drivers/fsl_enet.c:826:10:ENET_GetInstance	24	static
../drivers/fsl_enet.c:858:6:ENET_GetDefaultConfig	16	static
../drivers/fsl_enet.c:895:6:ENET_Init	32	static
../drivers/fsl_enet.c:928:6:ENET_Deinit	16	static
../drivers/fsl_enet.c:956:10:ENET_DescriptorInit	40	static
../drivers/fsl_enet.c:1004:6:ENET_StartRxTx	24	static
../drivers/fsl_enet.c:1047:6:ENET_EnableInterrupts	24	static
../drivers/fsl_enet.c:1092:6:ENET_ClearMacInterruptStatus	24	static
../drivers/fsl_enet.c:1125:6:ENET_DisableInterrupts	24	static
../drivers/fsl_enet.c:1179:6:ENET_CreateHandler	32	static
../drivers/fsl_enet.c:1272:6:ENET_GetMacAddr	24	static
../drivers/fsl_enet.c:1295:6:ENET_SetSMI	24	static
../drivers/fsl_enet.c:1338:6:ENET_StartSMIWrite	32	static
../drivers/fsl_enet.c:1357:6:ENET_StartSMIRead	32	static
../drivers/fsl_enet.c:1378:6:ENET_EnterPowerDown	24	static
../drivers/fsl_enet.c:1421:10:ENET_GetRxFrameSize	40	static
../drivers/fsl_enet.c:1498:10:ENET_ReadFrame	72	static
../drivers/fsl_enet.c:1686:6:ENET_UpdateRxDescriptor	32	static
../drivers/fsl_enet.c:1742:6:ENET_SetupTxDescriptor	32	static
../drivers/fsl_enet.c:1795:6:ENET_ReclaimTxDescriptor	48	static
../drivers/fsl_enet.c:1858:10:ENET_SendFrame	64	static
../drivers/fsl_enet.c:2079:6:ENET_IRQHandler	40	static
../drivers/fsl_enet.c:2140:6:ETHERNET_DriverIRQHandler	8	static
