D:\DIGI-400\SOFTWARE\DIGI-400_11_08_2022\x\CMSIS/core_cm4.h:1679:22:__NVIC_EnableIRQ	16	static
../drivers/fsl_common.h:460:28:EnableIRQ	16	static
../drivers/fsl_i2s.h:396:20:I2S_Enable	16	static
../drivers/fsl_i2s.h:428:20:I2S_Disable	16	static
../drivers/fsl_i2s.h:447:20:I2S_EnableInterrupts	16	static
../drivers/fsl_i2s.h:459:20:I2S_DisableInterrupts	16	static
../drivers/fsl_i2s.c:74:17:I2S_GetInstance	24	static
../drivers/fsl_i2s.c:97:6:I2S_SetBitClockRate	32	static
../drivers/fsl_i2s.c:120:6:I2S_TxInit	24	static
../drivers/fsl_i2s.c:155:6:I2S_RxInit	24	static
../drivers/fsl_i2s.c:208:6:I2S_TxGetDefaultConfig	16	static
../drivers/fsl_i2s.c:262:6:I2S_RxGetDefaultConfig	16	static
../drivers/fsl_i2s.c:283:13:I2S_Config	24	static
../drivers/fsl_i2s.c:344:6:I2S_Deinit	16	static
../drivers/fsl_i2s.c:349:13:I2S_TxEnable	16	static
../drivers/fsl_i2s.c:364:13:I2S_RxEnable	16	static
../drivers/fsl_i2s.c:379:17:I2S_ValidateBuffer	16	static
../drivers/fsl_i2s.c:487:6:I2S_EnableSecondaryChannel	32	static
../drivers/fsl_i2s.c:513:6:I2S_TxTransferCreateHandle	32	static
../drivers/fsl_i2s.c:554:10:I2S_TxTransferNonBlocking	32	static
../drivers/fsl_i2s.c:595:6:I2S_TxTransferAbort	16	static
../drivers/fsl_i2s.c:619:6:I2S_RxTransferCreateHandle	32	static
../drivers/fsl_i2s.c:661:10:I2S_RxTransferNonBlocking	32	static
../drivers/fsl_i2s.c:701:6:I2S_RxTransferAbort	16	static
../drivers/fsl_i2s.c:727:10:I2S_TransferGetCount	24	static
../drivers/fsl_i2s.c:762:10:I2S_TransferGetErrorCount	24	static
../drivers/fsl_i2s.c:793:6:I2S_TxHandleIRQ	48	static
../drivers/fsl_i2s.c:997:6:I2S_RxHandleIRQ	48	static
