D:\work folder\NithinGit\Nithin_ADCModule\CMSIS/core_cm4.h:1679:22:__NVIC_EnableIRQ	16	static
D:\work folder\NithinGit\Nithin_ADCModule\CMSIS/core_cm4.h:1715:22:__NVIC_DisableIRQ	16	static
D:\work folder\NithinGit\Nithin_ADCModule\CMSIS/core_cm4.h:1768:22:__NVIC_ClearPendingIRQ	16	static
../drivers/fsl_clock.h:701:20:CLOCK_EnableClock	24	static
../drivers/fsl_clock.h:715:20:CLOCK_DisableClock	24	static
../drivers/fsl_common.h:460:28:EnableIRQ	16	static
../drivers/fsl_common.h:498:28:DisableIRQ	16	static
../drivers/fsl_dmic.c:55:10:DMIC_GetInstance	24	static
../drivers/fsl_dmic.c:78:6:DMIC_Init	16	static
../drivers/fsl_dmic.c:109:6:DMIC_DeInit	16	static
../drivers/fsl_dmic.c:127:6:DMIC_ConfigIO	16	static
../drivers/fsl_dmic.c:141:6:DMIC_SetOperationMode	16	static
../drivers/fsl_dmic.c:166:6:DMIC_ConfigChannel	24	static
../drivers/fsl_dmic.c:195:6:DMIC_CfgChannelDc	24	static
../drivers/fsl_dmic.c:212:6:DMIC_Use2fs	16	static
../drivers/fsl_dmic.c:223:6:DMIC_EnableChannnel	16	static
../drivers/fsl_dmic.c:237:6:DMIC_FifoChannel	24	static
../drivers/fsl_dmic.c:255:6:DMIC_EnableIntCallback	24	static
../drivers/fsl_dmic.c:275:6:DMIC_DisableIntCallback	24	static
../drivers/fsl_dmic.c:295:6:DMIC_HwvadEnableIntCallback	24	static
../drivers/fsl_dmic.c:315:6:DMIC_HwvadDisableIntCallback	24	static
../drivers/fsl_dmic.c:328:6:DMIC0_DriverIRQHandler	8	static
../drivers/fsl_dmic.c:341:6:HWVAD0_DriverIRQHandler	8	static
