D:\DIGI-400\SOFTWARE\DIGI-400_11_08_2022\x\CMSIS/core_cm4.h:1679:22:__NVIC_EnableIRQ	16	static
../drivers/fsl_common.h:460:28:EnableIRQ	16	static
../drivers/fsl_i2c.h:456:20:I2C_MasterEnable	16	static
../drivers/fsl_i2c.h:485:24:I2C_GetStatusFlags	16	static
../drivers/fsl_i2c.h:505:20:I2C_MasterClearStatusFlags	16	static
../drivers/fsl_i2c.h:523:20:I2C_EnableInterrupts	16	static
../drivers/fsl_i2c.h:535:20:I2C_DisableInterrupts	16	static
../drivers/fsl_i2c.h:615:24:I2C_MasterRepeatedStart	16	static
../drivers/fsl_i2c.h:823:20:I2C_SlaveEnable	16	static
../drivers/fsl_i2c.h:848:20:I2C_SlaveClearStatusFlags	16	static
../drivers/fsl_i2c.c:89:10:I2C_GetInstance	24	static
../drivers/fsl_i2c.c:118:6:I2C_MasterGetDefaultConfig	16	static
../drivers/fsl_i2c.c:141:6:I2C_MasterInit	24	static
../drivers/fsl_i2c.c:156:6:I2C_MasterDeinit	16	static
../drivers/fsl_i2c.c:171:6:I2C_MasterSetBaudRate	48	static
../drivers/fsl_i2c.c:233:17:I2C_PendingStatusWait	24	static
../drivers/fsl_i2c.c:280:10:I2C_MasterStart	24	static
../drivers/fsl_i2c.c:303:10:I2C_MasterStop	24	static
../drivers/fsl_i2c.c:333:10:I2C_MasterWriteBlocking	40	static
../drivers/fsl_i2c.c:445:10:I2C_MasterReadBlocking	40	static
../drivers/fsl_i2c.c:543:10:I2C_MasterTransferBlocking	32	static
../drivers/fsl_i2c.c:623:6:I2C_MasterTransferCreateHandle	32	static
../drivers/fsl_i2c.c:661:10:I2C_MasterTransferNonBlocking	32	static
../drivers/fsl_i2c.c:698:10:I2C_MasterTransferGetCount	24	static
../drivers/fsl_i2c.c:730:10:I2C_MasterTransferAbort	24	static
../drivers/fsl_i2c.c:778:17:I2C_InitTransferStateMachine	48	static
../drivers/fsl_i2c.c:845:17:I2C_RunTransferStateMachine	48	static
../drivers/fsl_i2c.c:1023:6:I2C_MasterTransferHandleIRQ	32	static
../drivers/fsl_i2c.c:1059:13:I2C_SlaveInternalStateMachineReset	16	static
../drivers/fsl_i2c.c:1073:17:I2C_SlaveDivVal	32	static
../drivers/fsl_i2c.c:1126:17:I2C_SlavePollPending	24	static
../drivers/fsl_i2c.c:1162:13:I2C_SlaveInvokeEvent	40	static
../drivers/fsl_i2c.c:1200:13:I2C_SlaveAddressIRQ	32	static
../drivers/fsl_i2c.c:1278:17:I2C_SlaveTransferNonBlockingInternal	32	static
../drivers/fsl_i2c.c:1345:10:I2C_SlaveSetSendBuffer	40	static
../drivers/fsl_i2c.c:1375:10:I2C_SlaveSetReceiveBuffer	40	static
../drivers/fsl_i2c.c:1392:6:I2C_SlaveSetAddress	16	static
../drivers/fsl_i2c.c:1421:6:I2C_SlaveGetDefaultConfig	40	static
../drivers/fsl_i2c.c:1449:10:I2C_SlaveInit	32	static
../drivers/fsl_i2c.c:1493:6:I2C_SlaveDeinit	16	static
../drivers/fsl_i2c.c:1509:10:I2C_SlaveWriteBlocking	40	static
../drivers/fsl_i2c.c:1598:10:I2C_SlaveReadBlocking	40	static
../drivers/fsl_i2c.c:1689:6:I2C_SlaveTransferCreateHandle	32	static
../drivers/fsl_i2c.c:1750:10:I2C_SlaveTransferNonBlocking	40	static
../drivers/fsl_i2c.c:1764:10:I2C_SlaveTransferGetCount	24	static
../drivers/fsl_i2c.c:1794:6:I2C_SlaveTransferAbort	16	static
../drivers/fsl_i2c.c:1814:6:I2C_SlaveTransferHandleIRQ	40	static
