../drivers/fsl_sdif.h:439:24:SDIF_DetectCardInsert	16	static
../drivers/fsl_sdif.h:513:20:SDIF_EnableCardPower	16	static
../drivers/fsl_sdif.h:585:20:SDIF_EnableInterrupt	16	static
../drivers/fsl_sdmmc_host.c:99:13:SDMMCHOST_DetectCardInsertByHost	16	static
../drivers/fsl_sdmmc_host.c:112:13:SDMMCHOST_DetectCardRemoveByHost	16	static
../drivers/fsl_sdmmc_host.c:123:13:SDMMCHOST_TransferCompleteCallback	24	static
../drivers/fsl_sdmmc_host.c:139:17:SDMMCHOST_TransferFunction	32	static
../drivers/fsl_sdmmc_host.c:176:17:SDMMCHOST_CardDetectInit	24	static
../drivers/fsl_sdmmc_host.c:211:13:SDMMCHOST_CardDetectDeinit	8	static
../drivers/fsl_sdmmc_host.c:217:6:SDMMCHOST_Delay	16	static
../drivers/fsl_sdmmc_host.c:222:10:SDMMCHOST_WaitCardDetectStatus	32	static
../drivers/fsl_sdmmc_host.c:246:6:SDMMCHOST_IsCardPresent	4	static
../drivers/fsl_sdmmc_host.c:251:6:SDMMCHOST_PowerOffCard	16	static
../drivers/fsl_sdmmc_host.c:267:6:SDMMCHOST_PowerOnCard	16	static
../drivers/fsl_sdmmc_host.c:284:10:SDMMCHOST_Init	48	static
../drivers/fsl_sdmmc_host.c:324:6:SDMMCHOST_Reset	16	static
../drivers/fsl_sdmmc_host.c:329:6:SDMMCHOST_Deinit	24	static
../drivers/fsl_sdmmc_host.c:336:6:SDMMCHOST_ErrorRecovery	16	static
