../drivers/fsl_common.h:528:28:DisableGlobalIRQ	16	static
../drivers/fsl_common.h:559:24:EnableGlobalIRQ	24	static
../drivers/fsl_os_abstraction_bm.c:146:18:main_task	16	static
../drivers/fsl_os_abstraction_bm.c:179:7:OSA_MemoryAllocate	24	static
../drivers/fsl_os_abstraction_bm.c:197:6:OSA_MemoryFree	16	static
../drivers/fsl_os_abstraction_bm.c:202:6:OSA_EnterCritical	16	static
../drivers/fsl_os_abstraction_bm.c:207:6:OSA_ExitCritical	16	static
../drivers/fsl_os_abstraction_bm.c:218:6:OSA_EnableIRQGlobal	4	static
../drivers/fsl_os_abstraction_bm.c:239:6:OSA_DisableIRQGlobal	4	static
../drivers/fsl_os_abstraction_bm.c:410:18:OSA_TimeInit	4	static
../drivers/fsl_os_abstraction_bm.c:427:22:OSA_TimeDiff	16	static
../drivers/fsl_os_abstraction_bm.c:445:6:OSA_TimeDelay	16	static
../drivers/fsl_os_abstraction_bm.c:464:22:OSA_TimeGetMsec	4	static
../drivers/fsl_os_abstraction_bm.c:480:14:OSA_SemaphoreCreate	24	static
../drivers/fsl_os_abstraction_bm.c:499:14:OSA_SemaphoreDestroy	24	static
../drivers/fsl_os_abstraction_bm.c:522:14:OSA_SemaphoreWait	24	static
../drivers/fsl_os_abstraction_bm.c:586:14:OSA_SemaphorePost	24	static
../drivers/fsl_os_abstraction_bm.c:610:14:OSA_MutexCreate	24	static
../drivers/fsl_os_abstraction_bm.c:634:14:OSA_MutexLock	24	static
../drivers/fsl_os_abstraction_bm.c:695:14:OSA_MutexUnlock	24	static
../drivers/fsl_os_abstraction_bm.c:712:14:OSA_MutexDestroy	24	static
../drivers/fsl_os_abstraction_bm.c:729:14:OSA_EventCreate	24	static
../drivers/fsl_os_abstraction_bm.c:752:14:OSA_EventSet	24	static
../drivers/fsl_os_abstraction_bm.c:776:14:OSA_EventClear	24	static
../drivers/fsl_os_abstraction_bm.c:811:14:OSA_EventWait	32	static
../drivers/fsl_os_abstraction_bm.c:893:14:OSA_EventDestroy	24	static
../drivers/fsl_os_abstraction_bm.c:912:14:OSA_MsgQCreate	32	static
../drivers/fsl_os_abstraction_bm.c:934:14:OSA_MsgQPut	32	static
../drivers/fsl_os_abstraction_bm.c:992:14:OSA_MsgQGet	40	static
../drivers/fsl_os_abstraction_bm.c:1082:14:OSA_MsgQDestroy	24	static
../drivers/fsl_os_abstraction_bm.c:1100:6:OSA_InterruptEnable	8	static
../drivers/fsl_os_abstraction_bm.c:1110:6:OSA_InterruptDisable	8	static
../drivers/fsl_os_abstraction_bm.c:1121:6:OSA_InstallIntHandler	16	static
