../drivers/fsl_sdif.h:539:20:SDIF_SetCardBusWidth	16	static
../drivers/fsl_sdif.h:793:24:SDIF_GetControllerStatus	16	static
../drivers/fsl_sd.c:337:24:SD_SelectCard	16	static
../drivers/fsl_sd.c:344:24:SD_SendApplicationCmd	16	static
../drivers/fsl_sd.c:351:24:SD_GoIdle	16	static
../drivers/fsl_sd.c:358:24:SD_SetBlockSize	16	static
../drivers/fsl_sd.c:365:24:SD_ExecuteTuning	16	static
../drivers/fsl_sd.c:372:17:SD_SwitchVoltage	16	static
../drivers/fsl_sd.c:379:17:SD_Transfer	32	static
../drivers/fsl_sd.c:428:17:SD_WaitWriteComplete	64	static
../drivers/fsl_sd.c:459:17:SD_StopTransmission	64	static
../drivers/fsl_sd.c:482:17:SD_SendRca	64	static
../drivers/fsl_sd.c:504:17:SD_SwitchFunction	96	static
../drivers/fsl_sd.c:534:13:SD_DecodeScr	24	static
../drivers/fsl_sd.c:592:17:SD_SendScr	112	static
../drivers/fsl_sd.c:650:17:SD_SelectFunction	136	static
../drivers/fsl_sd.c:760:17:SD_SetDataBusWidth	64	static
../drivers/fsl_sd.c:797:13:SD_DecodeCsd	24	static
../drivers/fsl_sd.c:898:17:SD_SendCsd	64	static
../drivers/fsl_sd.c:923:13:SD_DecodeCid	24	static
../drivers/fsl_sd.c:948:17:SD_AllSendCid	64	static
../drivers/fsl_sd.c:972:17:SD_ApplicationSendOperationCondition	72	static
../drivers/fsl_sd.c:1022:17:SD_SendInterfaceCondition	72	static
../drivers/fsl_sd.c:1061:17:SD_SelectBusTiming	24	static
../drivers/fsl_sd.c:1175:17:SD_SetDriverStrength	24	static
../drivers/fsl_sd.c:1187:17:SD_SetMaxCurrent	24	static
../drivers/fsl_sd.c:1199:17:SD_Read	96	static
../drivers/fsl_sd.c:1262:17:SD_Write	96	static
../drivers/fsl_sd.c:1331:17:SD_Erase	80	static
../drivers/fsl_sd.c:1401:6:SD_CheckReadOnly	16	static
../drivers/fsl_sd.c:1409:10:SD_ReadBlocks	56	static
../drivers/fsl_sd.c:1465:10:SD_WriteBlocks	56	static
../drivers/fsl_sd.c:1519:10:SD_EraseBlocks	40	static
../drivers/fsl_sd.c:1556:10:SD_CardInit	24	static
../drivers/fsl_sd.c:1709:6:SD_CardDeinit	16	static
../drivers/fsl_sd.c:1716:10:SD_HostInit	16	static
../drivers/fsl_sd.c:1731:6:SD_HostDeinit	16	static
../drivers/fsl_sd.c:1740:6:SD_HostReset	16	static
../drivers/fsl_sd.c:1745:6:SD_PowerOnCard	16	static
../drivers/fsl_sd.c:1750:6:SD_PowerOffCard	16	static
../drivers/fsl_sd.c:1755:10:SD_WaitCardDetectStatus	24	static
../drivers/fsl_sd.c:1760:6:SD_IsCardPresent	16	static
../drivers/fsl_sd.c:1765:10:SD_Init	16	static
../drivers/fsl_sd.c:1791:6:SD_Deinit	16	static
