../drivers/fsl_clock.h:701:20:CLOCK_EnableClock	24	static
../drivers/fsl_clock.h:715:20:CLOCK_DisableClock	24	static
../drivers/fsl_clock.h:749:20:CLOCK_SetFLASHAccessCycles	24	static
../drivers/fsl_clock.h:913:35:CLOCK_GetAsyncApbClkSrc	4	static
../drivers/fsl_clock.h:986:22:CLOCK_IsSystemPLLLocked	4	static
../drivers/fsl_clock.h:994:22:CLOCK_IsUsbPLLLocked	4	static
../drivers/fsl_clock.h:1002:22:CLOCK_IsAudioPLLLocked	4	static
../drivers/fsl_clock.h:1010:22:CLOCK_Enable_SysOsc	16	static
../drivers/fsl_power.h:96:20:POWER_EnablePD	16	static
../drivers/fsl_power.h:108:20:POWER_DisablePD	16	static
../drivers/fsl_clock.c:148:6:CLOCK_AttachClk	32	static
../drivers/fsl_clock.c:195:19:CLOCK_GetClockAttachId	48	static
../drivers/fsl_clock.c:245:6:CLOCK_SetClkDiv	24	static
../drivers/fsl_clock.c:272:10:CLOCK_SetupFROClocking	24	static
../drivers/fsl_clock.c:311:10:CLOCK_GetClockOutClkFreq	16	static
../drivers/fsl_clock.c:360:10:CLOCK_GetSpifiClkFreq	16	static
../drivers/fsl_clock.c:396:10:CLOCK_GetAdcClkFreq	16	static
../drivers/fsl_clock.c:429:10:CLOCK_GetUsb0ClkFreq	16	static
../drivers/fsl_clock.c:460:10:CLOCK_GetUsb1ClkFreq	16	static
../drivers/fsl_clock.c:491:10:CLOCK_GetMclkClkFreq	16	static
../drivers/fsl_clock.c:519:10:CLOCK_GetSctClkFreq	16	static
../drivers/fsl_clock.c:553:10:CLOCK_GetSdioClkFreq	16	static
../drivers/fsl_clock.c:589:10:CLOCK_GetLcdClkFreq	16	static
../drivers/fsl_clock.c:620:10:CLOCK_GetLcdClkIn	4	static
../drivers/fsl_clock.c:629:10:CLOCK_GetFro12MFreq	4	static
../drivers/fsl_clock.c:638:10:CLOCK_GetExtClkFreq	4	static
../drivers/fsl_clock.c:647:10:CLOCK_GetWdtOscFreq	16	static
../drivers/fsl_clock.c:667:10:CLOCK_GetFroHfFreq	16	static
../drivers/fsl_clock.c:695:10:CLOCK_GetPllOutFreq	4	static
../drivers/fsl_clock.c:704:10:CLOCK_GetAudioPllOutFreq	4	static
../drivers/fsl_clock.c:713:10:CLOCK_GetUsbPllOutFreq	4	static
../drivers/fsl_clock.c:722:10:CLOCK_GetOsc32KFreq	4	static
../drivers/fsl_clock.c:731:10:CLOCK_GetCoreSysClkFreq	16	static
../drivers/fsl_clock.c:779:10:CLOCK_GetI2SMClkFreq	4	static
../drivers/fsl_clock.c:788:10:CLOCK_GetAsyncApbClkFreq	16	static
../drivers/fsl_clock.c:816:10:CLOCK_GetMCanClkFreq	24	static
../drivers/fsl_clock.c:840:10:CLOCK_GetFlexCommClkFreq	24	static
../drivers/fsl_clock.c:874:10:CLOCK_GetFRGInputClock	16	static
../drivers/fsl_clock.c:905:10:CLOCK_GetFrgClkFreq	32	static
../drivers/fsl_clock.c:927:10:CLOCK_GetDmicClkFreq	16	static
../drivers/fsl_clock.c:966:10:CLOCK_SetFRGClock	64	static
../drivers/fsl_clock.c:993:10:CLOCK_GetFreq	24	static
../drivers/fsl_clock.c:1051:6:CLOCK_SetFLASHAccessCyclesForFreq	16	static
../drivers/fsl_clock.c:1092:17:pllEncodeN	24	static
../drivers/fsl_clock.c:1124:17:pllDecodeN	32	static
../drivers/fsl_clock.c:1163:17:pllEncodeP	24	static
../drivers/fsl_clock.c:1195:17:pllDecodeP	32	static
../drivers/fsl_clock.c:1234:17:pllEncodeM	24	static
../drivers/fsl_clock.c:1266:17:pllDecodeM	32	static
../drivers/fsl_clock.c:1305:13:pllFindSel	24	static
../drivers/fsl_clock.c:1352:17:findPllPreDiv	24	static
../drivers/fsl_clock.c:1372:17:findPllPostDiv	24	static
../drivers/fsl_clock.c:1392:17:findPllMMult	24	static
../drivers/fsl_clock.c:1408:15:Binary2Fractional	40	static
../drivers/fsl_clock.c:1419:17:FindGreatestCommonDivisor	24	static
../drivers/fsl_clock.c:1439:20:CLOCK_GetPllConfigInternal	80	static
../drivers/fsl_clock.c:1561:20:CLOCK_GetPllConfig	32	static
../drivers/fsl_clock.c:1610:13:CLOCK_GetSystemPLLOutFromSetupUpdate	16	static
../drivers/fsl_clock.c:1616:13:CLOCK_GetAudioPLLOutFromSetupUpdate	16	static
../drivers/fsl_clock.c:1622:13:CLOCK_GetAudioPLLOutFromAudioFracSetupUpdate	16	static
../drivers/fsl_clock.c:1628:13:CLOCK_GetUsbPLLOutFromSetupUpdate	16	static
../drivers/fsl_clock.c:1637:10:CLOCK_GetSystemPLLInClockRate	16	static
../drivers/fsl_clock.c:1671:10:CLOCK_GetAudioPLLInClockRate	16	static
../drivers/fsl_clock.c:1698:10:CLOCK_GetSystemPLLOutFromSetup	88	static
../drivers/fsl_clock.c:1756:10:CLOCK_GetUsbPLLOutFromSetup	144	static
../drivers/fsl_clock.c:1784:10:CLOCK_GetAudioPLLOutFromSetup	88	static
../drivers/fsl_clock.c:1841:10:CLOCK_GetAudioPLLOutFromFractSetup	56	static
../drivers/fsl_clock.c:1898:6:CLOCK_SetStoredPLLClockRate	16	static
../drivers/fsl_clock.c:1908:6:CLOCK_SetStoredAudioPLLClockRate	16	static
../drivers/fsl_clock.c:1918:6:CLOCK_SetStoredUsbPLLClockRate	16	static
../drivers/fsl_clock.c:1931:10:CLOCK_GetSystemPLLOutClockRate	48	static
../drivers/fsl_clock.c:1959:10:CLOCK_GetAudioPLLOutClockRate	48	static
../drivers/fsl_clock.c:1986:10:CLOCK_GetUsbPLLOutClockRate	32	static
../drivers/fsl_clock.c:2016:13:CLOCK_SetupPLLData	24	static
../drivers/fsl_clock.c:2048:13:CLOCK_SetupSystemPLLPrec	24	static
../drivers/fsl_clock.c:2128:13:CLOCK_SetupAudioPLLPrec	24	static
../drivers/fsl_clock.c:2203:13:CLOCK_SetupAudioPLLPrecFract	16	static
../drivers/fsl_clock.c:2252:13:CLOCK_SetupAudioPLLData	24	static
../drivers/fsl_clock.c:2284:13:CLOCK_SetPLLFreq	24	static
../drivers/fsl_clock.c:2355:13:CLOCK_SetAudioPLLFreq	24	static
../drivers/fsl_clock.c:2429:13:CLOCK_SetUsbPLLFreq	32	static
../drivers/fsl_clock.c:2531:6:CLOCK_SetupSystemPLLMult	48	static
../drivers/fsl_clock.c:2626:6:CLOCK_EnableUsbfs0DeviceClock	32	static
../drivers/fsl_clock.c:2678:6:CLOCK_EnableUsbfs0HostClock	32	static
../drivers/fsl_clock.c:2732:6:CLOCK_EnableUsbhs0DeviceClock	32	static
../drivers/fsl_clock.c:2786:6:CLOCK_EnableUsbhs0HostClock	32	static
