D:\DIGI-400\SOFTWARE\DIGI-400_11_08_2022\x\CMSIS/core_cm4.h:1679:22:__NVIC_EnableIRQ	16	static
D:\DIGI-400\SOFTWARE\DIGI-400_11_08_2022\x\CMSIS/core_cm4.h:1715:22:__NVIC_DisableIRQ	16	static
../drivers/usb_host_ohci.c:66:13:USB_HostOhciDisableIsr	24	static
../drivers/usb_host_ohci.c:80:13:USB_HostOhciEnableIsr	24	static
../drivers/usb_host_ohci.c:94:13:USB_HostOhciDelay	32	static
../drivers/usb_host_ohci.c:112:21:USB_HostOhciControlBus	24	static
../drivers/usb_host_ohci.c:205:17:USB_HostOhciBusTime	24	static
../drivers/usb_host_ohci.c:259:21:USB_HostOhciGetPipe	24	static
../drivers/usb_host_ohci.c:278:21:USB_HostOhciRemovePipe	32	static
../drivers/usb_host_ohci.c:313:21:USB_HostOhciInsertPipe	24	static
../drivers/usb_host_ohci.c:342:21:USB_HostOhciGetGtd	40	static
../drivers/usb_host_ohci.c:391:21:USB_HostOhciFreeGtd	24	static
../drivers/usb_host_ohci.c:424:21:USB_HostOhciGetItd	40	static
../drivers/usb_host_ohci.c:472:21:USB_HostOhciFreeItd	32	static
../drivers/usb_host_ohci.c:513:13:USB_HostOhciLinkTdToDoneList	24	static
../drivers/usb_host_ohci.c:547:21:USB_HostOhciPortChange	40	static
../drivers/usb_host_ohci.c:696:21:USB_HostOhciFindStartFrame	32	static
../drivers/usb_host_ohci.c:737:21:USB_HostOhciAddToPeriodicList	32	static
../drivers/usb_host_ohci.c:794:21:USB_HostOhciOpenControlBulkPipe	24	static
../drivers/usb_host_ohci.c:828:21:USB_HostOhciOpenIsoPipe	32	static
../drivers/usb_host_ohci.c:876:21:USB_HostOhciOpenInterruptPipe	40	static
../drivers/usb_host_ohci.c:915:13:USB_HostOhciTdDoneHandle	88	static
../drivers/usb_host_ohci.c:1208:21:USB_HostOhciCancelPipe	72	static
../drivers/usb_host_ohci.c:1340:21:USB_HostOhciRemoveFromPeriodicList	32	static
../drivers/usb_host_ohci.c:1374:21:USB_HostOhciCloseControlBulkPipe	24	static
../drivers/usb_host_ohci.c:1412:21:USB_HostOhciCloseIsoInterruptPipe	16	static
../drivers/usb_host_ohci.c:1438:13:USB_HostOhciFillGtd	24	static
../drivers/usb_host_ohci.c:1459:21:USB_HostOhciLinkGtdControlTr	56	static
../drivers/usb_host_ohci.c:1580:21:USB_HostOhciLinkGtdTr	72	static
../drivers/usb_host_ohci.c:1693:13:USB_HostOhciFillItd	32	static
../drivers/usb_host_ohci.c:1720:21:USB_HostOhciLinkItdTr	72	static
../drivers/usb_host_ohci.c:1801:21:USB_HostOhciTokenDone	48	static
../drivers/usb_host_ohci.c:1845:21:USB_HostOhciSof	48	static
../drivers/usb_host_ohci.c:1928:21:UBS_HostOhciControllerReset	16	static
../drivers/usb_host_ohci.c:1938:21:UBS_HostOhciControllerInit	40	static
../drivers/usb_host_ohci.c:2079:14:USB_HostOhciCreate	40	static
../drivers/usb_host_ohci.c:2160:14:USB_HostOhciDestory	24	static
../drivers/usb_host_ohci.c:2189:14:USB_HostOhciOpenPipe	48	static
../drivers/usb_host_ohci.c:2316:14:USB_HostOhciClosePipe	24	static
../drivers/usb_host_ohci.c:2345:14:USB_HostOhciWritePipe	48	static
../drivers/usb_host_ohci.c:2453:14:USB_HostOhciReadPipe	24	static
../drivers/usb_host_ohci.c:2460:14:USB_HostOhciIoctl	48	static
../drivers/usb_host_ohci.c:2523:6:USB_HostOhciTaskFunction	48	static
../drivers/usb_host_ohci.c:2586:6:USB_HostOhciIsrFunction	32	static
