../drivers/usb_host_msd_ufi.c:62:14:USB_HostMsdRead10	56	static
../drivers/usb_host_msd_ufi.c:85:14:USB_HostMsdRead12	56	static
../drivers/usb_host_msd_ufi.c:108:14:USB_HostMsdWrite10	56	static
../drivers/usb_host_msd_ufi.c:131:14:USB_HostMsdWrite12	56	static
../drivers/usb_host_msd_ufi.c:154:14:USB_HostMsdReadCapacity	56	static
../drivers/usb_host_msd_ufi.c:175:14:USB_HostMsdTestUnitReady	56	static
../drivers/usb_host_msd_ufi.c:194:14:USB_HostMsdRequestSense	56	static
../drivers/usb_host_msd_ufi.c:215:14:USB_HostMsdModeSelect	56	static
../drivers/usb_host_msd_ufi.c:236:14:USB_HostMsdModeSense	48	static
../drivers/usb_host_msd_ufi.c:254:14:USB_HostMsdInquiry	56	static
../drivers/usb_host_msd_ufi.c:275:14:USB_HostMsdReadFormatCapacities	56	static
../drivers/usb_host_msd_ufi.c:296:14:USB_HostMsdFormatUnit	48	static
../drivers/usb_host_msd_ufi.c:319:14:USB_HostMsdPreventAllowRemoval	56	static
../drivers/usb_host_msd_ufi.c:339:14:USB_HostMsdWriteAndVerify	56	static
../drivers/usb_host_msd_ufi.c:362:14:USB_HostMsdStartStopUnit	48	static
../drivers/usb_host_msd_ufi.c:377:14:USB_HostMsdVerify	56	static
../drivers/usb_host_msd_ufi.c:398:14:USB_HostMsdRezeroUnit	56	static
../drivers/usb_host_msd_ufi.c:417:14:USB_HostMsdSeek10	56	static
../drivers/usb_host_msd_ufi.c:437:14:USB_HostMsdSendDiagnostic	56	static
