../drivers/usb_host_msd.c:183:13:USB_HostMsdClearHaltCallback	32	static
../drivers/usb_host_msd.c:202:21:USB_HostMsdClearHalt	32	static
../drivers/usb_host_msd.c:240:13:USB_HostMsdResetDone	24	static
../drivers/usb_host_msd.c:267:13:USB_HostMsdMassResetClearOutCallback	32	static
../drivers/usb_host_msd.c:276:13:USB_HostMsdMassResetClearInCallback	32	static
../drivers/usb_host_msd.c:299:13:USB_HostMsdMassResetCallback	32	static
../drivers/usb_host_msd.c:320:13:USB_HostMsdControlCallback	40	static
../drivers/usb_host_msd.c:335:13:USB_HostMsdCommandDone	24	static
../drivers/usb_host_msd.c:346:13:USB_HostMsdCswCallback	32	static
../drivers/usb_host_msd.c:449:13:USB_HostMsdCbwCallback	32	static
../drivers/usb_host_msd.c:542:13:USB_HostMsdDataCallback	32	static
../drivers/usb_host_msd.c:599:21:USB_HostMsdProcessCommand	24	static
../drivers/usb_host_msd.c:717:14:USB_HostMsdCommand	40	static
../drivers/usb_host_msd.c:773:21:USB_HostMsdOpenInterface	48	static
../drivers/usb_host_msd.c:865:13:USB_HostMsdSetInterfaceCallback	40	static
../drivers/usb_host_msd.c:885:14:USB_HostMsdInit	32	static
../drivers/usb_host_msd.c:919:14:USB_HostMsdSetInterface	48	static
../drivers/usb_host_msd.c:1011:14:USB_HostMsdDeinit	24	static
../drivers/usb_host_msd.c:1062:21:USB_HostMsdControl	32	static
../drivers/usb_host_msd.c:1113:14:USB_HostMsdMassStorageReset	48	static
../drivers/usb_host_msd.c:1124:14:USB_HostMsdGetMaxLun	48	static
