Archive member included to satisfy reference by file (symbol)

C:\Users\Nandaraj\Documents\MCUXpressoIDE_11.1.1_3241\workspace\NewDG400\LPC54618J512_DG400_1\libs\libpower_hardabi.a(fsl_power_lib.o)
                              ./drivers/fsl_clock.o (POWER_SetVoltageForFreq)
c:/nxp/mcuxpressoide_11.1.1_3241/ide/plugins/com.nxp.mcuxpresso.tools.win32_11.1.0.202001081728/tools/bin/../lib/gcc/arm-none-eabi/8.3.1/../../../../arm-none-eabi/lib/thumb/v7e-m+fp/hard\libcr_semihost_nf.a(_cr__main.o)
                              ./startup/startup_lpc54618.o (__main)
c:/nxp/mcuxpressoide_11.1.1_3241/ide/plugins/com.nxp.mcuxpresso.tools.win32_11.1.0.202001081728/tools/bin/../lib/gcc/arm-none-eabi/8.3.1/../../../../arm-none-eabi/lib/thumb/v7e-m+fp/hard\libcr_c.a(memcpy.o)
                              ./drivers/fsl_enet.o (memcpy)
c:/nxp/mcuxpressoide_11.1.1_3241/ide/plugins/com.nxp.mcuxpresso.tools.win32_11.1.0.202001081728/tools/bin/../lib/gcc/arm-none-eabi/8.3.1/../../../../arm-none-eabi/lib/thumb/v7e-m+fp/hard\libcr_c.a(memset.o)
                              ./drivers/fsl_RTC8563.o (memset)
c:/nxp/mcuxpressoide_11.1.1_3241/ide/plugins/com.nxp.mcuxpresso.tools.win32_11.1.0.202001081728/tools/bin/../lib/gcc/arm-none-eabi/8.3.1/../../../../arm-none-eabi/lib/thumb/v7e-m+fp/hard\libcr_c.a(alloc.o)
                              ./drivers/fsl_common.o (malloc)
c:/nxp/mcuxpressoide_11.1.1_3241/ide/plugins/com.nxp.mcuxpresso.tools.win32_11.1.0.202001081728/tools/bin/../lib/gcc/arm-none-eabi/8.3.1/../../../../arm-none-eabi/lib/thumb/v7e-m+fp/hard\libcr_c.a(initio.o)
                              c:/nxp/mcuxpressoide_11.1.1_3241/ide/plugins/com.nxp.mcuxpresso.tools.win32_11.1.0.202001081728/tools/bin/../lib/gcc/arm-none-eabi/8.3.1/../../../../arm-none-eabi/lib/thumb/v7e-m+fp/hard\libcr_semihost_nf.a(_cr__main.o) (_initio)
c:/nxp/mcuxpressoide_11.1.1_3241/ide/plugins/com.nxp.mcuxpresso.tools.win32_11.1.0.202001081728/tools/bin/../lib/gcc/arm-none-eabi/8.3.1/../../../../arm-none-eabi/lib/thumb/v7e-m+fp/hard\libcr_c.a(printf.o)
                              ./source/LPC54618J512_DG400_1.o (_sprintf)
c:/nxp/mcuxpressoide_11.1.1_3241/ide/plugins/com.nxp.mcuxpresso.tools.win32_11.1.0.202001081728/tools/bin/../lib/gcc/arm-none-eabi/8.3.1/../../../../arm-none-eabi/lib/thumb/v7e-m+fp/hard\libcr_c.a(setvbuf.o)
                              c:/nxp/mcuxpressoide_11.1.1_3241/ide/plugins/com.nxp.mcuxpresso.tools.win32_11.1.0.202001081728/tools/bin/../lib/gcc/arm-none-eabi/8.3.1/../../../../arm-none-eabi/lib/thumb/v7e-m+fp/hard\libcr_c.a(initio.o) (setvbuf)
c:/nxp/mcuxpressoide_11.1.1_3241/ide/plugins/com.nxp.mcuxpresso.tools.win32_11.1.0.202001081728/tools/bin/../lib/gcc/arm-none-eabi/8.3.1/../../../../arm-none-eabi/lib/thumb/v7e-m+fp/hard\libcr_c.a(strlen.o)
                              c:/nxp/mcuxpressoide_11.1.1_3241/ide/plugins/com.nxp.mcuxpresso.tools.win32_11.1.0.202001081728/tools/bin/../lib/gcc/arm-none-eabi/8.3.1/../../../../arm-none-eabi/lib/thumb/v7e-m+fp/hard\libcr_c.a(printf.o) (strlen)
c:/nxp/mcuxpressoide_11.1.1_3241/ide/plugins/com.nxp.mcuxpresso.tools.win32_11.1.0.202001081728/tools/bin/../lib/gcc/arm-none-eabi/8.3.1/../../../../arm-none-eabi/lib/thumb/v7e-m+fp/hard\libcr_c.a(__init_alloc.o)
                              c:/nxp/mcuxpressoide_11.1.1_3241/ide/plugins/com.nxp.mcuxpresso.tools.win32_11.1.0.202001081728/tools/bin/../lib/gcc/arm-none-eabi/8.3.1/../../../../arm-none-eabi/lib/thumb/v7e-m+fp/hard\libcr_c.a(alloc.o) (__heaps)
c:/nxp/mcuxpressoide_11.1.1_3241/ide/plugins/com.nxp.mcuxpresso.tools.win32_11.1.0.202001081728/tools/bin/../lib/gcc/arm-none-eabi/8.3.1/../../../../arm-none-eabi/lib/thumb/v7e-m+fp/hard\libcr_c.a(_cr_sbrk.o)
                              c:/nxp/mcuxpressoide_11.1.1_3241/ide/plugins/com.nxp.mcuxpresso.tools.win32_11.1.0.202001081728/tools/bin/../lib/gcc/arm-none-eabi/8.3.1/../../../../arm-none-eabi/lib/thumb/v7e-m+fp/hard\libcr_c.a(alloc.o) (_sbrk)
c:/nxp/mcuxpressoide_11.1.1_3241/ide/plugins/com.nxp.mcuxpresso.tools.win32_11.1.0.202001081728/tools/bin/../lib/gcc/arm-none-eabi/8.3.1/../../../../arm-none-eabi/lib/thumb/v7e-m+fp/hard\libcr_c.a(_deferredlazyseek.o)
                              c:/nxp/mcuxpressoide_11.1.1_3241/ide/plugins/com.nxp.mcuxpresso.tools.win32_11.1.0.202001081728/tools/bin/../lib/gcc/arm-none-eabi/8.3.1/../../../../arm-none-eabi/lib/thumb/v7e-m+fp/hard\libcr_c.a(printf.o) (__flsbuf)
c:/nxp/mcuxpressoide_11.1.1_3241/ide/plugins/com.nxp.mcuxpresso.tools.win32_11.1.0.202001081728/tools/bin/../lib/gcc/arm-none-eabi/8.3.1/../../../../arm-none-eabi/lib/thumb/v7e-m+fp/hard\libcr_c.a(_fdopen.o)
                              c:/nxp/mcuxpressoide_11.1.1_3241/ide/plugins/com.nxp.mcuxpresso.tools.win32_11.1.0.202001081728/tools/bin/../lib/gcc/arm-none-eabi/8.3.1/../../../../arm-none-eabi/lib/thumb/v7e-m+fp/hard\libcr_c.a(initio.o) (_fdopen)
[...]
Memory Configuration

Name             Origin             Length             Attributes
PROGRAM_FLASH    0x00000000         0x00080000         xr
SRAM_UPPER       0x20000000         0x00028000         xrw
SRAMX            0x04000000         0x00008000         xrw
USB_RAM          0x40100000         0x00002000         xrw
SD_RAM           0xa0000000         0x10000000         xrw
*default*        0x00000000         0xffffffff

Linker script and memory map

LOAD ./startup/startup_lpc54618.o
LOAD ./source/LPC54618J512_DG400_1.o
LOAD ./source/semihost_hardfault.o
LOAD ./drivers/diskio.o
LOAD ./drivers/ff.o
LOAD ./drivers/ffsystem.o
LOAD ./drivers/ffunicode.o
LOAD ./drivers/fsl_DualUart.o
LOAD ./drivers/fsl_RTC8563.o
LOAD ./drivers/fsl_adc.o
LOAD ./drivers/fsl_clock.o
LOAD ./drivers/fsl_common.o
LOAD ./drivers/fsl_crc.o
LOAD ./drivers/fsl_ctimer.o
LOAD ./drivers/fsl_dma.o
LOAD ./drivers/fsl_dmic.o
LOAD ./drivers/fsl_dmic_dma.o
LOAD ./drivers/fsl_emc.o
LOAD ./drivers/fsl_enet.o
LOAD ./drivers/fsl_flexcomm.o
LOAD ./drivers/fsl_gint.o
LOAD ./drivers/fsl_gpio.o
LOAD ./drivers/fsl_i2c.o
LOAD ./drivers/fsl_i2c_dma.o
LOAD ./drivers/fsl_i2s.o
LOAD ./drivers/fsl_i2s_dma.o
LOAD ./drivers/fsl_inputmux.o
LOAD ./drivers/fsl_lcdc.o
LOAD ./drivers/fsl_pint.o
LOAD ./drivers/fsl_power.o
LOAD ./drivers/fsl_reset.o
LOAD ./drivers/fsl_rtc.o
LOAD ./drivers/fsl_sctimer.o
LOAD ./drivers/fsl_sd.o
LOAD ./drivers/fsl_sd_disk.o
LOAD ./drivers/fsl_sdif.o
LOAD ./drivers/fsl_sdmmc_common.o
LOAD ./drivers/fsl_sdmmc_event.o
LOAD ./drivers/fsl_sdmmc_host.o
LOAD ./drivers/fsl_sdmmc_spec.o
LOAD ./drivers/fsl_spi.o
LOAD ./drivers/fsl_spi_dma.o
LOAD ./drivers/fsl_usart.o
LOAD ./drivers/fsl_usart_dma.o
LOAD ./drivers/fsl_wwdt.o
LOAD ./device/system_LPC54618.o
LOAD ./board/board.o
LOAD ./board/clock_config.o
LOAD ./board/peripherals.o
LOAD ./board/pin_mux.o
LOAD ./Schiller/ADC.o
LOAD ./Schiller/AED.o
LOAD ./Schiller/Alarm.o
LOAD ./Schiller/Audio.o
LOAD ./Schiller/BM100.o
LOAD ./Schiller/CPR.o
LOAD ./Schiller/Defib.o
LOAD ./Schiller/Display.o
LOAD ./Schiller/ETCO2.o
LOAD ./Schiller/Encoder.o
LOAD ./Schiller/GPIO.o
LOAD ./Schiller/Global_Variables.o
LOAD ./Schiller/LAN.o
LOAD ./Schiller/NIBP.o
LOAD ./Schiller/Pacer.o
LOAD ./Schiller/Paddle.o
LOAD ./Schiller/PowerSupply.o
LOAD ./Schiller/Printer.o
LOAD ./Schiller/SDCard.o
LOAD ./Schiller/SPO2.o
LOAD ./Schiller/Sch51.o
LOAD ./Schiller/Screen.o
LOAD ./Schiller/Touch.o
LOAD ./Schiller/Trend.o
LOAD ./Schiller/WatchDog.o
LOAD C:\Users\Nandaraj\Documents\MCUXpressoIDE_11.1.1_3241\workspace\NewDG400\LPC54618J512_DG400_1\libs\libpower_hardabi.a
START GROUP
LOAD c:/nxp/mcuxpressoide_11.1.1_3241/ide/plugins/com.nxp.mcuxpresso.tools.win32_11.1.0.202001081728/tools/bin/../lib/gcc/arm-none-eabi/8.3.1/../../../../arm-none-eabi/lib/thumb/v7e-m+fp/hard\libcr_semihost_nf.a
LOAD c:/nxp/mcuxpressoide_11.1.1_3241/ide/plugins/com.nxp.mcuxpresso.tools.win32_11.1.0.202001081728/tools/bin/../lib/gcc/arm-none-eabi/8.3.1/../../../../arm-none-eabi/lib/thumb/v7e-m+fp/hard\libcr_c.a
LOAD c:/nxp/mcuxpressoide_11.1.1_3241/ide/plugins/com.nxp.mcuxpresso.tools.win32_11.1.0.202001081728/tools/bin/../lib/gcc/arm-none-eabi/8.3.1/thumb/v7e-m+fp/hard\libcr_eabihelpers.a
LOAD c:/nxp/mcuxpressoide_11.1.1_3241/ide/plugins/com.nxp.mcuxpresso.tools.win32_11.1.0.202001081728/tools/bin/../lib/gcc/arm-none-eabi/8.3.1/thumb/v7e-m+fp/hard\libgcc.a
END GROUP
                0x00000000                __base_PROGRAM_FLASH = 0x0
                0x00000000                __base_Flash = 0x0
                0x00080000                __top_PROGRAM_FLASH = 0x80000
                0x00080000                __top_Flash = 0x80000
                0x20000000                __base_SRAM_UPPER = 0x20000000
                0x20000000                __base_RAM = 0x20000000
                0x20028000                __top_SRAM_UPPER = 0x20028000
                0x20028000                __top_RAM = 0x20028000
                0x04000000                __base_SRAMX = 0x4000000
                0x04000000                __base_RAM2 = 0x4000000
                0x04008000                __top_SRAMX = 0x4008000
                0x04008000                __top_RAM2 = 0x4008000
                0x40100000                __base_USB_RAM = 0x40100000
                0x40100000                __base_RAM3 = 0x40100000
                0x40102000                __top_USB_RAM = 0x40102000
                0x40102000                __top_RAM3 = 0x40102000
                0xa0000000                __base_SD_RAM = 0xa0000000
                0xa0000000                __base_RAM4 = 0xa0000000
                0xb0000000                __top_SD_RAM = 0xb0000000
                0xb0000000                __top_RAM4 = 0xb0000000

.text           0x00000000    0x17f10
 FILL mask 0xff
                0x00000000                __vectors_start__ = ABSOLUTE (.)
 *(SORT_BY_ALIGNMENT(.isr_vector))
 .isr_vector    0x00000000      0x124 ./startup/startup_lpc54618.o
                0x00000000                g_pfnVectors
                0x00000000                __Vectors
                0x00000124                . = ALIGN (0x4)
                0x00000124                __section_table_start = .
                0x00000124                __data_section_table = .
                0x00000124        0x4 LONG 0x17f10 LOADADDR (.data)
                0x00000128        0x4 LONG 0x20000000 ADDR (.data)
                0x0000012c        0x4 LONG 0x414 SIZEOF (.data)
                0x00000130        0x4 LONG 0x17f10 LOADADDR (.data_RAM2)
                0x00000134        0x4 LONG 0x4000000 ADDR (.data_RAM2)
                0x00000138        0x4 LONG 0x0 SIZEOF (.data_RAM2)
                0x0000013c        0x4 LONG 0x17f10 LOADADDR (.data_RAM3)
                0x00000140        0x4 LONG 0x40100000 ADDR (.data_RAM3)
                0x00000144        0x4 LONG 0x0 SIZEOF (.data_RAM3)
                0x00000148        0x4 LONG 0x17f10 LOADADDR (.data_RAM4)
                0x0000014c        0x4 LONG 0xa0000000 ADDR (.data_RAM4)
                0x00000150        0x4 LONG 0x0 SIZEOF (.data_RAM4)
                0x00000154                __data_section_table_end = .
                0x00000154                __bss_section_table = .
                0x00000154        0x4 LONG 0x20000418 ADDR (.bss)
                0x00000158        0x4 LONG 0xcc00 SIZEOF (.bss)
                0x0000015c        0x4 LONG 0x4000000 ADDR (.bss_RAM2)
                0x00000160        0x4 LONG 0x0 SIZEOF (.bss_RAM2)
                0x00000164        0x4 LONG 0x40100000 ADDR (.bss_RAM3)
                0x00000168        0x4 LONG 0x0 SIZEOF (.bss_RAM3)
                0x0000016c        0x4 LONG 0xa0000000 ADDR (.bss_RAM4)
                0x00000170        0x4 LONG 0x0 SIZEOF (.bss_RAM4)
                0x00000174                __bss_section_table_end = .
                0x00000174                __section_table_end = .
 *(SORT_BY_ALIGNMENT(.after_vectors*))
 .after_vectors.reset
                0x00000174       0x54 ./startup/startup_lpc54618.o
                0x00000174                ResetISR
 .after_vectors
                0x000001c8       0x14 ./startup/startup_lpc54618.o
                0x000001c8                NMI_Handler
                0x000001cc                MemManage_Handler
                0x000001ce                BusFault_Handler
                0x000001d0                UsageFault_Handler
                0x000001d2                SVC_Handler
                0x000001d4                DebugMon_Handler
                0x000001d6                PendSV_Handler
                0x000001da                CAN0_IRQ0_DriverIRQHandler
                0x000001da                IntDefaultHandler
                0x000001da                USB0_DriverIRQHandler
                0x000001da                MRT0_DriverIRQHandler
                0x000001da                UTICK0_DriverIRQHandler
                0x000001da                CAN1_IRQ0_DriverIRQHandler
                0x000001da                Reserved47_DriverIRQHandler
                0x000001da                ADC0_THCMP_DriverIRQHandler
                0x000001da                CAN0_IRQ1_DriverIRQHandler
                0x000001da                SPIFI0_DriverIRQHandler
                0x000001da                ADC0_SEQB_DriverIRQHandler
                0x000001da                ETHERNET_MACLP_DriverIRQHandler
                0x000001da                RTC_DriverIRQHandler
                0x000001da                LCD_DriverIRQHandler
                0x000001da                RIT_DriverIRQHandler
                0x000001da                EEPROM_DriverIRQHandler
                0x000001da                ETHERNET_PMT_DriverIRQHandler
                0x000001da                USB1_DriverIRQHandler
                0x000001da                CAN1_IRQ1_DriverIRQHandler
                0x000001da                ADC0_SEQA_DriverIRQHandler
                0x000001da                USB1_NEEDCLK_DriverIRQHandler
                0x000001da                SMARTCARD0_DriverIRQHandler
                0x000001da                SHA_DriverIRQHandler
                0x000001da                SMARTCARD1_DriverIRQHandler
                0x000001da                USB0_NEEDCLK_DriverIRQHandler
                0x000001da                Reserved46_DriverIRQHandler
                0x000001da                WDT_BOD_DriverIRQHandler
 .after_vectors.init_data
                0x000001dc       0x12 ./startup/startup_lpc54618.o
                0x000001dc                data_init
 .after_vectors.init_bss
                0x000001ee       0x10 ./startup/startup_lpc54618.o
                0x000001ee                bss_init
 *(SORT_BY_ALIGNMENT(.text*))
 *fill*         0x000001fe        0x2 ff
 .text.FLEXCOMM0_IRQHandler
                0x00000200       0x20 ./source/LPC54618J512_DG400_1.o
                0x00000200                FLEXCOMM0_IRQHandler
 .text.FLEXCOMM1_IRQHandler
                0x00000220       0x20 ./source/LPC54618J512_DG400_1.o
                0x00000220                FLEXCOMM1_IRQHandler
 .text.FLEXCOMM2_IRQHandler
                0x00000240       0x20 ./source/LPC54618J512_DG400_1.o
                0x00000240                FLEXCOMM2_IRQHandler
 .text.FLEXCOMM3_IRQHandler
                0x00000260       0x20 ./source/LPC54618J512_DG400_1.o
                0x00000260                FLEXCOMM3_IRQHandler
 .text.FLEXCOMM4_IRQHandler
                0x00000280       0x20 ./source/LPC54618J512_DG400_1.o
                0x00000280                FLEXCOMM4_IRQHandler
 .text.FLEXCOMM5_IRQHandler
                0x000002a0       0x20 ./source/LPC54618J512_DG400_1.o
                0x000002a0                FLEXCOMM5_IRQHandler
 .text.FLEXCOMM9_IRQHandler
                0x000002c0       0x20 ./source/LPC54618J512_DG400_1.o
                0x000002c0                FLEXCOMM9_IRQHandler
 .text.PWRONOFF
                0x000002e0        0xc ./source/LPC54618J512_DG400_1.o
                0x000002e0                PWRONOFF
 .text.Encoder  0x000002ec        0xc ./source/LPC54618J512_DG400_1.o
                0x000002ec                Encoder
 .text.RTC_IRQHandler
                0x000002f8       0x3c ./source/LPC54618J512_DG400_1.o
                0x000002f8                RTC_IRQHandler
 .text.LCD_IRQHandler
                0x00000334       0x2c ./source/LPC54618J512_DG400_1.o
                0x00000334                LCD_IRQHandler
 .text.startup.main
                0x00000360      0x284 ./source/LPC54618J512_DG400_1.o
                0x00000360                main
 .text.get_ldnumber
                0x000005e4       0x44 ./drivers/ff.o
 .text.check_fs
                0x00000628       0x74 ./drivers/ff.o
 .text.find_volume
                0x0000069c      0x2b4 ./drivers/ff.o
 .text.follow_path
                0x00000950      0x204 ./drivers/ff.o
 .text.Dual_Uart_Init
                0x00000b54       0x30 ./drivers/fsl_DualUart.o
                0x00000b54                Dual_Uart_Init
 .text.CLOCK_AttachClk
                0x00000b84       0x50 ./drivers/fsl_clock.o
                0x00000b84                CLOCK_AttachClk
 .text.CLOCK_SetupFROClocking
                0x00000bd4       0x70 ./drivers/fsl_clock.o
                0x00000bd4                CLOCK_SetupFROClocking
 .text.CLOCK_GetFro12MFreq
                0x00000c44       0x18 ./drivers/fsl_clock.o
                0x00000c44                CLOCK_GetFro12MFreq
 .text.CLOCK_GetWdtOscFreq
                0x00000c5c       0x38 ./drivers/fsl_clock.o
                0x00000c5c                CLOCK_GetWdtOscFreq
 .text.CLOCK_GetFroHfFreq
                0x00000c94       0x34 ./drivers/fsl_clock.o
                0x00000c94                CLOCK_GetFroHfFreq
 .text.CLOCK_GetMclkClkFreq
                0x00000cc8       0x40 ./drivers/fsl_clock.o
                0x00000cc8                CLOCK_GetMclkClkFreq
 .text.CLOCK_GetCoreSysClkFreq
                0x00000d08       0x58 ./drivers/fsl_clock.o
                0x00000d08                CLOCK_GetCoreSysClkFreq
 .text.CLOCK_GetClockOutClkFreq
                0x00000d60       0x68 ./drivers/fsl_clock.o
                0x00000d60                CLOCK_GetClockOutClkFreq
 .text.CLOCK_GetSctClkFreq
                0x00000dc8       0x48 ./drivers/fsl_clock.o
                0x00000dc8                CLOCK_GetSctClkFreq
 .text.CLOCK_GetSdioClkFreq
                0x00000e10       0x50 ./drivers/fsl_clock.o
                0x00000e10                CLOCK_GetSdioClkFreq
 .text.CLOCK_GetAsyncApbClkFreq
                0x00000e60       0x20 ./drivers/fsl_clock.o
                0x00000e60                CLOCK_GetAsyncApbClkFreq
 .text.CLOCK_GetFRGInputClock
                0x00000e80       0x30 ./drivers/fsl_clock.o
                0x00000e80                CLOCK_GetFRGInputClock
 .text.CLOCK_GetFreq
                0x00000eb0       0x90 ./drivers/fsl_clock.o
                0x00000eb0                CLOCK_GetFreq
 .text.CLOCK_SetFLASHAccessCyclesForFreq
                0x00000f40       0x74 ./drivers/fsl_clock.o
                0x00000f40                CLOCK_SetFLASHAccessCyclesForFreq
 .text.CLOCK_SetPLLFreq
                0x00000fb4       0xb4 ./drivers/fsl_clock.o
                0x00000fb4                CLOCK_SetPLLFreq
 .text.SDK_DelayAtLeastUs
                0x00001068       0x20 ./drivers/fsl_common.o
                0x00001068                SDK_DelayAtLeastUs
 .text.EnableIRQ
                0x00001088       0x28 ./drivers/fsl_ctimer.o
 .text.CTIMER_GetInstance
                0x000010b0       0x40 ./drivers/fsl_ctimer.o
 .text.CTIMER_Init
                0x000010f0       0x60 ./drivers/fsl_ctimer.o
                0x000010f0                CTIMER_Init
 .text.CTIMER_SetupMatch
                0x00001150       0x80 ./drivers/fsl_ctimer.o
                0x00001150                CTIMER_SetupMatch
 .text.CTIMER_RegisterCallBack
                0x000011d0       0x1c ./drivers/fsl_ctimer.o
                0x000011d0                CTIMER_RegisterCallBack
 .text.CTIMER_GenericIRQHandler
                0x000011ec       0x60 ./drivers/fsl_ctimer.o
                0x000011ec                CTIMER_GenericIRQHandler
 .text.DMA_GetInstance.part.0
                0x0000124c       0x10 ./drivers/fsl_dma.o
 .text.DMA_IRQHandle
                0x0000125c       0xb4 ./drivers/fsl_dma.o
                0x0000125c                DMA_IRQHandle
 .text.DMA0_DriverIRQHandler
                0x00001310       0x14 ./drivers/fsl_dma.o
                0x00001310                DMA0_DriverIRQHandler
 .text.DMIC_Init
                0x00001324       0x28 ./drivers/fsl_dmic.o
                0x00001324                DMIC_Init
 .text.DMIC0_DriverIRQHandler
                0x0000134c       0x14 ./drivers/fsl_dmic.o
                0x0000134c                DMIC0_DriverIRQHandler
 .text.HWVAD0_DriverIRQHandler
                0x00001360       0x14 ./drivers/fsl_dmic.o
                0x00001360                HWVAD0_DriverIRQHandler
 .text.EMC_CalculateTimerCycles.isra.1
                0x00001374       0x48 ./drivers/fsl_emc.o
 .text.EMC_Init
                0x000013bc       0x50 ./drivers/fsl_emc.o
                0x000013bc                EMC_Init
 .text.EMC_DynamicMemInit
                0x0000140c      0x1d4 ./drivers/fsl_emc.o
                0x0000140c                EMC_DynamicMemInit
 .text.ETHERNET_DriverIRQHandler
                0x000015e0       0x20 ./drivers/fsl_enet.o
                0x000015e0                ETHERNET_DriverIRQHandler
 .text.FLEXCOMM_GetInstance
                0x00001600       0x1c ./drivers/fsl_flexcomm.o
                0x00001600                FLEXCOMM_GetInstance
 .text.FLEXCOMM_Init
                0x0000161c       0x90 ./drivers/fsl_flexcomm.o
                0x0000161c                FLEXCOMM_Init
 .text.FLEXCOMM6_DriverIRQHandler
                0x000016ac       0x20 ./drivers/fsl_flexcomm.o
                0x000016ac                FLEXCOMM6_DriverIRQHandler
 .text.FLEXCOMM7_DriverIRQHandler
                0x000016cc       0x20 ./drivers/fsl_flexcomm.o
                0x000016cc                FLEXCOMM7_DriverIRQHandler
 .text.FLEXCOMM8_DriverIRQHandler
                0x000016ec       0x20 ./drivers/fsl_flexcomm.o
                0x000016ec                FLEXCOMM8_DriverIRQHandler
 .text.GINT0_DriverIRQHandler
                0x0000170c       0x24 ./drivers/fsl_gint.o
                0x0000170c                GINT0_DriverIRQHandler
 .text.GINT1_DriverIRQHandler
                0x00001730       0x24 ./drivers/fsl_gint.o
                0x00001730                GINT1_DriverIRQHandler
 .text.I2C_MasterSetBaudRate
                0x00001754       0x90 ./drivers/fsl_i2c.o
                0x00001754                I2C_MasterSetBaudRate
 .text.LCDC_Init
                0x000017e4      0x16c ./drivers/fsl_lcdc.o
                0x000017e4                LCDC_Init
 .text.__NVIC_ClearPendingIRQ
                0x00001950       0x20 ./drivers/fsl_pint.o
 .text.PINT_Init
                0x00001970       0x40 ./drivers/fsl_pint.o
                0x00001970                PINT_Init
 .text.PINT_PinInterruptConfig
                0x000019b0       0x40 ./drivers/fsl_pint.o
                0x000019b0                PINT_PinInterruptConfig
 .text.PINT_EnableCallback
                0x000019f0       0x4c ./drivers/fsl_pint.o
                0x000019f0                PINT_EnableCallback
 .text.PIN_INT0_DriverIRQHandler
                0x00001a3c       0x30 ./drivers/fsl_pint.o
                0x00001a3c                PIN_INT0_DriverIRQHandler
 .text.PIN_INT1_DriverIRQHandler
                0x00001a6c       0x30 ./drivers/fsl_pint.o
                0x00001a6c                PIN_INT1_DriverIRQHandler
 .text.PIN_INT2_DriverIRQHandler
                0x00001a9c       0x30 ./drivers/fsl_pint.o
                0x00001a9c                PIN_INT2_DriverIRQHandler
 .text.PIN_INT3_DriverIRQHandler
                0x00001acc       0x30 ./drivers/fsl_pint.o
                0x00001acc                PIN_INT3_DriverIRQHandler
 .text.PIN_INT4_DriverIRQHandler
                0x00001afc       0x30 ./drivers/fsl_pint.o
                0x00001afc                PIN_INT4_DriverIRQHandler
 .text.PIN_INT5_DriverIRQHandler
                0x00001b2c       0x30 ./drivers/fsl_pint.o
                0x00001b2c                PIN_INT5_DriverIRQHandler
 .text.PIN_INT6_DriverIRQHandler
                0x00001b5c       0x30 ./drivers/fsl_pint.o
                0x00001b5c                PIN_INT6_DriverIRQHandler
 .text.PIN_INT7_DriverIRQHandler
                0x00001b8c       0x30 ./drivers/fsl_pint.o
                0x00001b8c                PIN_INT7_DriverIRQHandler
 .text.RESET_SetPeripheralReset
                0x00001bbc       0x34 ./drivers/fsl_reset.o
                0x00001bbc                RESET_SetPeripheralReset
 .text.RESET_ClearPeripheralReset
                0x00001bf0       0x38 ./drivers/fsl_reset.o
                0x00001bf0                RESET_ClearPeripheralReset
 .text.RTC_CheckDatetimeFormat
                0x00001c28       0x90 ./drivers/fsl_rtc.o
 .text.RTC_ConvertDatetimeToSeconds
                0x00001cb8       0x80 ./drivers/fsl_rtc.o
 .text.RTC_ConvertSecondsToDatetime
                0x00001d38       0xac ./drivers/fsl_rtc.o
 .text.SCTIMER_EventHandleIRQ
                0x00001de4       0x38 ./drivers/fsl_sctimer.o
                0x00001de4                SCTIMER_EventHandleIRQ
 .text.SCTIMER_Init
                0x00001e1c       0xa4 ./drivers/fsl_sctimer.o
                0x00001e1c                SCTIMER_Init
 .text.SCTIMER_CreateAndScheduleEvent
                0x00001ec0       0xe4 ./drivers/fsl_sctimer.o
                0x00001ec0                SCTIMER_CreateAndScheduleEvent
 .text.SCTIMER_SetupPwm
                0x00001fa4      0x16c ./drivers/fsl_sctimer.o
                0x00001fa4                SCTIMER_SetupPwm
 .text.SCT0_DriverIRQHandler
                0x00002110       0x18 ./drivers/fsl_sctimer.o
                0x00002110                SCT0_DriverIRQHandler
 .text.SD_SwitchFunction.constprop.4
                0x00002128       0x7c ./drivers/fsl_sd.o
 .text.SD_SelectFunction
                0x000021a4      0x134 ./drivers/fsl_sd.o
 .text.SD_Transfer
                0x000022d8       0x6c ./drivers/fsl_sd.o
 .text.SD_WaitWriteComplete
                0x00002344       0x54 ./drivers/fsl_sd.o
 .text.SD_StopTransmission
                0x00002398       0x44 ./drivers/fsl_sd.o
 .text.SD_ReadBlocks
                0x000023dc      0x124 ./drivers/fsl_sd.o
                0x000023dc                SD_ReadBlocks
 .text.SD_WriteBlocks
                0x00002500      0x128 ./drivers/fsl_sd.o
                0x00002500                SD_WriteBlocks
 .text.SD_CardInit
                0x00002628      0x688 ./drivers/fsl_sd.o
                0x00002628                SD_CardInit
 .text.sd_disk_write
                0x00002cb0       0x1c ./drivers/fsl_sd_disk.o
                0x00002cb0                sd_disk_write
 .text.sd_disk_read
                0x00002ccc       0x1c ./drivers/fsl_sd_disk.o
                0x00002ccc                sd_disk_read
 .text.sd_disk_ioctl
                0x00002ce8       0x3c ./drivers/fsl_sd_disk.o
                0x00002ce8                sd_disk_ioctl
 .text.sd_disk_initialize
                0x00002d24       0x34 ./drivers/fsl_sd_disk.o
                0x00002d24                sd_disk_initialize
 .text.SDIF_ConfigClockDelay
                0x00002d58       0x2c ./drivers/fsl_sdif.o
                0x00002d58                SDIF_ConfigClockDelay
 .text.SDIF_SetCardClock
                0x00002d84       0x84 ./drivers/fsl_sdif.o
                0x00002d84                SDIF_SetCardClock
 .text.SDIO_DriverIRQHandler
                0x00002e08       0x20 ./drivers/fsl_sdif.o
                0x00002e08                SDIO_DriverIRQHandler
 .text.SDMMC_SelectCard
                0x00002e28       0x48 ./drivers/fsl_sdmmc_common.o
                0x00002e28                SDMMC_SelectCard
 .text.SDMMC_SendApplicationCommand
                0x00002e70       0x50 ./drivers/fsl_sdmmc_common.o
                0x00002e70                SDMMC_SendApplicationCommand
 .text.SDMMC_SetBlockSize
                0x00002ec0       0x44 ./drivers/fsl_sdmmc_common.o
                0x00002ec0                SDMMC_SetBlockSize
 .text.SysTick_Handler
                0x00002f04       0x10 ./drivers/fsl_sdmmc_event.o
                0x00002f04                SysTick_Handler
 .text.SDMMCEVENT_Delay
                0x00002f14       0x18 ./drivers/fsl_sdmmc_event.o
                0x00002f14                SDMMCEVENT_Delay
 .text.USART_SetBaudRate
                0x00002f2c       0x98 ./drivers/fsl_usart.o
                0x00002f2c                USART_SetBaudRate
 .text.SystemInit
                0x00002fc4       0x34 ./device/system_LPC54618.o
                0x00002fc4                SystemInit
 .text.BOARD_InitSDRAM
                0x00002ff8       0xa4 ./board/board.o
                0x00002ff8                BOARD_InitSDRAM
 .text.APP_LCDC_Init
                0x0000309c       0xb4 ./board/board.o
                0x0000309c                APP_LCDC_Init
 .text.BOARD_InitPWM
                0x00003150       0x44 ./board/board.o
                0x00003150                BOARD_InitPWM
 .text.SchillerBoard_InitPins
                0x00003194       0x18 ./board/board.o
                0x00003194                SchillerBoard_InitPins
 .text.BOARD_BootClockRUN
                0x000031ac      0x1c0 ./board/clock_config.o
                0x000031ac                BOARD_BootClockRUN
 .text.ADC0_init
                0x0000336c       0x10 ./board/peripherals.o
                0x0000336c                ADC0_init
 .text.DMIC0_init
                0x0000337c       0x38 ./board/peripherals.o
                0x0000337c                DMIC0_init
 .text.FLEXCOMM0_init
                0x000033b4       0x28 ./board/peripherals.o
                0x000033b4                FLEXCOMM0_init
 .text.FLEXCOMM1_init
                0x000033dc       0x28 ./board/peripherals.o
                0x000033dc                FLEXCOMM1_init
 .text.FLEXCOMM2_init
                0x00003404       0x28 ./board/peripherals.o
                0x00003404                FLEXCOMM2_init
 .text.FLEXCOMM3_init
                0x0000342c       0x28 ./board/peripherals.o
                0x0000342c                FLEXCOMM3_init
 .text.FLEXCOMM4_init
                0x00003454       0x28 ./board/peripherals.o
                0x00003454                FLEXCOMM4_init
 .text.FLEXCOMM5_init
                0x0000347c       0x28 ./board/peripherals.o
                0x0000347c                FLEXCOMM5_init
 .text.FLEXCOMM7_init
                0x000034a4       0x28 ./board/peripherals.o
                0x000034a4                FLEXCOMM7_init
 .text.FLEXCOMM8_init
                0x000034cc       0x28 ./board/peripherals.o
                0x000034cc                FLEXCOMM8_init
 .text.FLEXCOMM9_init
                0x000034f4       0x28 ./board/peripherals.o
                0x000034f4                FLEXCOMM9_init
 .text.PINT_init
                0x0000351c       0x7c ./board/peripherals.o
                0x0000351c                PINT_init
 .text.RTC_init
                0x00003598        0xc ./board/peripherals.o
                0x00003598                RTC_init
 .text.SCT0_init
                0x000035a4       0x10 ./board/peripherals.o
                0x000035a4                SCT0_init
 .text.BOARD_InitPins
                0x000035b4      0xb1c ./board/pin_mux.o
                0x000035b4                BOARD_InitPins
 .text.PaddleECG_ADC
                0x000040d0       0xc4 ./Schiller/ADC.o
                0x000040d0                PaddleECG_ADC
 .text.Get_ADC_Sample
                0x00004194       0x30 ./Schiller/ADC.o
                0x00004194                Get_ADC_Sample
 .text.Send_AED_ECG_Data
                0x000041c4       0x74 ./Schiller/AED.o
                0x000041c4                Send_AED_ECG_Data
 .text.Decode_BM100Frame
                0x00004238      0x818 ./Schiller/BM100.o
                0x00004238                Decode_BM100Frame
 .text.Calc_CheckSum_BM100
                0x00004a50       0x3c ./Schiller/BM100.o
                0x00004a50                Calc_CheckSum_BM100
 .text.Decode_BM100_Data
                0x00004a8c       0x8c ./Schiller/BM100.o
                0x00004a8c                Decode_BM100_Data
 .text.CRC_Check
                0x00004b18       0x24 ./Schiller/Defib.o
                0x00004b18                CRC_Check
 .text.Compute_CRC
                0x00004b3c       0x20 ./Schiller/Defib.o
                0x00004b3c                Compute_CRC
 .text.Decode_DefibFrameType1
                0x00004b5c      0x528 ./Schiller/Defib.o
                0x00004b5c                Decode_DefibFrameType1
 .text.Decode_Defib_Data
                0x00005084       0xa4 ./Schiller/Defib.o
                0x00005084                Decode_Defib_Data
 .text.PutSuperBigSymbol
                0x00005128       0x68 ./Schiller/Display.o
                0x00005128                PutSuperBigSymbol
 .text.PutChar  0x00005190       0x64 ./Schiller/Display.o
                0x00005190                PutChar
 .text.PutBigChar
                0x000051f4       0x6c ./Schiller/Display.o
                0x000051f4                PutBigChar
 .text.ConvCo2PercTommHg
                0x00005260       0x28 ./Schiller/ETCO2.o
                0x00005260                ConvCo2PercTommHg
 .text.Decode   0x00005288       0x14 ./Schiller/Encoder.o
                0x00005288                Decode
 .text.Read_Rotary_Switch
                0x0000529c       0x7c ./Schiller/GPIO.o
                0x0000529c                Read_Rotary_Switch
 .text.Read_Keypanel_Switch
                0x00005318      0x410 ./Schiller/GPIO.o
                0x00005318                Read_Keypanel_Switch
 .text.Decode_NIBP_Frame
                0x00005728      0x180 ./Schiller/NIBP.o
                0x00005728                Decode_NIBP_Frame
 .text.Decode_NIBP_Data
                0x000058a8       0x5c ./Schiller/NIBP.o
                0x000058a8                Decode_NIBP_Data
 .text.Decode_PacerFrame
                0x00005904       0xd0 ./Schiller/Pacer.o
                0x00005904                Decode_PacerFrame
 .text.Decode_Pacer_Data
                0x000059d4      0x108 ./Schiller/Pacer.o
                0x000059d4                Decode_Pacer_Data
 .text.Decode_PaddleFrame
                0x00005adc      0x130 ./Schiller/Paddle.o
                0x00005adc                Decode_PaddleFrame
 .text.Decode_Paddle_Data
                0x00005c0c       0x68 ./Schiller/Paddle.o
                0x00005c0c                Decode_Paddle_Data
 .text.Decode_TP_Data
                0x00005c74       0x38 ./Schiller/Printer.o
                0x00005c74                Decode_TP_Data
 .text.Write_To_SDCard
                0x00005cac     0x158c ./Schiller/SDCard.o
                0x00005cac                Write_To_SDCard
 .text.Decode_Spo2Frame
                0x00007238      0x99c ./Schiller/SPO2.o
                0x00007238                Decode_Spo2Frame
 .text.CRC_Check2
                0x00007bd4       0x24 ./Schiller/SPO2.o
                0x00007bd4                CRC_Check2
 .text.Spo2_Decode_Data
                0x00007bf8      0x10c ./Schiller/SPO2.o
                0x00007bf8                Spo2_Decode_Data
 .text.SCH_Init
                0x00007d04        0xc ./Schiller/Sch51.o
                0x00007d04                SCH_Init
 .text.Defib_Screen
                0x00007d10      0x684 ./Schiller/Screen.o
                0x00007d10                Defib_Screen
 .text.AED_Screen
                0x00008394      0x3d0 ./Schiller/Screen.o
                0x00008394                AED_Screen
 .text.Pacer_Screen
                0x00008764      0x3d0 ./Schiller/Screen.o
                0x00008764                Pacer_Screen
 .text.Monitor_Screen
                0x00008b34      0x310 ./Schiller/Screen.o
                0x00008b34                Monitor_Screen
 .text.CPR_Screen
                0x00008e44      0x310 ./Schiller/Screen.o
                0x00008e44                CPR_Screen
 .text.Main_Menu_Screen
                0x00009154      0x1fc ./Schiller/Screen.o
                0x00009154                Main_Menu_Screen
 .text.PatientInfo_MenuScreen
                0x00009350      0x110 ./Schiller/Screen.o
                0x00009350                PatientInfo_MenuScreen
 .text.Defib_MenuScreen
                0x00009460       0x98 ./Schiller/Screen.o
                0x00009460                Defib_MenuScreen
 .text.AED_MenuScreen
                0x000094f8      0x114 ./Schiller/Screen.o
                0x000094f8                AED_MenuScreen
 .text.ECG_MenuScreen
                0x0000960c      0x114 ./Schiller/Screen.o
                0x0000960c                ECG_MenuScreen
 .text.SPO2_MenuScreen
                0x00009720       0xc8 ./Schiller/Screen.o
                0x00009720                SPO2_MenuScreen
 .text.NIBP_MenuScreen
                0x000097e8      0x12c ./Schiller/Screen.o
                0x000097e8                NIBP_MenuScreen
 .text.Temperature_MenuScreen
                0x00009914       0xf8 ./Schiller/Screen.o
                0x00009914                Temperature_MenuScreen
 .text.IBP_MenuScreen
                0x00009a0c      0x110 ./Schiller/Screen.o
                0x00009a0c                IBP_MenuScreen
 .text.ETCO2_MenuScreen
                0x00009b1c       0xfc ./Schiller/Screen.o
                0x00009b1c                ETCO2_MenuScreen
 .text.Respiration_MenuScreen
                0x00009c18       0xc8 ./Schiller/Screen.o
                0x00009c18                Respiration_MenuScreen
 .text.Trend_MenuScreen
                0x00009ce0      0x144 ./Schiller/Screen.o
                0x00009ce0                Trend_MenuScreen
 .text.Event_MenuScreen
                0x00009e24       0xb0 ./Schiller/Screen.o
                0x00009e24                Event_MenuScreen
 .text.Edit_Event
                0x00009ed4       0xc8 ./Schiller/Screen.o
                0x00009ed4                Edit_Event
 .text.Alarm_MenuScreen
                0x00009f9c      0x12c ./Schiller/Screen.o
                0x00009f9c                Alarm_MenuScreen
 .text.System_MenuScreen
                0x0000a0c8      0x15c ./Schiller/Screen.o
                0x0000a0c8                System_MenuScreen
 .text.Channel_MenuScreen
                0x0000a224       0xe0 ./Schiller/Screen.o
                0x0000a224                Channel_MenuScreen
 .text.Config_MenuScreen
                0x0000a304      0x190 ./Schiller/Screen.o
                0x0000a304                Config_MenuScreen
 .text.Hide_Cursor
                0x0000a494      0x130 ./Schiller/Screen.o
                0x0000a494                Hide_Cursor
 .text.Draw_Keyboard
                0x0000a5c4       0xbc ./Schiller/Screen.o
                0x0000a5c4                Draw_Keyboard
 .text.Draw_Cursor
                0x0000a680     0x40e8 ./Schiller/Screen.o
                0x0000a680                Draw_Cursor
 .text.Event_Screen
                0x0000e768      0x3f0 ./Schiller/Screen.o
                0x0000e768                Event_Screen
 .text.Update_Trend_values
                0x0000eb58      0x2a8 ./Schiller/Trend.o
                0x0000eb58                Update_Trend_values
 .text.Update_Event_values
                0x0000ee00      0x2c0 ./Schiller/Trend.o
                0x0000ee00                Update_Event_values
 .text.POWER_SetVoltageForFreq
                0x0000f0c0       0x44 C:\Users\Nandaraj\Documents\MCUXpressoIDE_11.1.1_3241\workspace\NewDG400\LPC54618J512_DG400_1\libs\libpower_hardabi.a(fsl_power_lib.o)
                0x0000f0c0                POWER_SetVoltageForFreq
 .text.POWER_SetPLL
                0x0000f104       0x1c C:\Users\Nandaraj\Documents\MCUXpressoIDE_11.1.1_3241\workspace\NewDG400\LPC54618J512_DG400_1\libs\libpower_hardabi.a(fsl_power_lib.o)
                0x0000f104                POWER_SetPLL
 .text.malloc   0x0000f120       0xc8 c:/nxp/mcuxpressoide_11.1.1_3241/ide/plugins/com.nxp.mcuxpresso.tools.win32_11.1.0.202001081728/tools/bin/../lib/gcc/arm-none-eabi/8.3.1/../../../../arm-none-eabi/lib/thumb/v7e-m+fp/hard\libcr_c.a(alloc.o)
                0x0000f120                malloc
 .text._Csys_alloc
                0x0000f1e8       0x20 c:/nxp/mcuxpressoide_11.1.1_3241/ide/plugins/com.nxp.mcuxpresso.tools.win32_11.1.0.202001081728/tools/bin/../lib/gcc/arm-none-eabi/8.3.1/../../../../arm-none-eabi/lib/thumb/v7e-m+fp/hard\libcr_c.a(alloc.o)
                0x0000f1e8                _Csys_alloc
 .text._initio  0x0000f208       0x78 c:/nxp/mcuxpressoide_11.1.1_3241/ide/plugins/com.nxp.mcuxpresso.tools.win32_11.1.0.202001081728/tools/bin/../lib/gcc/arm-none-eabi/8.3.1/../../../../arm-none-eabi/lib/thumb/v7e-m+fp/hard\libcr_c.a(initio.o)
                0x0000f208                _initio
 .text.__vfprintf
                0x0000f280      0xbe0 c:/nxp/mcuxpressoide_11.1.1_3241/ide/plugins/com.nxp.mcuxpresso.tools.win32_11.1.0.202001081728/tools/bin/../lib/gcc/arm-none-eabi/8.3.1/../../../../arm-none-eabi/lib/thumb/v7e-m+fp/hard\libcr_c.a(printf.o)
                0x0000f280                __vfprintf
 .text._sprintf
                0x0000fe60       0x6c c:/nxp/mcuxpressoide_11.1.1_3241/ide/plugins/com.nxp.mcuxpresso.tools.win32_11.1.0.202001081728/tools/bin/../lib/gcc/arm-none-eabi/8.3.1/../../../../arm-none-eabi/lib/thumb/v7e-m+fp/hard\libcr_c.a(printf.o)
                0x0000fe60                _sprintf
 .text.setvbuf  0x0000fecc       0x40 c:/nxp/mcuxpressoide_11.1.1_3241/ide/plugins/com.nxp.mcuxpresso.tools.win32_11.1.0.202001081728/tools/bin/../lib/gcc/arm-none-eabi/8.3.1/../../../../arm-none-eabi/lib/thumb/v7e-m+fp/hard\libcr_c.a(setvbuf.o)
                0x0000fecc                setvbuf
 .text._sbrk    0x0000ff0c       0x3c c:/nxp/mcuxpressoide_11.1.1_3241/ide/plugins/com.nxp.mcuxpresso.tools.win32_11.1.0.202001081728/tools/bin/../lib/gcc/arm-none-eabi/8.3.1/../../../../arm-none-eabi/lib/thumb/v7e-m+fp/hard\libcr_c.a(_cr_sbrk.o)
                0x0000ff0c                _sbrk
 .text._Cwritebuf
                0x0000ff48       0x6c c:/nxp/mcuxpressoide_11.1.1_3241/ide/plugins/com.nxp.mcuxpresso.tools.win32_11.1.0.202001081728/tools/bin/../lib/gcc/arm-none-eabi/8.3.1/../../../../arm-none-eabi/lib/thumb/v7e-m+fp/hard\libcr_c.a(_writebuf.o)
                0x0000ff48                _Cwritebuf
 .text.fflush   0x0000ffb4       0x44 c:/nxp/mcuxpressoide_11.1.1_3241/ide/plugins/com.nxp.mcuxpresso.tools.win32_11.1.0.202001081728/tools/bin/../lib/gcc/arm-none-eabi/8.3.1/../../../../arm-none-eabi/lib/thumb/v7e-m+fp/hard\libcr_c.a(fflush.o)
                0x0000ffb4                fflush
 .text.fseek    0x0000fff8      0x100 c:/nxp/mcuxpressoide_11.1.1_3241/ide/plugins/com.nxp.mcuxpresso.tools.win32_11.1.0.202001081728/tools/bin/../lib/gcc/arm-none-eabi/8.3.1/../../../../arm-none-eabi/lib/thumb/v7e-m+fp/hard\libcr_c.a(fseek.o)
                0x0000fff8                fseek
 .text.ftell    0x000100f8       0x48 c:/nxp/mcuxpressoide_11.1.1_3241/ide/plugins/com.nxp.mcuxpresso.tools.win32_11.1.0.202001081728/tools/bin/../lib/gcc/arm-none-eabi/8.3.1/../../../../arm-none-eabi/lib/thumb/v7e-m+fp/hard\libcr_c.a(ftell.o)
                0x000100f8                ftell
 .text.__check_heap_overflow
                0x00010140       0x18 c:/nxp/mcuxpressoide_11.1.1_3241/ide/plugins/com.nxp.mcuxpresso.tools.win32_11.1.0.202001081728/tools/bin/../lib/gcc/arm-none-eabi/8.3.1/../../../../arm-none-eabi/lib/thumb/v7e-m+fp/hard\libcr_c.a(_cr_check_heap.o)
                0x00010140                __check_heap_overflow
 .text.__aeabi_dmul
                0x00010158      0x114 c:/nxp/mcuxpressoide_11.1.1_3241/ide/plugins/com.nxp.mcuxpresso.tools.win32_11.1.0.202001081728/tools/bin/../lib/gcc/arm-none-eabi/8.3.1/thumb/v7e-m+fp/hard\libcr_eabihelpers.a(double.o)
                0x00010158                __aeabi_dmul
 .text.__aeabi_f2d
                0x0001026c       0x38 c:/nxp/mcuxpressoide_11.1.1_3241/ide/plugins/com.nxp.mcuxpresso.tools.win32_11.1.0.202001081728/tools/bin/../lib/gcc/arm-none-eabi/8.3.1/thumb/v7e-m+fp/hard\libcr_eabihelpers.a(float.o)
                0x0001026c                __aeabi_f2d
 .text.__sys_appexit
                0x000102a4        0xc c:/nxp/mcuxpressoide_11.1.1_3241/ide/plugins/com.nxp.mcuxpresso.tools.win32_11.1.0.202001081728/tools/bin/../lib/gcc/arm-none-eabi/8.3.1/../../../../arm-none-eabi/lib/thumb/v7e-m+fp/hard\libcr_semihost_nf.a(__sys_appexit.o)
                0x000102a4                __sys_appexit
                0x000102a4                __exit
 .text.WDT_BOD_IRQHandler
                0x000102b0        0x8 ./startup/startup_lpc54618.o
                0x000102b0                WDT_BOD_IRQHandler
 .text.DMA0_IRQHandler
                0x000102b8        0x8 ./startup/startup_lpc54618.o
                0x000102b8                DMA0_IRQHandler
 .text.GINT0_IRQHandler
                0x000102c0        0x8 ./startup/startup_lpc54618.o
                0x000102c0                GINT0_IRQHandler
 .text.GINT1_IRQHandler
                0x000102c8        0x8 ./startup/startup_lpc54618.o
                0x000102c8                GINT1_IRQHandler
 .text.PIN_INT0_IRQHandler
                0x000102d0        0x8 ./startup/startup_lpc54618.o
                0x000102d0                PIN_INT0_IRQHandler
 .text.PIN_INT1_IRQHandler
                0x000102d8        0x8 ./startup/startup_lpc54618.o
                0x000102d8                PIN_INT1_IRQHandler
 .text.PIN_INT2_IRQHandler
                0x000102e0        0x8 ./startup/startup_lpc54618.o
                0x000102e0                PIN_INT2_IRQHandler
 .text.PIN_INT3_IRQHandler
                0x000102e8        0x8 ./startup/startup_lpc54618.o
                0x000102e8                PIN_INT3_IRQHandler
 .text.UTICK0_IRQHandler
                0x000102f0        0x8 ./startup/startup_lpc54618.o
                0x000102f0                UTICK0_IRQHandler
 .text.MRT0_IRQHandler
                0x000102f8        0x8 ./startup/startup_lpc54618.o
                0x000102f8                MRT0_IRQHandler
 .text.CTIMER0_IRQHandler
                0x00010300        0x8 ./startup/startup_lpc54618.o
                0x00010300                CTIMER0_IRQHandler
 .text.CTIMER1_IRQHandler
                0x00010308        0x8 ./startup/startup_lpc54618.o
                0x00010308                CTIMER1_IRQHandler
 .text.SCT0_IRQHandler
                0x00010310        0x8 ./startup/startup_lpc54618.o
                0x00010310                SCT0_IRQHandler
 .text.CTIMER3_IRQHandler
                0x00010318        0x8 ./startup/startup_lpc54618.o
                0x00010318                CTIMER3_IRQHandler
 .text.FLEXCOMM6_IRQHandler
                0x00010320        0x8 ./startup/startup_lpc54618.o
                0x00010320                FLEXCOMM6_IRQHandler
 .text.FLEXCOMM7_IRQHandler
                0x00010328        0x8 ./startup/startup_lpc54618.o
                0x00010328                FLEXCOMM7_IRQHandler
 .text.ADC0_SEQA_IRQHandler
                0x00010330        0x8 ./startup/startup_lpc54618.o
                0x00010330                ADC0_SEQA_IRQHandler
 .text.ADC0_SEQB_IRQHandler
                0x00010338        0x8 ./startup/startup_lpc54618.o
                0x00010338                ADC0_SEQB_IRQHandler
 .text.ADC0_THCMP_IRQHandler
                0x00010340        0x8 ./startup/startup_lpc54618.o
                0x00010340                ADC0_THCMP_IRQHandler
 .text.DMIC0_IRQHandler
                0x00010348        0x8 ./startup/startup_lpc54618.o
                0x00010348                DMIC0_IRQHandler
 .text.HWVAD0_IRQHandler
                0x00010350        0x8 ./startup/startup_lpc54618.o
                0x00010350                HWVAD0_IRQHandler
 .text.USB0_NEEDCLK_IRQHandler
                0x00010358        0x8 ./startup/startup_lpc54618.o
                0x00010358                USB0_NEEDCLK_IRQHandler
 .text.USB0_IRQHandler
                0x00010360        0x8 ./startup/startup_lpc54618.o
                0x00010360                USB0_IRQHandler
 .text.Reserved46_IRQHandler
                0x00010368        0x8 ./startup/startup_lpc54618.o
                0x00010368                Reserved46_IRQHandler
 .text.Reserved47_IRQHandler
                0x00010370        0x8 ./startup/startup_lpc54618.o
                0x00010370                Reserved47_IRQHandler
 .text.PIN_INT4_IRQHandler
                0x00010378        0x8 ./startup/startup_lpc54618.o
                0x00010378                PIN_INT4_IRQHandler
 .text.PIN_INT5_IRQHandler
                0x00010380        0x8 ./startup/startup_lpc54618.o
                0x00010380                PIN_INT5_IRQHandler
 .text.PIN_INT6_IRQHandler
                0x00010388        0x8 ./startup/startup_lpc54618.o
                0x00010388                PIN_INT6_IRQHandler
 .text.PIN_INT7_IRQHandler
                0x00010390        0x8 ./startup/startup_lpc54618.o
                0x00010390                PIN_INT7_IRQHandler
 .text.CTIMER2_IRQHandler
                0x00010398        0x8 ./startup/startup_lpc54618.o
                0x00010398                CTIMER2_IRQHandler
 .text.CTIMER4_IRQHandler
                0x000103a0        0x8 ./startup/startup_lpc54618.o
                0x000103a0                CTIMER4_IRQHandler
 .text.RIT_IRQHandler
                0x000103a8        0x8 ./startup/startup_lpc54618.o
                0x000103a8                RIT_IRQHandler
 .text.SPIFI0_IRQHandler
                0x000103b0        0x8 ./startup/startup_lpc54618.o
                0x000103b0                SPIFI0_IRQHandler
 .text.FLEXCOMM8_IRQHandler
                0x000103b8        0x8 ./startup/startup_lpc54618.o
                0x000103b8                FLEXCOMM8_IRQHandler
 .text.SDIO_IRQHandler
                0x000103c0        0x8 ./startup/startup_lpc54618.o
                0x000103c0                SDIO_IRQHandler
 .text.CAN0_IRQ0_IRQHandler
                0x000103c8        0x8 ./startup/startup_lpc54618.o
                0x000103c8                CAN0_IRQ0_IRQHandler
 .text.CAN0_IRQ1_IRQHandler
                0x000103d0        0x8 ./startup/startup_lpc54618.o
                0x000103d0                CAN0_IRQ1_IRQHandler
 .text.CAN1_IRQ0_IRQHandler
                0x000103d8        0x8 ./startup/startup_lpc54618.o
                0x000103d8                CAN1_IRQ0_IRQHandler
 .text.CAN1_IRQ1_IRQHandler
                0x000103e0        0x8 ./startup/startup_lpc54618.o
                0x000103e0                CAN1_IRQ1_IRQHandler
 .text.USB1_IRQHandler
                0x000103e8        0x8 ./startup/startup_lpc54618.o
                0x000103e8                USB1_IRQHandler
 .text.USB1_NEEDCLK_IRQHandler
                0x000103f0        0x8 ./startup/startup_lpc54618.o
                0x000103f0                USB1_NEEDCLK_IRQHandler
 .text.ETHERNET_IRQHandler
                0x000103f8        0x8 ./startup/startup_lpc54618.o
                0x000103f8                ETHERNET_IRQHandler
 .text.ETHERNET_PMT_IRQHandler
                0x00010400        0x8 ./startup/startup_lpc54618.o
                0x00010400                ETHERNET_PMT_IRQHandler
 .text.ETHERNET_MACLP_IRQHandler
                0x00010408        0x8 ./startup/startup_lpc54618.o
                0x00010408                ETHERNET_MACLP_IRQHandler
 .text.EEPROM_IRQHandler
                0x00010410        0x8 ./startup/startup_lpc54618.o
                0x00010410                EEPROM_IRQHandler
 .text.SHA_IRQHandler
                0x00010418        0x8 ./startup/startup_lpc54618.o
                0x00010418                SHA_IRQHandler
 .text.SMARTCARD0_IRQHandler
                0x00010420        0x8 ./startup/startup_lpc54618.o
                0x00010420                SMARTCARD0_IRQHandler
 .text.SMARTCARD1_IRQHandler
                0x00010428        0x8 ./startup/startup_lpc54618.o
                0x00010428                SMARTCARD1_IRQHandler
 .text.ctimer_match0_callback
                0x00010430        0x2 ./source/LPC54618J512_DG400_1.o
                0x00010430                ctimer_match0_callback
 .text.ctimer_match1_callback
                0x00010432        0x4 ./source/LPC54618J512_DG400_1.o
                0x00010432                ctimer_match1_callback
 .text.UARTA    0x00010436        0x2 ./source/LPC54618J512_DG400_1.o
                0x00010436                UARTA
 .text.KEYBOARD
                0x00010438        0xe ./source/LPC54618J512_DG400_1.o
                0x00010438                KEYBOARD
 .text.UARTB    0x00010446        0x2 ./source/LPC54618J512_DG400_1.o
                0x00010446                UARTB
 .text.TOUCH    0x00010448        0x2 ./source/LPC54618J512_DG400_1.o
                0x00010448                TOUCH
 .text.HardFault_Handler
                0x0001044a       0x2a ./source/semihost_hardfault.o
                0x0001044a                HardFault_Handler
 .text.disk_status
                0x00010474        0xc ./drivers/diskio.o
                0x00010474                disk_status
 .text.disk_initialize
                0x00010480        0xc ./drivers/diskio.o
                0x00010480                disk_initialize
 .text.disk_read
                0x0001048c        0xe ./drivers/diskio.o
                0x0001048c                disk_read
 .text.disk_write
                0x0001049a        0xe ./drivers/diskio.o
                0x0001049a                disk_write
 .text.disk_ioctl
                0x000104a8        0xc ./drivers/diskio.o
                0x000104a8                disk_ioctl
 .text.ld_dword
                0x000104b4       0x10 ./drivers/ff.o
 .text.st_dword
                0x000104c4       0x10 ./drivers/ff.o
 .text.mem_set  0x000104d4        0xc ./drivers/ff.o
 .text.mem_cmp  0x000104e0       0x1c ./drivers/ff.o
 .text.clst2sect
                0x000104fc       0x16 ./drivers/ff.o
 .text.validate
                0x00010512       0x34 ./drivers/ff.o
 .text.mem_cpy.part.0
                0x00010546       0x12 ./drivers/ff.o
 .text.ld_clust.isra.1
                0x00010558       0x1c ./drivers/ff.o
 .text.st_clust.isra.2
                0x00010574       0x18 ./drivers/ff.o
 .text.sync_window
                0x0001058c       0x48 ./drivers/ff.o
 .text.move_window
                0x000105d4       0x3c ./drivers/ff.o
 .text.put_fat  0x00010610       0xf8 ./drivers/ff.o
 .text.get_fat.isra.8
                0x00010708       0xb4 ./drivers/ff.o
 .text.dir_sdi  0x000107bc       0x78 ./drivers/ff.o
 .text.create_chain
                0x00010834       0xe8 ./drivers/ff.o
 .text.remove_chain
                0x0001091c       0x6e ./drivers/ff.o
 .text.dir_clear
                0x0001098a       0x52 ./drivers/ff.o
 .text.dir_next
                0x000109dc       0xa6 ./drivers/ff.o
 .text.sync_fs  0x00010a82       0x96 ./drivers/ff.o
 .text.dir_register
                0x00010b18       0x64 ./drivers/ff.o
 .text.f_open   0x00010b7c      0x1cc ./drivers/ff.o
                0x00010b7c                f_open
 .text.f_write  0x00010d48      0x18e ./drivers/ff.o
                0x00010d48                f_write
 .text.f_sync   0x00010ed6       0x8e ./drivers/ff.o
                0x00010ed6                f_sync
 .text.f_close  0x00010f64       0x1a ./drivers/ff.o
                0x00010f64                f_close
 .text.f_lseek  0x00010f7e      0x142 ./drivers/ff.o
                0x00010f7e                f_lseek
 .text.ADC_Init
                0x000110c0       0x3e ./drivers/fsl_adc.o
                0x000110c0                ADC_Init
 .text.ADC_GetChannelConversionResult
                0x000110fe       0x28 ./drivers/fsl_adc.o
                0x000110fe                ADC_GetChannelConversionResult
 .text.CLOCK_SetFLASHAccessCycles
                0x00011126       0x16 ./drivers/fsl_clock.o
 .text.CLOCK_Enable_SysOsc.part.2
                0x0001113c       0x1e ./drivers/fsl_clock.o
 .text.CLOCK_SetClkDiv
                0x0001115a       0x24 ./drivers/fsl_clock.o
                0x0001115a                CLOCK_SetClkDiv
 .text.CLOCK_GetLcdClkFreq
                0x0001117e       0x30 ./drivers/fsl_clock.o
                0x0001117e                CLOCK_GetLcdClkFreq
 .text.CLOCK_GetFrgClkFreq
                0x000111ae       0x32 ./drivers/fsl_clock.o
                0x000111ae                CLOCK_GetFrgClkFreq
 .text.CTIMER_GetDefaultConfig
                0x000111e0       0x14 ./drivers/fsl_ctimer.o
                0x000111e0                CTIMER_GetDefaultConfig
 .text.CTIMER0_DriverIRQHandler
                0x000111f4        0xe ./drivers/fsl_ctimer.o
                0x000111f4                CTIMER0_DriverIRQHandler
 .text.CTIMER1_DriverIRQHandler
                0x00011202        0xe ./drivers/fsl_ctimer.o
                0x00011202                CTIMER1_DriverIRQHandler
 .text.CTIMER2_DriverIRQHandler
                0x00011210        0xe ./drivers/fsl_ctimer.o
                0x00011210                CTIMER2_DriverIRQHandler
 .text.CTIMER3_DriverIRQHandler
                0x0001121e        0xe ./drivers/fsl_ctimer.o
                0x0001121e                CTIMER3_DriverIRQHandler
 .text.CTIMER4_DriverIRQHandler
                0x0001122c        0xe ./drivers/fsl_ctimer.o
                0x0001122c                CTIMER4_DriverIRQHandler
 .text.DMIC_ConfigChannel
                0x0001123a       0x46 ./drivers/fsl_dmic.o
                0x0001123a                DMIC_ConfigChannel
 .text.DMIC_Use2fs
                0x00011280        0x6 ./drivers/fsl_dmic.o
                0x00011280                DMIC_Use2fs
 .text.DMIC_EnableChannnel
                0x00011286        0xc ./drivers/fsl_dmic.o
                0x00011286                DMIC_EnableChannnel
 .text.EMC_ModeOffset
                0x00011292       0x38 ./drivers/fsl_emc.o
 .text.GPIO_PinInit
                0x000112ca       0x3c ./drivers/fsl_gpio.o
                0x000112ca                GPIO_PinInit
 .text.I2C_MasterInit
                0x00011306       0x3a ./drivers/fsl_i2c.o
                0x00011306                I2C_MasterInit
 .text.INPUTMUX_Init
                0x00011340        0xe ./drivers/fsl_inputmux.o
                0x00011340                INPUTMUX_Init
 .text.INPUTMUX_AttachSignal
                0x0001134e        0xe ./drivers/fsl_inputmux.o
                0x0001134e                INPUTMUX_AttachSignal
 .text.INPUTMUX_Deinit
                0x0001135c        0xe ./drivers/fsl_inputmux.o
                0x0001135c                INPUTMUX_Deinit
 .text.LCDC_GetDefaultConfig
                0x0001136a       0x22 ./drivers/fsl_lcdc.o
                0x0001136a                LCDC_GetDefaultConfig
 .text.LCDC_EnableInterrupts
                0x0001138c       0x1e ./drivers/fsl_lcdc.o
                0x0001138c                LCDC_EnableInterrupts
 .text.LCDC_GetEnabledInterruptsPendingStatus
                0x000113aa        0xa ./drivers/fsl_lcdc.o
                0x000113aa                LCDC_GetEnabledInterruptsPendingStatus
 .text.LCDC_ClearInterruptsStatus
                0x000113b4       0x14 ./drivers/fsl_lcdc.o
                0x000113b4                LCDC_ClearInterruptsStatus
 .text.PINT_PatternMatchResetDetectLogic
                0x000113c8        0xe ./drivers/fsl_pint.o
                0x000113c8                PINT_PatternMatchResetDetectLogic
 .text.PINT_PinInterruptClrStatus
                0x000113d6       0x16 ./drivers/fsl_pint.o
                0x000113d6                PINT_PinInterruptClrStatus
 .text.RESET_PeripheralReset
                0x000113ec       0x12 ./drivers/fsl_reset.o
                0x000113ec                RESET_PeripheralReset
 .text.RTC_Init
                0x000113fe       0x1e ./drivers/fsl_rtc.o
                0x000113fe                RTC_Init
 .text.RTC_SetDatetime
                0x0001141c       0x1e ./drivers/fsl_rtc.o
                0x0001141c                RTC_SetDatetime
 .text.RTC_GetDatetime
                0x0001143a        0xe ./drivers/fsl_rtc.o
                0x0001143a                RTC_GetDatetime
 .text.SCTIMER_GetDefaultConfig
                0x00011448       0x26 ./drivers/fsl_sctimer.o
                0x00011448                SCTIMER_GetDefaultConfig
 .text.SD_CardDeinit
                0x0001146e        0xc ./drivers/fsl_sd.o
                0x0001146e                SD_CardDeinit
 .text.SD_HostReset
                0x0001147a        0x6 ./drivers/fsl_sd.o
                0x0001147a                SD_HostReset
 .text.sd_disk_status
                0x00011480        0x8 ./drivers/fsl_sd_disk.o
                0x00011480                sd_disk_status
 .text.SDIF_SendCommand
                0x00011488       0x2e ./drivers/fsl_sdif.o
                0x00011488                SDIF_SendCommand
 .text.SDIF_SendCardActive
                0x000114b6       0x60 ./drivers/fsl_sdif.o
                0x000114b6                SDIF_SendCardActive
 .text.SDIF_GetCapability
                0x00011516       0x1a ./drivers/fsl_sdif.o
                0x00011516                SDIF_GetCapability
 .text.SDMMC_GoIdle
                0x00011530       0x2c ./drivers/fsl_sdmmc_common.o
                0x00011530                SDMMC_GoIdle
 .text.SDMMC_SwitchVoltage
                0x0001155c       0x56 ./drivers/fsl_sdmmc_common.o
                0x0001155c                SDMMC_SwitchVoltage
 .text.SDMMC_ExecuteTuning
                0x000115b2       0x68 ./drivers/fsl_sdmmc_common.o
                0x000115b2                SDMMC_ExecuteTuning
 .text.SDMMCHOST_Delay
                0x0001161a        0x4 ./drivers/fsl_sdmmc_host.o
                0x0001161a                SDMMCHOST_Delay
 .text.SDMMCHOST_Reset
                0x0001161e        0x2 ./drivers/fsl_sdmmc_host.o
                0x0001161e                SDMMCHOST_Reset
 .text.USART_Init
                0x00011620       0xfc ./drivers/fsl_usart.o
                0x00011620                USART_Init
 .text.SystemInitHook
                0x0001171c        0x2 ./device/system_LPC54618.o
                0x0001171c                SystemInitHook
 .text.BOARD_InitBootClocks
                0x0001171e        0x4 ./board/clock_config.o
                0x0001171e                BOARD_InitBootClocks
 .text.BOARD_InitPeripherals
                0x00011722       0x3e ./board/peripherals.o
                0x00011722                BOARD_InitPeripherals
 .text.BOARD_InitBootPeripherals
                0x00011760        0x4 ./board/peripherals.o
                0x00011760                BOARD_InitBootPeripherals
 .text.BOARD_InitBootPins
                0x00011764        0x4 ./board/pin_mux.o
                0x00011764                BOARD_InitBootPins
 .text.PutString
                0x00011768       0x3c ./Schiller/Display.o
                0x00011768                PutString
 .text.Fill_Rectangle
                0x000117a4       0x30 ./Schiller/Display.o
                0x000117a4                Fill_Rectangle
 .text.Clear_Screen
                0x000117d4       0x22 ./Schiller/Display.o
                0x000117d4                Clear_Screen
 .text.PutBigString
                0x000117f6       0x3c ./Schiller/Display.o
                0x000117f6                PutBigString
 .text.PutSuperBigString
                0x00011832       0x3c ./Schiller/Display.o
                0x00011832                PutSuperBigString
 .text.SCH_Dispatch_Tasks
                0x0001186e        0x2 ./Schiller/Sch51.o
                0x0001186e                SCH_Dispatch_Tasks
 .text.__main   0x00011870        0xe c:/nxp/mcuxpressoide_11.1.1_3241/ide/plugins/com.nxp.mcuxpresso.tools.win32_11.1.0.202001081728/tools/bin/../lib/gcc/arm-none-eabi/8.3.1/../../../../arm-none-eabi/lib/thumb/v7e-m+fp/hard\libcr_semihost_nf.a(_cr__main.o)
                0x00011870                __CR_SEMIHOST
                0x00011870                __main
 .text.memcpy   0x0001187e        0x4 c:/nxp/mcuxpressoide_11.1.1_3241/ide/plugins/com.nxp.mcuxpresso.tools.win32_11.1.0.202001081728/tools/bin/../lib/gcc/arm-none-eabi/8.3.1/../../../../arm-none-eabi/lib/thumb/v7e-m+fp/hard\libcr_c.a(memcpy.o)
                0x0001187e                memcpy
 .text.memset   0x00011882        0x4 c:/nxp/mcuxpressoide_11.1.1_3241/ide/plugins/com.nxp.mcuxpresso.tools.win32_11.1.0.202001081728/tools/bin/../lib/gcc/arm-none-eabi/8.3.1/../../../../arm-none-eabi/lib/thumb/v7e-m+fp/hard\libcr_c.a(memset.o)
                0x00011882                memset
 .text.free     0x00011886       0x30 c:/nxp/mcuxpressoide_11.1.1_3241/ide/plugins/com.nxp.mcuxpresso.tools.win32_11.1.0.202001081728/tools/bin/../lib/gcc/arm-none-eabi/8.3.1/../../../../arm-none-eabi/lib/thumb/v7e-m+fp/hard\libcr_c.a(alloc.o)
                0x00011886                free
 .text.no_fp_display
                0x000118b6        0x4 c:/nxp/mcuxpressoide_11.1.1_3241/ide/plugins/com.nxp.mcuxpresso.tools.win32_11.1.0.202001081728/tools/bin/../lib/gcc/arm-none-eabi/8.3.1/../../../../arm-none-eabi/lib/thumb/v7e-m+fp/hard\libcr_c.a(printf.o)
 .text.strlen   0x000118ba       0x4c c:/nxp/mcuxpressoide_11.1.1_3241/ide/plugins/com.nxp.mcuxpresso.tools.win32_11.1.0.202001081728/tools/bin/../lib/gcc/arm-none-eabi/8.3.1/../../../../arm-none-eabi/lib/thumb/v7e-m+fp/hard\libcr_c.a(strlen.o)
                0x000118ba                strlen
 .text._deferredlazyseek
                0x00011906       0x40 c:/nxp/mcuxpressoide_11.1.1_3241/ide/plugins/com.nxp.mcuxpresso.tools.win32_11.1.0.202001081728/tools/bin/../lib/gcc/arm-none-eabi/8.3.1/../../../../arm-none-eabi/lib/thumb/v7e-m+fp/hard\libcr_c.a(_deferredlazyseek.o)
                0x00011906                _deferredlazyseek
 .text.__flsbuf
                0x00011946      0x140 c:/nxp/mcuxpressoide_11.1.1_3241/ide/plugins/com.nxp.mcuxpresso.tools.win32_11.1.0.202001081728/tools/bin/../lib/gcc/arm-none-eabi/8.3.1/../../../../arm-none-eabi/lib/thumb/v7e-m+fp/hard\libcr_c.a(_deferredlazyseek.o)
                0x00011946                __flsbuf
 .text._fdopen  0x00011a86       0x68 c:/nxp/mcuxpressoide_11.1.1_3241/ide/plugins/com.nxp.mcuxpresso.tools.win32_11.1.0.202001081728/tools/bin/../lib/gcc/arm-none-eabi/8.3.1/../../../../arm-none-eabi/lib/thumb/v7e-m+fp/hard\libcr_c.a(_fdopen.o)
                0x00011a86                _fdopen
 .text._fflush  0x00011aee       0x52 c:/nxp/mcuxpressoide_11.1.1_3241/ide/plugins/com.nxp.mcuxpresso.tools.win32_11.1.0.202001081728/tools/bin/../lib/gcc/arm-none-eabi/8.3.1/../../../../arm-none-eabi/lib/thumb/v7e-m+fp/hard\libcr_c.a(_fflush.o)
                0x00011aee                _fflush
 .text.fclose   0x00011b40       0x58 c:/nxp/mcuxpressoide_11.1.1_3241/ide/plugins/com.nxp.mcuxpresso.tools.win32_11.1.0.202001081728/tools/bin/../lib/gcc/arm-none-eabi/8.3.1/../../../../arm-none-eabi/lib/thumb/v7e-m+fp/hard\libcr_c.a(fclose.o)
                0x00011b40                fclose
 .text.remove   0x00011b98       0x14 c:/nxp/mcuxpressoide_11.1.1_3241/ide/plugins/com.nxp.mcuxpresso.tools.win32_11.1.0.202001081728/tools/bin/../lib/gcc/arm-none-eabi/8.3.1/../../../../arm-none-eabi/lib/thumb/v7e-m+fp/hard\libcr_c.a(remove.o)
                0x00011b98                remove
 .text._do_fflush
                0x00011bac       0x40 c:/nxp/mcuxpressoide_11.1.1_3241/ide/plugins/com.nxp.mcuxpresso.tools.win32_11.1.0.202001081728/tools/bin/../lib/gcc/arm-none-eabi/8.3.1/../../../../arm-none-eabi/lib/thumb/v7e-m+fp/hard\libcr_c.a(_do_fflush.o)
                0x00011bac                _do_fflush
 .text.__aeabi_division_uldivmod
                0x00011bec      0x174 c:/nxp/mcuxpressoide_11.1.1_3241/ide/plugins/com.nxp.mcuxpresso.tools.win32_11.1.0.202001081728/tools/bin/../lib/gcc/arm-none-eabi/8.3.1/thumb/v7e-m+fp/hard\libcr_eabihelpers.a(division_64.o)
                0x00011bec                __aeabi_uldivmod
                0x00011bf0                __bhs_ldivmod1
 .text.__aeabi_division_idiv0
                0x00011d60        0x2 c:/nxp/mcuxpressoide_11.1.1_3241/ide/plugins/com.nxp.mcuxpresso.tools.win32_11.1.0.202001081728/tools/bin/../lib/gcc/arm-none-eabi/8.3.1/thumb/v7e-m+fp/hard\libcr_eabihelpers.a(division_idiv0.o)
                0x00011d60                __aeabi_idiv0
 .text.__aeabi_d2iz
                0x00011d62       0x40 c:/nxp/mcuxpressoide_11.1.1_3241/ide/plugins/com.nxp.mcuxpresso.tools.win32_11.1.0.202001081728/tools/bin/../lib/gcc/arm-none-eabi/8.3.1/thumb/v7e-m+fp/hard\libcr_eabihelpers.a(double.o)
                0x00011d62                __aeabi_d2iz
 .text.__bhs_ui2d
                0x00011da2       0x46 c:/nxp/mcuxpressoide_11.1.1_3241/ide/plugins/com.nxp.mcuxpresso.tools.win32_11.1.0.202001081728/tools/bin/../lib/gcc/arm-none-eabi/8.3.1/thumb/v7e-m+fp/hard\libcr_eabihelpers.a(double.o)
                0x00011da2                __bhs_ui2d
 .text.__aeabi_i2d
                0x00011de8       0x12 c:/nxp/mcuxpressoide_11.1.1_3241/ide/plugins/com.nxp.mcuxpresso.tools.win32_11.1.0.202001081728/tools/bin/../lib/gcc/arm-none-eabi/8.3.1/thumb/v7e-m+fp/hard\libcr_eabihelpers.a(double.o)
                0x00011de8                __aeabi_i2d
 .text.__aeabi_memcpy
                0x00011dfa       0x34 c:/nxp/mcuxpressoide_11.1.1_3241/ide/plugins/com.nxp.mcuxpresso.tools.win32_11.1.0.202001081728/tools/bin/../lib/gcc/arm-none-eabi/8.3.1/thumb/v7e-m+fp/hard\libcr_eabihelpers.a(memcpy.o)
                0x00011dfa                __aeabi_memcpy
                0x00011e04                __aeabi_memcpy8
                0x00011e04                __aeabi_memcpy4
 .text.__aeabi_memset_lowlevel
                0x00011e2e       0x32 c:/nxp/mcuxpressoide_11.1.1_3241/ide/plugins/com.nxp.mcuxpresso.tools.win32_11.1.0.202001081728/tools/bin/../lib/gcc/arm-none-eabi/8.3.1/thumb/v7e-m+fp/hard\libcr_eabihelpers.a(memcpy.o)
                0x00011e2e                __aeabi_lowlevel_memset
 .text.__sys_close
                0x00011e60        0xc c:/nxp/mcuxpressoide_11.1.1_3241/ide/plugins/com.nxp.mcuxpresso.tools.win32_11.1.0.202001081728/tools/bin/../lib/gcc/arm-none-eabi/8.3.1/../../../../arm-none-eabi/lib/thumb/v7e-m+fp/hard\libcr_semihost_nf.a(__sys_close.o)
                0x00011e60                __sys_close
 .text.__sys_flen
                0x00011e6c        0xc c:/nxp/mcuxpressoide_11.1.1_3241/ide/plugins/com.nxp.mcuxpresso.tools.win32_11.1.0.202001081728/tools/bin/../lib/gcc/arm-none-eabi/8.3.1/../../../../arm-none-eabi/lib/thumb/v7e-m+fp/hard\libcr_semihost_nf.a(__sys_flen.o)
                0x00011e6c                __sys_flen
 .text.__sys_istty
                0x00011e78        0xc c:/nxp/mcuxpressoide_11.1.1_3241/ide/plugins/com.nxp.mcuxpresso.tools.win32_11.1.0.202001081728/tools/bin/../lib/gcc/arm-none-eabi/8.3.1/../../../../arm-none-eabi/lib/thumb/v7e-m+fp/hard\libcr_semihost_nf.a(__sys_istty.o)
                0x00011e78                __sys_istty
 .text.__sys_remove
                0x00011e84        0xc c:/nxp/mcuxpressoide_11.1.1_3241/ide/plugins/com.nxp.mcuxpresso.tools.win32_11.1.0.202001081728/tools/bin/../lib/gcc/arm-none-eabi/8.3.1/../../../../arm-none-eabi/lib/thumb/v7e-m+fp/hard\libcr_semihost_nf.a(__sys_remove.o)
                0x00011e84                __sys_remove
 .text.__sys_seek
                0x00011e90        0xc c:/nxp/mcuxpressoide_11.1.1_3241/ide/plugins/com.nxp.mcuxpresso.tools.win32_11.1.0.202001081728/tools/bin/../lib/gcc/arm-none-eabi/8.3.1/../../../../arm-none-eabi/lib/thumb/v7e-m+fp/hard\libcr_semihost_nf.a(__sys_seek.o)
                0x00011e90                __sys_seek
 .text.__sys_tmpnam
                0x00011e9c        0xc c:/nxp/mcuxpressoide_11.1.1_3241/ide/plugins/com.nxp.mcuxpresso.tools.win32_11.1.0.202001081728/tools/bin/../lib/gcc/arm-none-eabi/8.3.1/../../../../arm-none-eabi/lib/thumb/v7e-m+fp/hard\libcr_semihost_nf.a(__sys_tmpnam.o)
                0x00011e9c                __sys_tmpnam
 .text.__sys_write
                0x00011ea8        0xc c:/nxp/mcuxpressoide_11.1.1_3241/ide/plugins/com.nxp.mcuxpresso.tools.win32_11.1.0.202001081728/tools/bin/../lib/gcc/arm-none-eabi/8.3.1/../../../../arm-none-eabi/lib/thumb/v7e-m+fp/hard\libcr_semihost_nf.a(__sys_write.o)
                0x00011ea8                __sys_write
 *(SORT_BY_ALIGNMENT(.rodata) SORT_BY_ALIGNMENT(.rodata.*) SORT_BY_ALIGNMENT(.constdata) SORT_BY_ALIGNMENT(.constdata.*))
 .rodata.s_ctimerBases
                0x00011eb4       0x14 ./drivers/fsl_ctimer.o
 .rodata.s_ctimerResets
                0x00011ec8       0x14 ./drivers/fsl_ctimer.o
 .rodata.s_EMCDYCSBases
                0x00011edc       0x10 ./drivers/fsl_emc.o
 .rodata.s_flexcommBaseAddrs
                0x00011eec       0x28 ./drivers/fsl_flexcomm.o
 .rodata.s_flexcommResets
                0x00011f14       0x28 ./drivers/fsl_flexcomm.o
 .rodata.ADC0configStruct
                0x00011f3c       0x10 ./board/peripherals.o
                0x00011f3c                ADC0configStruct
 .rodata.FLEXCOMM0_config
                0x00011f4c       0x10 ./board/peripherals.o
                0x00011f4c                FLEXCOMM0_config
 .rodata.FLEXCOMM1_config
                0x00011f5c       0x10 ./board/peripherals.o
                0x00011f5c                FLEXCOMM1_config
 .rodata.FLEXCOMM2_config
                0x00011f6c       0x10 ./board/peripherals.o
                0x00011f6c                FLEXCOMM2_config
 .rodata.FLEXCOMM3_config
                0x00011f7c       0x10 ./board/peripherals.o
                0x00011f7c                FLEXCOMM3_config
 .rodata.FLEXCOMM4_config
                0x00011f8c       0x10 ./board/peripherals.o
                0x00011f8c                FLEXCOMM4_config
 .rodata.FLEXCOMM5_config
                0x00011f9c       0x10 ./board/peripherals.o
                0x00011f9c                FLEXCOMM5_config
 .rodata.FLEXCOMM7_config
                0x00011fac        0xc ./board/peripherals.o
                0x00011fac                FLEXCOMM7_config
 .rodata.FLEXCOMM8_config
                0x00011fb8       0x10 ./board/peripherals.o
                0x00011fb8                FLEXCOMM8_config
 .rodata.FLEXCOMM9_config
                0x00011fc8       0x10 ./board/peripherals.o
                0x00011fc8                FLEXCOMM9_config
 .rodata.Selected_Energy_Array
                0x00011fd8       0x40 ./Schiller/Global_Variables.o
                0x00011fd8                Selected_Energy_Array
 .rodata.__num_Ciob_streams
                0x00012018        0x4 c:/nxp/mcuxpressoide_11.1.1_3241/ide/plugins/com.nxp.mcuxpresso.tools.win32_11.1.0.202001081728/tools/bin/../lib/gcc/arm-none-eabi/8.3.1/../../../../arm-none-eabi/lib/thumb/v7e-m+fp/hard\libcr_semihost_nf.a(__ciob.o)
                0x00012018                __num_Ciob_streams
 .rodata.s_ctimerClocks
                0x0001201c        0xa ./drivers/fsl_ctimer.o
 .rodata.s_flexcommClocks
                0x00012026       0x14 ./drivers/fsl_flexcomm.o
 .rodata        0x0001203a       0x28 ./drivers/fsl_rtc.o
 .rodata.BigDashDotSlashNumber
                0x00012062     0x39c0 ./Schiller/Display.o
                0x00012062                BigDashDotSlashNumber
 .rodata.BigSymbols
                0x00015a22      0xf18 ./Schiller/Display.o
                0x00015a22                BigSymbols
 .rodata.SmallFont
                0x0001693a      0xbb4 ./Schiller/Display.o
                0x0001693a                SmallFont
 .rodata.main.str1.1
                0x000174ee        0xd ./source/LPC54618J512_DG400_1.o
 .rodata.check_fs.str1.1
                0x000174fb        0xa ./drivers/ff.o
 .rodata.follow_path.str1.1
                0x00017505        0xf ./drivers/ff.o
 .rodata.wdtFreqLookup
                0x00017514       0x20 ./drivers/fsl_clock.o
 .rodata.s_ctimerIRQ
                0x00017534        0x5 ./drivers/fsl_ctimer.o
 .rodata.s_pintIRQ
                0x00017539        0x8 ./drivers/fsl_pint.o
 .rodata.SD_CardInit.str1.1
                0x00017541        0xf ./drivers/fsl_sd.o
                                  0x3 (size before relaxing)
 .rodata.SCT0_initConfig
                0x00017541        0x9 ./board/peripherals.o
                0x00017541                SCT0_initConfig
 .rodata        0x0001754a        0x2 ./board/pin_mux.o
 .rodata.Write_To_SDCard.str1.1
                0x0001754c       0x35 ./Schiller/SDCard.o
                                 0x38 (size before relaxing)
 .rodata.AED_MenuScreen.str1.1
                0x00017581       0x57 ./Schiller/Screen.o
 .rodata.AED_Screen.str1.1
                0x000175d8        0x5 ./Schiller/Screen.o
                                  0x9 (size before relaxing)
 .rodata.Alarm_MenuScreen.str1.1
                0x000175dd        0xb ./Schiller/Screen.o
 .rodata.Channel_MenuScreen.str1.1
                0x000175e8       0x36 ./Schiller/Screen.o
 .rodata.Config_MenuScreen.str1.1
                0x0001761e       0x7c ./Schiller/Screen.o
 .rodata.Defib_MenuScreen.str1.1
                0x0001769a       0x17 ./Schiller/Screen.o
 .rodata.Defib_Screen.str1.1
                0x000176b1       0xf6 ./Schiller/Screen.o
                                0x102 (size before relaxing)
 .rodata.Draw_Cursor.str1.1
                0x000177a7      0x370 ./Schiller/Screen.o
                                0x3a3 (size before relaxing)
 .rodata.Draw_Keyboard.str1.1
                0x00017b17       0x8e ./Schiller/Screen.o
 .rodata.ECG_MenuScreen.str1.1
                0x00017ba5       0x41 ./Schiller/Screen.o
 .rodata.ETCO2_MenuScreen.str1.1
                0x00017be6       0x3b ./Schiller/Screen.o
 .rodata.Edit_Event.str1.1
                0x00017c21       0x10 ./Schiller/Screen.o
 .rodata.Event_MenuScreen.str1.1
                0x00017c31       0x17 ./Schiller/Screen.o
                                 0x22 (size before relaxing)
 .rodata.Event_Screen.str1.1
                0x00017c48        0xd ./Schiller/Screen.o
 .rodata.Hide_Cursor.str1.1
                0x00017c55       0x66 ./Schiller/Screen.o
 .rodata.IBP_MenuScreen.str1.1
                0x00017cbb       0x66 ./Schiller/Screen.o
                                  0x9 (size before relaxing)
 .rodata.Main_Menu_Screen.str1.1
                0x00017cbb       0x66 ./Schiller/Screen.o
                                 0x77 (size before relaxing)
 .rodata.NIBP_MenuScreen.str1.1
                0x00017d21       0x59 ./Schiller/Screen.o
 .rodata.Pacer_Screen.str1.1
                0x00017d7a       0x59 ./Schiller/Screen.o
                                  0x6 (size before relaxing)
 .rodata.PatientInfo_MenuScreen.str1.1
                0x00017d7a       0x32 ./Schiller/Screen.o
                                 0x35 (size before relaxing)
 .rodata.Respiration_MenuScreen.str1.1
                0x00017dac       0x2c ./Schiller/Screen.o
 .rodata.SPO2_MenuScreen.str1.1
                0x00017dd8       0x13 ./Schiller/Screen.o
                                 0x2b (size before relaxing)
 .rodata.System_MenuScreen.str1.1
                0x00017deb       0x4b ./Schiller/Screen.o
                                 0x52 (size before relaxing)
 .rodata.Temperature_MenuScreen.str1.1
                0x00017e36       0x3f ./Schiller/Screen.o
 .rodata.Trend_MenuScreen.str1.1
                0x00017e75        0xb ./Schiller/Screen.o
 .rodata.Trend_Screen_Defib.str1.1
                0x00017e80       0x14 ./Schiller/Screen.o
                                 0x18 (size before relaxing)
 .rodata.Trend_Screen_Resp.str1.1
                0x00017e94       0x14 ./Schiller/Screen.o
                                  0x4 (size before relaxing)
 .rodata.View_Event_Screen.str1.1
                0x00017e94       0x2a ./Schiller/Screen.o
 .rodata._Csys_alloc.str1.1
                0x00017ebe       0x18 c:/nxp/mcuxpressoide_11.1.1_3241/ide/plugins/com.nxp.mcuxpresso.tools.win32_11.1.0.202001081728/tools/bin/../lib/gcc/arm-none-eabi/8.3.1/../../../../arm-none-eabi/lib/thumb/v7e-m+fp/hard\libcr_c.a(alloc.o)
 .rodata._initio.str1.1
                0x00017ed6        0x4 c:/nxp/mcuxpressoide_11.1.1_3241/ide/plugins/com.nxp.mcuxpresso.tools.win32_11.1.0.202001081728/tools/bin/../lib/gcc/arm-none-eabi/8.3.1/../../../../arm-none-eabi/lib/thumb/v7e-m+fp/hard\libcr_c.a(initio.o)
 .rodata.__vfprintf.str1.1
                0x00017eda       0x33 c:/nxp/mcuxpressoide_11.1.1_3241/ide/plugins/com.nxp.mcuxpresso.tools.win32_11.1.0.202001081728/tools/bin/../lib/gcc/arm-none-eabi/8.3.1/../../../../arm-none-eabi/lib/thumb/v7e-m+fp/hard\libcr_c.a(printf.o)
                                 0x38 (size before relaxing)
                0x00017f10                . = ALIGN (0x4)
 *fill*         0x00017f0d        0x3 ff

.glue_7         0x00017f10        0x0
 .glue_7        0x00017f10        0x0 linker stubs

.glue_7t        0x00017f10        0x0
 .glue_7t       0x00017f10        0x0 linker stubs

.vfp11_veneer   0x00017f10        0x0
 .vfp11_veneer  0x00017f10        0x0 linker stubs

.v4_bx          0x00017f10        0x0
 .v4_bx         0x00017f10        0x0 linker stubs

.iplt           0x00017f10        0x0
 .iplt          0x00017f10        0x0 ./startup/startup_lpc54618.o

.rel.dyn        0x00017f10        0x0
 .rel.iplt      0x00017f10        0x0 ./startup/startup_lpc54618.o

.ARM.extab
 *(SORT_BY_ALIGNMENT(.ARM.extab*) SORT_BY_ALIGNMENT(.gnu.linkonce.armextab.*))

.ARM.exidx      0x00017f10        0x0
                0x00017f10                __exidx_start = .
 *(SORT_BY_ALIGNMENT(.ARM.exidx*) SORT_BY_ALIGNMENT(.gnu.linkonce.armexidx.*))
                0x00017f10                __exidx_end = .
                0x00017f10                _etext = .

.m_usb_data
 *(SORT_BY_ALIGNMENT(m_usb_global))

.data_RAM2      0x04000000        0x0 load address 0x00017f10
 FILL mask 0xff
                [!provide]                PROVIDE (__start_data_RAM2 = .)
                [!provide]                PROVIDE (__start_data_SRAMX = .)
 *(SORT_BY_ALIGNMENT(.ramfunc.$RAM2))
 *(SORT_BY_ALIGNMENT(.ramfunc.$SRAMX))
 *(SORT_BY_ALIGNMENT(.data.$RAM2))
 *(SORT_BY_ALIGNMENT(.data.$SRAMX))
 *(SORT_BY_ALIGNMENT(.data.$RAM2.*))
 *(SORT_BY_ALIGNMENT(.data.$SRAMX.*))
                0x04000000                . = ALIGN (0x4)
                [!provide]                PROVIDE (__end_data_RAM2 = .)
                [!provide]                PROVIDE (__end_data_SRAMX = .)

.data_RAM3      0x40100000        0x0 load address 0x00017f10
 FILL mask 0xff
                [!provide]                PROVIDE (__start_data_RAM3 = .)
                [!provide]                PROVIDE (__start_data_USB_RAM = .)
 *(SORT_BY_ALIGNMENT(.ramfunc.$RAM3))
 *(SORT_BY_ALIGNMENT(.ramfunc.$USB_RAM))
 *(SORT_BY_ALIGNMENT(.data.$RAM3))
 *(SORT_BY_ALIGNMENT(.data.$USB_RAM))
 *(SORT_BY_ALIGNMENT(.data.$RAM3.*))
 *(SORT_BY_ALIGNMENT(.data.$USB_RAM.*))
                0x40100000                . = ALIGN (0x4)
                [!provide]                PROVIDE (__end_data_RAM3 = .)
                [!provide]                PROVIDE (__end_data_USB_RAM = .)

.data_RAM4      0xa0000000        0x0 load address 0x00017f10
 FILL mask 0xff
                [!provide]                PROVIDE (__start_data_RAM4 = .)
                [!provide]                PROVIDE (__start_data_SD_RAM = .)
 *(SORT_BY_ALIGNMENT(.ramfunc.$RAM4))
 *(SORT_BY_ALIGNMENT(.ramfunc.$SD_RAM))
 *(SORT_BY_ALIGNMENT(.data.$RAM4))
 *(SORT_BY_ALIGNMENT(.data.$SD_RAM))
 *(SORT_BY_ALIGNMENT(.data.$RAM4.*))
 *(SORT_BY_ALIGNMENT(.data.$SD_RAM.*))
                0xa0000000                . = ALIGN (0x4)
                [!provide]                PROVIDE (__end_data_RAM4 = .)
                [!provide]                PROVIDE (__end_data_SD_RAM = .)

.uninit_RESERVED
                0x20000000        0x0
                0x20000000                _start_uninit_RESERVED = .
 *(SORT_BY_ALIGNMENT(.bss.$RESERVED*))
                0x20000000                . = ALIGN (0x4)
                0x20000000                _end_uninit_RESERVED = .

.data           0x20000000      0x414 load address 0x00017f10
 FILL mask 0xff
                0x20000000                _data = .
                [!provide]                PROVIDE (__start_data_RAM = .)
                [!provide]                PROVIDE (__start_data_SRAM_UPPER = .)
 *(SORT_BY_ALIGNMENT(vtable))
 *(SORT_BY_ALIGNMENT(.ramfunc*))
 *(SORT_BY_ALIGNMENT(CodeQuickAccess))
 *(SORT_BY_ALIGNMENT(DataQuickAccess))
 *(SORT_BY_ALIGNMENT(RamFunction))
 *(SORT_BY_ALIGNMENT(.data*))
 .data.ctimer_callback_table
                0x20000000       0x20 ./source/LPC54618J512_DG400_1.o
                0x20000000                ctimer_callback_table
 .data.SystemCoreClock
                0x20000020        0x4 ./device/system_LPC54618.o
                0x20000020                SystemCoreClock
 .data.DMIC0_CHANNEL_1_config
                0x20000024       0x18 ./board/peripherals.o
                0x20000024                DMIC0_CHANNEL_1_config
 .data.AED_Adult_ShockCount1
                0x2000003c        0x4 ./Schiller/Global_Variables.o
                0x2000003c                AED_Adult_ShockCount1
 .data.AED_Adult_ShockCount2
                0x20000040        0x4 ./Schiller/Global_Variables.o
                0x20000040                AED_Adult_ShockCount2
 .data.AED_Adult_ShockCount3
                0x20000044        0x4 ./Schiller/Global_Variables.o
                0x20000044                AED_Adult_ShockCount3
 .data.AED_Child_ShockCount1
                0x20000048        0x4 ./Schiller/Global_Variables.o
                0x20000048                AED_Child_ShockCount1
 .data.AED_Child_ShockCount2
                0x2000004c        0x4 ./Schiller/Global_Variables.o
                0x2000004c                AED_Child_ShockCount2
 .data.AED_Child_ShockCount3
                0x20000050        0x4 ./Schiller/Global_Variables.o
                0x20000050                AED_Child_ShockCount3
 .data.Pacer_Current
                0x20000054        0x4 ./Schiller/Global_Variables.o
                0x20000054                Pacer_Current
 .data.Pacer_Frequency
                0x20000058        0x4 ./Schiller/Global_Variables.o
                0x20000058                Pacer_Frequency
 .data.Sel_Energy
                0x2000005c        0x4 ./Schiller/Global_Variables.o
                0x2000005c                Sel_Energy
 .data.Selected_Energy_user
                0x20000060        0x4 ./Schiller/Global_Variables.o
                0x20000060                Selected_Energy_user
 .data.Year     0x20000064        0x4 ./Schiller/Global_Variables.o
                0x20000064                Year
 .data.buff     0x20000068        0x4 ./Schiller/SPO2.o
                0x20000068                buff
 .data.CrcTable
                0x2000006c      0x100 ./Schiller/Defib.o
                0x2000006c                CrcTable
 .data.Channel1_Waveform
                0x2000016c        0x1 ./Schiller/Global_Variables.o
                0x2000016c                Channel1_Waveform
 .data.Channel2_Waveform
                0x2000016d        0x1 ./Schiller/Global_Variables.o
                0x2000016d                Channel2_Waveform
 .data.Claculation_Lead_in_5LEAD
                0x2000016e        0x1 ./Schiller/Global_Variables.o
                0x2000016e                Claculation_Lead_in_5LEAD
 .data.Configuration
                0x2000016f        0xb ./Schiller/Global_Variables.o
                0x2000016f                Configuration
 .data.Day      0x2000017a        0x1 ./Schiller/Global_Variables.o
                0x2000017a                Day
 .data.ECG_LP_Filter
                0x2000017b        0x1 ./Schiller/Global_Variables.o
                0x2000017b                ECG_LP_Filter
 .data.Hardware_ECG_Gain
                0x2000017c        0x1 ./Schiller/Global_Variables.o
                0x2000017c                Hardware_ECG_Gain
 .data.Hospital_Name
                0x2000017d       0x14 ./Schiller/Global_Variables.o
                0x2000017d                Hospital_Name
 .data.Hour     0x20000191        0x1 ./Schiller/Global_Variables.o
                0x20000191                Hour
 .data.LAN_IP   0x20000192        0x4 ./Schiller/Global_Variables.o
                0x20000192                LAN_IP
 .data.Minute   0x20000196        0x1 ./Schiller/Global_Variables.o
                0x20000196                Minute
 .data.Month    0x20000197        0x1 ./Schiller/Global_Variables.o
                0x20000197                Month
 .data.Patient_DOB
                0x20000198        0x8 ./Schiller/Global_Variables.o
                0x20000198                Patient_DOB
 .data.Patient_ID
                0x200001a0        0x4 ./Schiller/Global_Variables.o
                0x200001a0                Patient_ID
 .data.Patient_Name
                0x200001a4        0xc ./Schiller/Global_Variables.o
                0x200001a4                Patient_Name
 .data.Selected_Energy_Count
                0x200001b0        0x1 ./Schiller/Global_Variables.o
                0x200001b0                Selected_Energy_Count
 .data.Selected_Lead_in_3LEAD
                0x200001b1        0x1 ./Schiller/Global_Variables.o
                0x200001b1                Selected_Lead_in_3LEAD
 .data.Set_Apne
                0x200001b2        0x1 ./Schiller/Global_Variables.o
                0x200001b2                Set_Apne
 .data.User_Event_Types
                0x200001b3      0x14a ./Schiller/Global_Variables.o
                0x200001b3                User_Event_Types
 .data.Even_Dat_FileName1
                0x200002fd        0x6 ./Schiller/SDCard.o
                0x200002fd                Even_Dat_FileName1
 .data.Even_Dat_FileName2
                0x20000303        0x7 ./Schiller/SDCard.o
                0x20000303                Even_Dat_FileName2
 .data.Even_Dat_FileName3
                0x2000030a        0x8 ./Schiller/SDCard.o
                0x2000030a                Even_Dat_FileName3
 .data.CrcTable2
                0x20000312      0x100 ./Schiller/SPO2.o
                0x20000312                CrcTable2
                0x20000414                . = ALIGN (0x4)
 *fill*         0x20000412        0x2 ff
                0x20000414                _edata = .
                [!provide]                PROVIDE (__end_data_RAM = .)
                [!provide]                PROVIDE (__end_data_SRAM_UPPER = .)

.igot.plt       0x20000414        0x0 load address 0x00018324
 .igot.plt      0x20000414        0x0 ./startup/startup_lpc54618.o

.bss_RAM2       0x04000000        0x0
                [!provide]                PROVIDE (__start_bss_RAM2 = .)
                [!provide]                PROVIDE (__start_bss_SRAMX = .)
 *(SORT_BY_ALIGNMENT(.bss.$RAM2))
 *(SORT_BY_ALIGNMENT(.bss.$SRAMX))
 *(SORT_BY_ALIGNMENT(.bss.$RAM2.*))
 *(SORT_BY_ALIGNMENT(.bss.$SRAMX.*))
                0x04000000                . = ALIGN ((. != 0x0)?0x4:0x1)
                [!provide]                PROVIDE (__end_bss_RAM2 = .)
                [!provide]                PROVIDE (__end_bss_SRAMX = .)

.bss_RAM3       0x40100000        0x0
                [!provide]                PROVIDE (__start_bss_RAM3 = .)
                [!provide]                PROVIDE (__start_bss_USB_RAM = .)
 *(SORT_BY_ALIGNMENT(.bss.$RAM3))
 *(SORT_BY_ALIGNMENT(.bss.$USB_RAM))
 *(SORT_BY_ALIGNMENT(.bss.$RAM3.*))
 *(SORT_BY_ALIGNMENT(.bss.$USB_RAM.*))
                0x40100000                . = ALIGN ((. != 0x0)?0x4:0x1)
                [!provide]                PROVIDE (__end_bss_RAM3 = .)
                [!provide]                PROVIDE (__end_bss_USB_RAM = .)

.bss_RAM4       0xa0000000        0x0
                [!provide]                PROVIDE (__start_bss_RAM4 = .)
                [!provide]                PROVIDE (__start_bss_SD_RAM = .)
 *(SORT_BY_ALIGNMENT(.bss.$RAM4))
 *(SORT_BY_ALIGNMENT(.bss.$SD_RAM))
 *(SORT_BY_ALIGNMENT(.bss.$RAM4.*))
 *(SORT_BY_ALIGNMENT(.bss.$SD_RAM.*))
                0xa0000000                . = ALIGN ((. != 0x0)?0x4:0x1)
                [!provide]                PROVIDE (__end_bss_RAM4 = .)
                [!provide]                PROVIDE (__end_bss_SD_RAM = .)

.bss            0x20000418     0xcc00
                0x20000418                _bss = .
                [!provide]                PROVIDE (__start_bss_RAM = .)
                [!provide]                PROVIDE (__start_bss_SRAM_UPPER = .)
 *(SORT_BY_ALIGNMENT(.bss*))
 .bss.FICO2_Val
                0x20000418        0x8 ./Schiller/Global_Variables.o
                0x20000418                FICO2_Val
 .bss.Temp1_Val
                0x20000420        0x8 ./Schiller/Global_Variables.o
                0x20000420                Temp1_Val
 .bss.Temp2_Val
                0x20000428        0x8 ./Schiller/Global_Variables.o
                0x20000428                Temp2_Val
 .bss.FatFs     0x20000430        0xc ./drivers/ff.o
 .bss.s_Audio_Pll_Freq
                0x2000043c        0x4 ./drivers/fsl_clock.o
 .bss.s_Pll_Freq
                0x20000440        0x4 ./drivers/fsl_clock.o
 .bss.s_Usb_Pll_Freq
                0x20000444        0x4 ./drivers/fsl_clock.o
 .bss.s_ctimerCallback
                0x20000448       0x14 ./drivers/fsl_ctimer.o
 .bss.s_DMAHandle
                0x2000045c       0x78 ./drivers/fsl_dma.o
 .bss.s_dmicCallback
                0x200004d4        0x4 ./drivers/fsl_dmic.o
 .bss.s_dmicHwvadCallback
                0x200004d8        0x4 ./drivers/fsl_dmic.o
 .bss.s_ENETHandle
                0x200004dc        0x4 ./drivers/fsl_enet.o
 .bss.s_enetIsr
                0x200004e0        0x4 ./drivers/fsl_enet.o
 .bss.s_flexcommHandle
                0x200004e4       0x28 ./drivers/fsl_flexcomm.o
 .bss.s_flexcommIrqHandler
                0x2000050c       0x28 ./drivers/fsl_flexcomm.o
 .bss.s_gintCallback
                0x20000534        0x8 ./drivers/fsl_gint.o
 .bss.s_pintCallback
                0x2000053c       0x20 ./drivers/fsl_pint.o
 .bss.s_currentEvent
                0x2000055c        0x4 ./drivers/fsl_sctimer.o
 .bss.s_currentMatch
                0x20000560        0x4 ./drivers/fsl_sctimer.o
 .bss.s_currentState
                0x20000564        0x4 ./drivers/fsl_sctimer.o
 .bss.s_eventCallback
                0x20000568       0x28 ./drivers/fsl_sctimer.o
 .bss.s_sctimerIsr
                0x20000590        0x4 ./drivers/fsl_sctimer.o
 .bss.g_sd      0x20000594       0xc0 ./drivers/fsl_sd_disk.o
                0x20000594                g_sd
 .bss.s_sdifHandle
                0x20000654        0x4 ./drivers/fsl_sdif.o
 .bss.s_sdifIsr
                0x20000658        0x4 ./drivers/fsl_sdif.o
 .bss.g_sdmmc   0x2000065c      0x200 ./drivers/fsl_sdmmc_common.o
                0x2000065c                g_sdmmc
 .bss.g_eventTimeMilliseconds
                0x2000085c        0x4 ./drivers/fsl_sdmmc_event.o
                0x2000085c                g_eventTimeMilliseconds
 .bss.ADC_valueforsync
                0x20000860        0x4 ./Schiller/ADC.o
                0x20000860                ADC_valueforsync
 .bss.ADECG1    0x20000864     0x1f40 ./Schiller/ADC.o
                0x20000864                ADECG1
 .bss.adcResultInfoStruct
                0x200027a4       0x10 ./Schiller/ADC.o
                0x200027a4                adcResultInfoStruct
 .bss.adc_ind   0x200027b4        0x4 ./Schiller/ADC.o
                0x200027b4                adc_ind
 .bss.AED_Data_For_Analysis
                0x200027b8     0x2ee0 ./Schiller/AED.o
                0x200027b8                AED_Data_For_Analysis
 .bss.AED_Sample_Count
                0x20005698        0x4 ./Schiller/AED.o
                0x20005698                AED_Sample_Count
 .bss.Current_Cuff_Pressure
                0x2000569c        0x4 ./Schiller/Global_Variables.o
                0x2000569c                Current_Cuff_Pressure
 .bss.Defib_Error1
                0x200056a0        0x4 ./Schiller/Global_Variables.o
                0x200056a0                Defib_Error1
 .bss.Defib_Error2
                0x200056a4        0x4 ./Schiller/Global_Variables.o
                0x200056a4                Defib_Error2
 .bss.Del_Energy
                0x200056a8        0x4 ./Schiller/Global_Variables.o
                0x200056a8                Del_Energy
 .bss.Dia_Lim_Hi
                0x200056ac        0x4 ./Schiller/Global_Variables.o
                0x200056ac                Dia_Lim_Hi
 .bss.Dia_Lim_Lo
                0x200056b0        0x4 ./Schiller/Global_Variables.o
                0x200056b0                Dia_Lim_Lo
 .bss.ECG_4sec_Wm1
                0x200056b4     0x1f40 ./Schiller/Global_Variables.o
                0x200056b4                ECG_4sec_Wm1
 .bss.ECG_4sec_Wm2
                0x200075f4     0x1f40 ./Schiller/Global_Variables.o
                0x200075f4                ECG_4sec_Wm2
 .bss.ECG_4sec_Wm3
                0x20009534     0x1f40 ./Schiller/Global_Variables.o
                0x20009534                ECG_4sec_Wm3
 .bss.ETCO2_Lim_Hi
                0x2000b474        0x4 ./Schiller/Global_Variables.o
                0x2000b474                ETCO2_Lim_Hi
 .bss.ETCO2_Lim_Lo
                0x2000b478        0x4 ./Schiller/Global_Variables.o
                0x2000b478                ETCO2_Lim_Lo
 .bss.ETCO2_Val
                0x2000b47c        0x4 ./Schiller/Global_Variables.o
                0x2000b47c                ETCO2_Val
 .bss.Event_Counter
                0x2000b480        0x4 ./Schiller/Global_Variables.o
                0x2000b480                Event_Counter
 .bss.Event_Ptr
                0x2000b484        0x4 ./Schiller/Global_Variables.o
                0x2000b484                Event_Ptr
 .bss.FICO2_Lim_Hi
                0x2000b488        0x4 ./Schiller/Global_Variables.o
                0x2000b488                FICO2_Lim_Hi
 .bss.FICO2_Lim_Lo
                0x2000b48c        0x4 ./Schiller/Global_Variables.o
                0x2000b48c                FICO2_Lim_Lo
 .bss.HR_Lim_Hi
                0x2000b490        0x4 ./Schiller/Global_Variables.o
                0x2000b490                HR_Lim_Hi
 .bss.HR_Lim_Lo
                0x2000b494        0x4 ./Schiller/Global_Variables.o
                0x2000b494                HR_Lim_Lo
 .bss.HR_Val    0x2000b498        0x4 ./Schiller/Global_Variables.o
                0x2000b498                HR_Val
 .bss.IBP1_Dia_Val
                0x2000b49c        0x4 ./Schiller/Global_Variables.o
                0x2000b49c                IBP1_Dia_Val
 .bss.IBP1_Mean_Val
                0x2000b4a0        0x4 ./Schiller/Global_Variables.o
                0x2000b4a0                IBP1_Mean_Val
 .bss.IBP1_Sys_Val
                0x2000b4a4        0x4 ./Schiller/Global_Variables.o
                0x2000b4a4                IBP1_Sys_Val
 .bss.IBP1_Wm   0x2000b4a8      0x7d0 ./Schiller/Global_Variables.o
                0x2000b4a8                IBP1_Wm
 .bss.IBP2_Dia_Val
                0x2000bc78        0x4 ./Schiller/Global_Variables.o
                0x2000bc78                IBP2_Dia_Val
 .bss.IBP2_Mean_Val
                0x2000bc7c        0x4 ./Schiller/Global_Variables.o
                0x2000bc7c                IBP2_Mean_Val
 .bss.IBP2_Sys_Val
                0x2000bc80        0x4 ./Schiller/Global_Variables.o
                0x2000bc80                IBP2_Sys_Val
 .bss.IBP2_Wm   0x2000bc84      0x7d0 ./Schiller/Global_Variables.o
                0x2000bc84                IBP2_Wm
 .bss.I_Dia1_Lim_Hi
                0x2000c454        0x4 ./Schiller/Global_Variables.o
                0x2000c454                I_Dia1_Lim_Hi
 .bss.I_Dia1_Lim_Lo
                0x2000c458        0x4 ./Schiller/Global_Variables.o
                0x2000c458                I_Dia1_Lim_Lo
 .bss.I_Dia2_Lim_Hi
                0x2000c45c        0x4 ./Schiller/Global_Variables.o